2026-08-10 12:27:37 INFO:	***** Start a BUSCO v5.7.1 analysis, current time: 08/10/2026 12:27:37 *****
2026-08-10 12:27:37 INFO:	Configuring BUSCO with local environment
2026-08-10 12:27:37 INFO:	Running proteins mode
2026-08-10 12:27:37 INFO:	'Force' option selected; overwriting previous results directory
2026-08-10 12:27:37 INFO:	Input file is /bank/ncbi/gnathostome/Tmp/227086/02_filtered/longest_isoform.faa
2026-08-10 12:27:37 INFO:	Running BUSCO using lineage dataset eukaryota_odb10 (eukaryota, 2024-01-08)
2026-08-10 12:27:37 INFO:	***** Run HMMER on gene sequences *****
2026-08-10 12:27:37 INFO:	Running 255 job(s) on hmmsearch, starting at 08/10/2026 12:27:37
2026-08-10 12:27:38 INFO:	[hmmsearch]	26 of 255 task(s) completed
2026-08-10 12:27:38 INFO:	[hmmsearch]	51 of 255 task(s) completed
2026-08-10 12:27:38 INFO:	[hmmsearch]	77 of 255 task(s) completed
2026-08-10 12:27:38 INFO:	[hmmsearch]	128 of 255 task(s) completed
2026-08-10 12:27:38 INFO:	[hmmsearch]	153 of 255 task(s) completed
2026-08-10 12:27:38 INFO:	[hmmsearch]	179 of 255 task(s) completed
2026-08-10 12:27:38 INFO:	[hmmsearch]	204 of 255 task(s) completed
2026-08-10 12:27:38 INFO:	[hmmsearch]	230 of 255 task(s) completed
2026-08-10 12:27:38 INFO:	[hmmsearch]	255 of 255 task(s) completed
2026-08-10 12:27:39 INFO:	

    ---------------------------------------------------
    |Results from dataset eukaryota_odb10              |
    ---------------------------------------------------
    |C:2.4%[S:2.4%,D:0.0%],F:1.2%,M:96.4%,n:255        |
    |6    Complete BUSCOs (C)                          |
    |6    Complete and single-copy BUSCOs (S)          |
    |0    Complete and duplicated BUSCOs (D)           |
    |3    Fragmented BUSCOs (F)                        |
    |246    Missing BUSCOs (M)                         |
    |255    Total BUSCO groups searched                |
    ---------------------------------------------------
2026-08-10 12:27:39 INFO:	BUSCO analysis done. Total running time: 2 seconds
2026-08-10 12:27:39 INFO:	Results written in /bank/ncbi/gnathostome/Tmp/227086/04_busco/busco_227086
2026-08-10 12:27:39 INFO:	For assistance with interpreting the results, please consult the userguide: https://busco.ezlab.org/busco_userguide.html

2026-08-10 12:27:39 INFO:	Visit this page https://gitlab.com/ezlab/busco#how-to-cite-busco to see how to cite BUSCO
