2026-08-10 10:25:06 INFO:	***** Start a BUSCO v5.7.1 analysis, current time: 08/10/2026 10:25:06 *****
2026-08-10 10:25:06 INFO:	Configuring BUSCO with local environment
2026-08-10 10:25:06 INFO:	Running proteins mode
2026-08-10 10:25:06 INFO:	Input file is /bank/ncbi/gnathostome/Tmp/691883/02_filtered/longest_isoform.faa
2026-08-10 10:25:06 INFO:	Running BUSCO using lineage dataset eukaryota_odb10 (eukaryota, 2024-01-08)
2026-08-10 10:25:06 INFO:	***** Run HMMER on gene sequences *****
2026-08-10 10:25:06 INFO:	Running 255 job(s) on hmmsearch, starting at 08/10/2026 10:25:06
2026-08-10 10:25:07 INFO:	[hmmsearch]	26 of 255 task(s) completed
2026-08-10 10:25:08 INFO:	[hmmsearch]	51 of 255 task(s) completed
2026-08-10 10:25:08 INFO:	[hmmsearch]	77 of 255 task(s) completed
2026-08-10 10:25:08 INFO:	[hmmsearch]	102 of 255 task(s) completed
2026-08-10 10:25:09 INFO:	[hmmsearch]	128 of 255 task(s) completed
2026-08-10 10:25:09 INFO:	[hmmsearch]	153 of 255 task(s) completed
2026-08-10 10:25:10 INFO:	[hmmsearch]	179 of 255 task(s) completed
2026-08-10 10:25:11 INFO:	[hmmsearch]	204 of 255 task(s) completed
2026-08-10 10:25:11 INFO:	[hmmsearch]	230 of 255 task(s) completed
2026-08-10 10:25:13 INFO:	[hmmsearch]	255 of 255 task(s) completed
2026-08-10 10:25:13 INFO:	

    ---------------------------------------------------
    |Results from dataset eukaryota_odb10              |
    ---------------------------------------------------
    |C:71.0%[S:71.0%,D:0.0%],F:11.0%,M:18.0%,n:255     |
    |181    Complete BUSCOs (C)                        |
    |181    Complete and single-copy BUSCOs (S)        |
    |0    Complete and duplicated BUSCOs (D)           |
    |28    Fragmented BUSCOs (F)                       |
    |46    Missing BUSCOs (M)                          |
    |255    Total BUSCO groups searched                |
    ---------------------------------------------------
2026-08-10 10:25:13 INFO:	BUSCO analysis done. Total running time: 7 seconds
2026-08-10 10:25:13 INFO:	Results written in /bank/ncbi/gnathostome/Tmp/691883/04_busco/busco_691883
2026-08-10 10:25:13 INFO:	For assistance with interpreting the results, please consult the userguide: https://busco.ezlab.org/busco_userguide.html

2026-08-10 10:25:13 INFO:	Visit this page https://gitlab.com/ezlab/busco#how-to-cite-busco to see how to cite BUSCO
