2026-08-10 11:34:40 INFO:	***** Start a BUSCO v5.7.1 analysis, current time: 08/10/2026 11:34:40 *****
2026-08-10 11:34:40 INFO:	Configuring BUSCO with local environment
2026-08-10 11:34:40 INFO:	Running proteins mode
2026-08-10 11:34:40 INFO:	Input file is /bank/ncbi/gnathostome/Tmp/2769/02_filtered/longest_isoform.faa
2026-08-10 11:34:40 INFO:	Running BUSCO using lineage dataset eukaryota_odb10 (eukaryota, 2024-01-08)
2026-08-10 11:34:40 INFO:	***** Run HMMER on gene sequences *****
2026-08-10 11:34:40 INFO:	Running 255 job(s) on hmmsearch, starting at 08/10/2026 11:34:40
2026-08-10 11:34:41 INFO:	[hmmsearch]	26 of 255 task(s) completed
2026-08-10 11:34:41 INFO:	[hmmsearch]	51 of 255 task(s) completed
2026-08-10 11:34:42 INFO:	[hmmsearch]	77 of 255 task(s) completed
2026-08-10 11:34:42 INFO:	[hmmsearch]	102 of 255 task(s) completed
2026-08-10 11:34:42 INFO:	[hmmsearch]	128 of 255 task(s) completed
2026-08-10 11:34:43 INFO:	[hmmsearch]	153 of 255 task(s) completed
2026-08-10 11:34:44 INFO:	[hmmsearch]	179 of 255 task(s) completed
2026-08-10 11:34:45 INFO:	[hmmsearch]	204 of 255 task(s) completed
2026-08-10 11:34:46 INFO:	[hmmsearch]	230 of 255 task(s) completed
2026-08-10 11:34:47 INFO:	[hmmsearch]	255 of 255 task(s) completed
2026-08-10 11:34:48 INFO:	

    ---------------------------------------------------
    |Results from dataset eukaryota_odb10              |
    ---------------------------------------------------
    |C:63.2%[S:62.0%,D:1.2%],F:8.2%,M:28.6%,n:255      |
    |161    Complete BUSCOs (C)                        |
    |158    Complete and single-copy BUSCOs (S)        |
    |3    Complete and duplicated BUSCOs (D)           |
    |21    Fragmented BUSCOs (F)                       |
    |73    Missing BUSCOs (M)                          |
    |255    Total BUSCO groups searched                |
    ---------------------------------------------------
2026-08-10 11:34:48 INFO:	BUSCO analysis done. Total running time: 8 seconds
2026-08-10 11:34:48 INFO:	Results written in /bank/ncbi/gnathostome/Tmp/2769/04_busco/busco_2769
2026-08-10 11:34:48 INFO:	For assistance with interpreting the results, please consult the userguide: https://busco.ezlab.org/busco_userguide.html

2026-08-10 11:34:48 INFO:	Visit this page https://gitlab.com/ezlab/busco#how-to-cite-busco to see how to cite BUSCO
