2026-08-10 11:08:23 INFO:	***** Start a BUSCO v5.7.1 analysis, current time: 08/10/2026 11:08:23 *****
2026-08-10 11:08:23 INFO:	Configuring BUSCO with local environment
2026-08-10 11:08:23 INFO:	Running proteins mode
2026-08-10 11:08:23 INFO:	Input file is /bank/ncbi/gnathostome/Tmp/7091/02_filtered/longest_isoform.faa
2026-08-10 11:08:23 INFO:	Running BUSCO using lineage dataset eukaryota_odb10 (eukaryota, 2024-01-08)
2026-08-10 11:08:23 INFO:	***** Run HMMER on gene sequences *****
2026-08-10 11:08:23 INFO:	Running 255 job(s) on hmmsearch, starting at 08/10/2026 11:08:23
2026-08-10 11:08:24 INFO:	[hmmsearch]	26 of 255 task(s) completed
2026-08-10 11:08:25 INFO:	[hmmsearch]	51 of 255 task(s) completed
2026-08-10 11:08:26 INFO:	[hmmsearch]	77 of 255 task(s) completed
2026-08-10 11:08:26 INFO:	[hmmsearch]	102 of 255 task(s) completed
2026-08-10 11:08:27 INFO:	[hmmsearch]	128 of 255 task(s) completed
2026-08-10 11:08:28 INFO:	[hmmsearch]	153 of 255 task(s) completed
2026-08-10 11:08:29 INFO:	[hmmsearch]	179 of 255 task(s) completed
2026-08-10 11:08:31 INFO:	[hmmsearch]	204 of 255 task(s) completed
2026-08-10 11:08:32 INFO:	[hmmsearch]	230 of 255 task(s) completed
2026-08-10 11:08:35 INFO:	[hmmsearch]	255 of 255 task(s) completed
2026-08-10 11:08:36 INFO:	

    ---------------------------------------------------
    |Results from dataset eukaryota_odb10              |
    ---------------------------------------------------
    |C:99.2%[S:98.4%,D:0.8%],F:0.0%,M:0.8%,n:255       |
    |253    Complete BUSCOs (C)                        |
    |251    Complete and single-copy BUSCOs (S)        |
    |2    Complete and duplicated BUSCOs (D)           |
    |0    Fragmented BUSCOs (F)                        |
    |2    Missing BUSCOs (M)                           |
    |255    Total BUSCO groups searched                |
    ---------------------------------------------------
2026-08-10 11:08:36 INFO:	BUSCO analysis done. Total running time: 13 seconds
2026-08-10 11:08:36 INFO:	Results written in /bank/ncbi/gnathostome/Tmp/7091/04_busco/busco_7091
2026-08-10 11:08:36 INFO:	For assistance with interpreting the results, please consult the userguide: https://busco.ezlab.org/busco_userguide.html

2026-08-10 11:08:36 INFO:	Visit this page https://gitlab.com/ezlab/busco#how-to-cite-busco to see how to cite BUSCO
