2026-08-10 10:38:06 INFO:	***** Start a BUSCO v5.7.1 analysis, current time: 08/10/2026 10:38:06 *****
2026-08-10 10:38:06 INFO:	Configuring BUSCO with local environment
2026-08-10 10:38:06 INFO:	Running proteins mode
2026-08-10 10:38:06 INFO:	Input file is /bank/ncbi/gnathostome/Tmp/946362/02_filtered/longest_isoform.faa
2026-08-10 10:38:06 INFO:	Running BUSCO using lineage dataset eukaryota_odb10 (eukaryota, 2024-01-08)
2026-08-10 10:38:06 INFO:	***** Run HMMER on gene sequences *****
2026-08-10 10:38:06 INFO:	Running 255 job(s) on hmmsearch, starting at 08/10/2026 10:38:06
2026-08-10 10:38:07 INFO:	[hmmsearch]	26 of 255 task(s) completed
2026-08-10 10:38:08 INFO:	[hmmsearch]	51 of 255 task(s) completed
2026-08-10 10:38:09 INFO:	[hmmsearch]	77 of 255 task(s) completed
2026-08-10 10:38:10 INFO:	[hmmsearch]	102 of 255 task(s) completed
2026-08-10 10:38:11 INFO:	[hmmsearch]	128 of 255 task(s) completed
2026-08-10 10:38:12 INFO:	[hmmsearch]	153 of 255 task(s) completed
2026-08-10 10:38:15 INFO:	[hmmsearch]	179 of 255 task(s) completed
2026-08-10 10:38:16 INFO:	[hmmsearch]	204 of 255 task(s) completed
2026-08-10 10:38:18 INFO:	[hmmsearch]	230 of 255 task(s) completed
2026-08-10 10:38:23 INFO:	[hmmsearch]	255 of 255 task(s) completed
2026-08-10 10:38:23 INFO:	

    ---------------------------------------------------
    |Results from dataset eukaryota_odb10              |
    ---------------------------------------------------
    |C:82.8%[S:82.4%,D:0.4%],F:7.5%,M:9.7%,n:255       |
    |211    Complete BUSCOs (C)                        |
    |210    Complete and single-copy BUSCOs (S)        |
    |1    Complete and duplicated BUSCOs (D)           |
    |19    Fragmented BUSCOs (F)                       |
    |25    Missing BUSCOs (M)                          |
    |255    Total BUSCO groups searched                |
    ---------------------------------------------------
2026-08-10 10:38:23 INFO:	BUSCO analysis done. Total running time: 18 seconds
2026-08-10 10:38:23 INFO:	Results written in /bank/ncbi/gnathostome/Tmp/946362/04_busco/busco_946362
2026-08-10 10:38:23 INFO:	For assistance with interpreting the results, please consult the userguide: https://busco.ezlab.org/busco_userguide.html

2026-08-10 10:38:23 INFO:	Visit this page https://gitlab.com/ezlab/busco#how-to-cite-busco to see how to cite BUSCO
