2026-08-10 10:59:45 INFO:	***** Start a BUSCO v5.7.1 analysis, current time: 08/10/2026 10:59:45 *****
2026-08-10 10:59:45 INFO:	Configuring BUSCO with local environment
2026-08-10 10:59:45 INFO:	Running proteins mode
2026-08-10 10:59:45 INFO:	Input file is /bank/ncbi/gnathostome/Tmp/7897/02_filtered/longest_isoform.faa
2026-08-10 10:59:45 INFO:	Running BUSCO using lineage dataset eukaryota_odb10 (eukaryota, 2024-01-08)
2026-08-10 10:59:45 INFO:	***** Run HMMER on gene sequences *****
2026-08-10 10:59:45 INFO:	Running 255 job(s) on hmmsearch, starting at 08/10/2026 10:59:45
2026-08-10 10:59:47 INFO:	[hmmsearch]	26 of 255 task(s) completed
2026-08-10 10:59:49 INFO:	[hmmsearch]	51 of 255 task(s) completed
2026-08-10 10:59:50 INFO:	[hmmsearch]	77 of 255 task(s) completed
2026-08-10 10:59:51 INFO:	[hmmsearch]	102 of 255 task(s) completed
2026-08-10 10:59:52 INFO:	[hmmsearch]	128 of 255 task(s) completed
2026-08-10 10:59:54 INFO:	[hmmsearch]	153 of 255 task(s) completed
2026-08-10 10:59:56 INFO:	[hmmsearch]	179 of 255 task(s) completed
2026-08-10 10:59:58 INFO:	[hmmsearch]	204 of 255 task(s) completed
2026-08-10 11:00:00 INFO:	[hmmsearch]	230 of 255 task(s) completed
2026-08-10 11:00:08 INFO:	[hmmsearch]	255 of 255 task(s) completed
2026-08-10 11:00:09 INFO:	

    ---------------------------------------------------
    |Results from dataset eukaryota_odb10              |
    ---------------------------------------------------
    |C:100.0%[S:98.0%,D:2.0%],F:0.0%,M:0.0%,n:255      |
    |255    Complete BUSCOs (C)                        |
    |250    Complete and single-copy BUSCOs (S)        |
    |5    Complete and duplicated BUSCOs (D)           |
    |0    Fragmented BUSCOs (F)                        |
    |0    Missing BUSCOs (M)                           |
    |255    Total BUSCO groups searched                |
    ---------------------------------------------------
2026-08-10 11:00:09 INFO:	BUSCO analysis done. Total running time: 24 seconds
2026-08-10 11:00:09 INFO:	Results written in /bank/ncbi/gnathostome/Tmp/7897/04_busco/busco_7897
2026-08-10 11:00:09 INFO:	For assistance with interpreting the results, please consult the userguide: https://busco.ezlab.org/busco_userguide.html

2026-08-10 11:00:09 INFO:	Visit this page https://gitlab.com/ezlab/busco#how-to-cite-busco to see how to cite BUSCO
