2026-08-10 11:19:40 INFO:	***** Start a BUSCO v5.7.1 analysis, current time: 08/10/2026 11:19:40 *****
2026-08-10 11:19:40 INFO:	Configuring BUSCO with local environment
2026-08-10 11:19:40 INFO:	Running proteins mode
2026-08-10 11:19:40 INFO:	Input file is /bank/ncbi/gnathostome/Tmp/5762/02_filtered/longest_isoform.faa
2026-08-10 11:19:40 INFO:	Running BUSCO using lineage dataset eukaryota_odb10 (eukaryota, 2024-01-08)
2026-08-10 11:19:40 INFO:	***** Run HMMER on gene sequences *****
2026-08-10 11:19:40 INFO:	Running 255 job(s) on hmmsearch, starting at 08/10/2026 11:19:40
2026-08-10 11:19:42 INFO:	[hmmsearch]	26 of 255 task(s) completed
2026-08-10 11:19:43 INFO:	[hmmsearch]	51 of 255 task(s) completed
2026-08-10 11:19:44 INFO:	[hmmsearch]	77 of 255 task(s) completed
2026-08-10 11:19:44 INFO:	[hmmsearch]	102 of 255 task(s) completed
2026-08-10 11:19:45 INFO:	[hmmsearch]	128 of 255 task(s) completed
2026-08-10 11:19:46 INFO:	[hmmsearch]	153 of 255 task(s) completed
2026-08-10 11:19:48 INFO:	[hmmsearch]	179 of 255 task(s) completed
2026-08-10 11:19:49 INFO:	[hmmsearch]	204 of 255 task(s) completed
2026-08-10 11:19:50 INFO:	[hmmsearch]	230 of 255 task(s) completed
2026-08-10 11:19:52 INFO:	[hmmsearch]	255 of 255 task(s) completed
2026-08-10 11:19:53 INFO:	

    ---------------------------------------------------
    |Results from dataset eukaryota_odb10              |
    ---------------------------------------------------
    |C:76.9%[S:75.3%,D:1.6%],F:11.0%,M:12.1%,n:255     |
    |196    Complete BUSCOs (C)                        |
    |192    Complete and single-copy BUSCOs (S)        |
    |4    Complete and duplicated BUSCOs (D)           |
    |28    Fragmented BUSCOs (F)                       |
    |31    Missing BUSCOs (M)                          |
    |255    Total BUSCO groups searched                |
    ---------------------------------------------------
2026-08-10 11:19:53 INFO:	BUSCO analysis done. Total running time: 12 seconds
2026-08-10 11:19:53 INFO:	Results written in /bank/ncbi/gnathostome/Tmp/5762/04_busco/busco_5762
2026-08-10 11:19:53 INFO:	For assistance with interpreting the results, please consult the userguide: https://busco.ezlab.org/busco_userguide.html

2026-08-10 11:19:53 INFO:	Visit this page https://gitlab.com/ezlab/busco#how-to-cite-busco to see how to cite BUSCO
