2026-08-10 11:27:58 INFO:	***** Start a BUSCO v5.7.1 analysis, current time: 08/10/2026 11:27:58 *****
2026-08-10 11:27:58 INFO:	Configuring BUSCO with local environment
2026-08-10 11:27:58 INFO:	Running proteins mode
2026-08-10 11:27:58 INFO:	Input file is /bank/ncbi/gnathostome/Tmp/296543/02_filtered/longest_isoform.faa
2026-08-10 11:27:58 INFO:	Running BUSCO using lineage dataset eukaryota_odb10 (eukaryota, 2024-01-08)
2026-08-10 11:27:58 INFO:	***** Run HMMER on gene sequences *****
2026-08-10 11:27:58 INFO:	Running 255 job(s) on hmmsearch, starting at 08/10/2026 11:27:58
2026-08-10 11:28:00 INFO:	[hmmsearch]	26 of 255 task(s) completed
2026-08-10 11:28:01 INFO:	[hmmsearch]	51 of 255 task(s) completed
2026-08-10 11:28:01 INFO:	[hmmsearch]	77 of 255 task(s) completed
2026-08-10 11:28:01 INFO:	[hmmsearch]	102 of 255 task(s) completed
2026-08-10 11:28:02 INFO:	[hmmsearch]	128 of 255 task(s) completed
2026-08-10 11:28:03 INFO:	[hmmsearch]	153 of 255 task(s) completed
2026-08-10 11:28:04 INFO:	[hmmsearch]	179 of 255 task(s) completed
2026-08-10 11:28:04 INFO:	[hmmsearch]	204 of 255 task(s) completed
2026-08-10 11:28:05 INFO:	[hmmsearch]	230 of 255 task(s) completed
2026-08-10 11:28:07 INFO:	[hmmsearch]	255 of 255 task(s) completed
2026-08-10 11:28:08 INFO:	

    ---------------------------------------------------
    |Results from dataset eukaryota_odb10              |
    ---------------------------------------------------
    |C:71.4%[S:69.4%,D:2.0%],F:10.6%,M:18.0%,n:255     |
    |182    Complete BUSCOs (C)                        |
    |177    Complete and single-copy BUSCOs (S)        |
    |5    Complete and duplicated BUSCOs (D)           |
    |27    Fragmented BUSCOs (F)                       |
    |46    Missing BUSCOs (M)                          |
    |255    Total BUSCO groups searched                |
    ---------------------------------------------------
2026-08-10 11:28:08 INFO:	BUSCO analysis done. Total running time: 9 seconds
2026-08-10 11:28:08 INFO:	Results written in /bank/ncbi/gnathostome/Tmp/296543/04_busco/busco_296543
2026-08-10 11:28:08 INFO:	For assistance with interpreting the results, please consult the userguide: https://busco.ezlab.org/busco_userguide.html

2026-08-10 11:28:08 INFO:	Visit this page https://gitlab.com/ezlab/busco#how-to-cite-busco to see how to cite BUSCO
