2026-08-10 10:37:21 INFO:	***** Start a BUSCO v5.7.1 analysis, current time: 08/10/2026 10:37:21 *****
2026-08-10 10:37:21 INFO:	Configuring BUSCO with local environment
2026-08-10 10:37:21 INFO:	Running proteins mode
2026-08-10 10:37:21 INFO:	Input file is /bank/ncbi/gnathostome/Tmp/595528/02_filtered/longest_isoform.faa
2026-08-10 10:37:21 INFO:	Running BUSCO using lineage dataset eukaryota_odb10 (eukaryota, 2024-01-08)
2026-08-10 10:37:21 INFO:	***** Run HMMER on gene sequences *****
2026-08-10 10:37:21 INFO:	Running 255 job(s) on hmmsearch, starting at 08/10/2026 10:37:21
2026-08-10 10:37:22 INFO:	[hmmsearch]	26 of 255 task(s) completed
2026-08-10 10:37:23 INFO:	[hmmsearch]	51 of 255 task(s) completed
2026-08-10 10:37:23 INFO:	[hmmsearch]	77 of 255 task(s) completed
2026-08-10 10:37:24 INFO:	[hmmsearch]	102 of 255 task(s) completed
2026-08-10 10:37:24 INFO:	[hmmsearch]	128 of 255 task(s) completed
2026-08-10 10:37:25 INFO:	[hmmsearch]	153 of 255 task(s) completed
2026-08-10 10:37:26 INFO:	[hmmsearch]	179 of 255 task(s) completed
2026-08-10 10:37:27 INFO:	[hmmsearch]	204 of 255 task(s) completed
2026-08-10 10:37:28 INFO:	[hmmsearch]	230 of 255 task(s) completed
2026-08-10 10:37:30 INFO:	[hmmsearch]	255 of 255 task(s) completed
2026-08-10 10:37:31 INFO:	

    ---------------------------------------------------
    |Results from dataset eukaryota_odb10              |
    ---------------------------------------------------
    |C:91.8%[S:91.0%,D:0.8%],F:3.9%,M:4.3%,n:255       |
    |234    Complete BUSCOs (C)                        |
    |232    Complete and single-copy BUSCOs (S)        |
    |2    Complete and duplicated BUSCOs (D)           |
    |10    Fragmented BUSCOs (F)                       |
    |11    Missing BUSCOs (M)                          |
    |255    Total BUSCO groups searched                |
    ---------------------------------------------------
2026-08-10 10:37:31 INFO:	BUSCO analysis done. Total running time: 10 seconds
2026-08-10 10:37:31 INFO:	Results written in /bank/ncbi/gnathostome/Tmp/595528/04_busco/busco_595528
2026-08-10 10:37:31 INFO:	For assistance with interpreting the results, please consult the userguide: https://busco.ezlab.org/busco_userguide.html

2026-08-10 10:37:31 INFO:	Visit this page https://gitlab.com/ezlab/busco#how-to-cite-busco to see how to cite BUSCO
