2026-08-10 11:27:50 INFO:	***** Start a BUSCO v5.7.1 analysis, current time: 08/10/2026 11:27:50 *****
2026-08-10 11:27:50 INFO:	Configuring BUSCO with local environment
2026-08-10 11:27:50 INFO:	Running proteins mode
2026-08-10 11:27:50 INFO:	Input file is /bank/ncbi/gnathostome/Tmp/556484/02_filtered/longest_isoform.faa
2026-08-10 11:27:50 INFO:	Running BUSCO using lineage dataset eukaryota_odb10 (eukaryota, 2024-01-08)
2026-08-10 11:27:50 INFO:	***** Run HMMER on gene sequences *****
2026-08-10 11:27:50 INFO:	Running 255 job(s) on hmmsearch, starting at 08/10/2026 11:27:50
2026-08-10 11:27:51 INFO:	[hmmsearch]	26 of 255 task(s) completed
2026-08-10 11:27:52 INFO:	[hmmsearch]	51 of 255 task(s) completed
2026-08-10 11:27:52 INFO:	[hmmsearch]	77 of 255 task(s) completed
2026-08-10 11:27:53 INFO:	[hmmsearch]	102 of 255 task(s) completed
2026-08-10 11:27:53 INFO:	[hmmsearch]	128 of 255 task(s) completed
2026-08-10 11:27:54 INFO:	[hmmsearch]	153 of 255 task(s) completed
2026-08-10 11:27:55 INFO:	[hmmsearch]	179 of 255 task(s) completed
2026-08-10 11:27:55 INFO:	[hmmsearch]	204 of 255 task(s) completed
2026-08-10 11:27:57 INFO:	[hmmsearch]	255 of 255 task(s) completed
2026-08-10 11:27:58 INFO:	

    ---------------------------------------------------
    |Results from dataset eukaryota_odb10              |
    ---------------------------------------------------
    |C:76.9%[S:76.1%,D:0.8%],F:7.8%,M:15.3%,n:255      |
    |196    Complete BUSCOs (C)                        |
    |194    Complete and single-copy BUSCOs (S)        |
    |2    Complete and duplicated BUSCOs (D)           |
    |20    Fragmented BUSCOs (F)                       |
    |39    Missing BUSCOs (M)                          |
    |255    Total BUSCO groups searched                |
    ---------------------------------------------------
2026-08-10 11:27:58 INFO:	BUSCO analysis done. Total running time: 8 seconds
2026-08-10 11:27:58 INFO:	Results written in /bank/ncbi/gnathostome/Tmp/556484/04_busco/busco_556484
2026-08-10 11:27:58 INFO:	For assistance with interpreting the results, please consult the userguide: https://busco.ezlab.org/busco_userguide.html

2026-08-10 11:27:58 INFO:	Visit this page https://gitlab.com/ezlab/busco#how-to-cite-busco to see how to cite BUSCO
