2026-08-10 11:13:00 INFO:	***** Start a BUSCO v5.7.1 analysis, current time: 08/10/2026 11:13:00 *****
2026-08-10 11:13:00 INFO:	Configuring BUSCO with local environment
2026-08-10 11:13:00 INFO:	Running proteins mode
2026-08-10 11:13:00 INFO:	Input file is /bank/ncbi/gnathostome/Tmp/6183/02_filtered/longest_isoform.faa
2026-08-10 11:13:00 INFO:	Running BUSCO using lineage dataset eukaryota_odb10 (eukaryota, 2024-01-08)
2026-08-10 11:13:00 INFO:	***** Run HMMER on gene sequences *****
2026-08-10 11:13:00 INFO:	Running 255 job(s) on hmmsearch, starting at 08/10/2026 11:13:00
2026-08-10 11:13:01 INFO:	[hmmsearch]	26 of 255 task(s) completed
2026-08-10 11:13:02 INFO:	[hmmsearch]	51 of 255 task(s) completed
2026-08-10 11:13:02 INFO:	[hmmsearch]	77 of 255 task(s) completed
2026-08-10 11:13:03 INFO:	[hmmsearch]	102 of 255 task(s) completed
2026-08-10 11:13:03 INFO:	[hmmsearch]	128 of 255 task(s) completed
2026-08-10 11:13:04 INFO:	[hmmsearch]	153 of 255 task(s) completed
2026-08-10 11:13:05 INFO:	[hmmsearch]	179 of 255 task(s) completed
2026-08-10 11:13:06 INFO:	[hmmsearch]	204 of 255 task(s) completed
2026-08-10 11:13:06 INFO:	[hmmsearch]	230 of 255 task(s) completed
2026-08-10 11:13:08 INFO:	[hmmsearch]	255 of 255 task(s) completed
2026-08-10 11:13:09 INFO:	

    ---------------------------------------------------
    |Results from dataset eukaryota_odb10              |
    ---------------------------------------------------
    |C:85.9%[S:85.5%,D:0.4%],F:8.2%,M:5.9%,n:255       |
    |219    Complete BUSCOs (C)                        |
    |218    Complete and single-copy BUSCOs (S)        |
    |1    Complete and duplicated BUSCOs (D)           |
    |21    Fragmented BUSCOs (F)                       |
    |15    Missing BUSCOs (M)                          |
    |255    Total BUSCO groups searched                |
    ---------------------------------------------------
2026-08-10 11:13:09 INFO:	BUSCO analysis done. Total running time: 9 seconds
2026-08-10 11:13:09 INFO:	Results written in /bank/ncbi/gnathostome/Tmp/6183/04_busco/busco_6183
2026-08-10 11:13:09 INFO:	For assistance with interpreting the results, please consult the userguide: https://busco.ezlab.org/busco_userguide.html

2026-08-10 11:13:09 INFO:	Visit this page https://gitlab.com/ezlab/busco#how-to-cite-busco to see how to cite BUSCO
