2026-08-10 11:40:48 INFO:	***** Start a BUSCO v5.7.1 analysis, current time: 08/10/2026 11:40:48 *****
2026-08-10 11:40:48 INFO:	Configuring BUSCO with local environment
2026-08-10 11:40:48 INFO:	Running proteins mode
2026-08-10 11:40:48 INFO:	Input file is /bank/ncbi/gnathostome/Tmp/13333/02_filtered/longest_isoform.faa
2026-08-10 11:40:48 INFO:	Running BUSCO using lineage dataset eukaryota_odb10 (eukaryota, 2024-01-08)
2026-08-10 11:40:48 INFO:	***** Run HMMER on gene sequences *****
2026-08-10 11:40:48 INFO:	Running 255 job(s) on hmmsearch, starting at 08/10/2026 11:40:48
2026-08-10 11:40:50 INFO:	[hmmsearch]	26 of 255 task(s) completed
2026-08-10 11:40:51 INFO:	[hmmsearch]	51 of 255 task(s) completed
2026-08-10 11:40:52 INFO:	[hmmsearch]	77 of 255 task(s) completed
2026-08-10 11:40:53 INFO:	[hmmsearch]	102 of 255 task(s) completed
2026-08-10 11:40:54 INFO:	[hmmsearch]	128 of 255 task(s) completed
2026-08-10 11:40:55 INFO:	[hmmsearch]	153 of 255 task(s) completed
2026-08-10 11:40:58 INFO:	[hmmsearch]	179 of 255 task(s) completed
2026-08-10 11:40:59 INFO:	[hmmsearch]	204 of 255 task(s) completed
2026-08-10 11:41:00 INFO:	[hmmsearch]	230 of 255 task(s) completed
2026-08-10 11:41:02 INFO:	[hmmsearch]	255 of 255 task(s) completed
2026-08-10 11:41:03 INFO:	

    ---------------------------------------------------
    |Results from dataset eukaryota_odb10              |
    ---------------------------------------------------
    |C:100.0%[S:94.1%,D:5.9%],F:0.0%,M:0.0%,n:255      |
    |255    Complete BUSCOs (C)                        |
    |240    Complete and single-copy BUSCOs (S)        |
    |15    Complete and duplicated BUSCOs (D)          |
    |0    Fragmented BUSCOs (F)                        |
    |0    Missing BUSCOs (M)                           |
    |255    Total BUSCO groups searched                |
    ---------------------------------------------------
2026-08-10 11:41:03 INFO:	BUSCO analysis done. Total running time: 15 seconds
2026-08-10 11:41:03 INFO:	Results written in /bank/ncbi/gnathostome/Tmp/13333/04_busco/busco_13333
2026-08-10 11:41:03 INFO:	For assistance with interpreting the results, please consult the userguide: https://busco.ezlab.org/busco_userguide.html

2026-08-10 11:41:03 INFO:	Visit this page https://gitlab.com/ezlab/busco#how-to-cite-busco to see how to cite BUSCO
