2026-08-10 10:25:10 INFO:	***** Start a BUSCO v5.7.1 analysis, current time: 08/10/2026 10:25:10 *****
2026-08-10 10:25:10 INFO:	Configuring BUSCO with local environment
2026-08-10 10:25:10 INFO:	Running proteins mode
2026-08-10 10:25:10 INFO:	Input file is /bank/ncbi/gnathostome/Tmp/461836/02_filtered/longest_isoform.faa
2026-08-10 10:25:10 INFO:	Running BUSCO using lineage dataset eukaryota_odb10 (eukaryota, 2024-01-08)
2026-08-10 10:25:10 INFO:	***** Run HMMER on gene sequences *****
2026-08-10 10:25:10 INFO:	Running 255 job(s) on hmmsearch, starting at 08/10/2026 10:25:10
2026-08-10 10:25:12 INFO:	[hmmsearch]	26 of 255 task(s) completed
2026-08-10 10:25:12 INFO:	[hmmsearch]	51 of 255 task(s) completed
2026-08-10 10:25:13 INFO:	[hmmsearch]	77 of 255 task(s) completed
2026-08-10 10:25:13 INFO:	[hmmsearch]	102 of 255 task(s) completed
2026-08-10 10:25:14 INFO:	[hmmsearch]	128 of 255 task(s) completed
2026-08-10 10:25:15 INFO:	[hmmsearch]	153 of 255 task(s) completed
2026-08-10 10:25:17 INFO:	[hmmsearch]	179 of 255 task(s) completed
2026-08-10 10:25:18 INFO:	[hmmsearch]	204 of 255 task(s) completed
2026-08-10 10:25:19 INFO:	[hmmsearch]	230 of 255 task(s) completed
2026-08-10 10:25:26 INFO:	[hmmsearch]	255 of 255 task(s) completed
2026-08-10 10:25:27 INFO:	

    ---------------------------------------------------
    |Results from dataset eukaryota_odb10              |
    ---------------------------------------------------
    |C:81.2%[S:80.8%,D:0.4%],F:7.8%,M:11.0%,n:255      |
    |207    Complete BUSCOs (C)                        |
    |206    Complete and single-copy BUSCOs (S)        |
    |1    Complete and duplicated BUSCOs (D)           |
    |20    Fragmented BUSCOs (F)                       |
    |28    Missing BUSCOs (M)                          |
    |255    Total BUSCO groups searched                |
    ---------------------------------------------------
2026-08-10 10:25:27 INFO:	BUSCO analysis done. Total running time: 17 seconds
2026-08-10 10:25:27 INFO:	Results written in /bank/ncbi/gnathostome/Tmp/461836/04_busco/busco_461836
2026-08-10 10:25:27 INFO:	For assistance with interpreting the results, please consult the userguide: https://busco.ezlab.org/busco_userguide.html

2026-08-10 10:25:27 INFO:	Visit this page https://gitlab.com/ezlab/busco#how-to-cite-busco to see how to cite BUSCO
