2026-08-10 11:31:04 INFO:	***** Start a BUSCO v5.7.1 analysis, current time: 08/10/2026 11:31:04 *****
2026-08-10 11:31:04 INFO:	Configuring BUSCO with local environment
2026-08-10 11:31:04 INFO:	Running proteins mode
2026-08-10 11:31:04 INFO:	Input file is /bank/ncbi/gnathostome/Tmp/36329/02_filtered/longest_isoform.faa
2026-08-10 11:31:04 INFO:	Running BUSCO using lineage dataset eukaryota_odb10 (eukaryota, 2024-01-08)
2026-08-10 11:31:04 INFO:	***** Run HMMER on gene sequences *****
2026-08-10 11:31:04 INFO:	Running 255 job(s) on hmmsearch, starting at 08/10/2026 11:31:04
2026-08-10 11:31:05 INFO:	[hmmsearch]	26 of 255 task(s) completed
2026-08-10 11:31:05 INFO:	[hmmsearch]	51 of 255 task(s) completed
2026-08-10 11:31:06 INFO:	[hmmsearch]	77 of 255 task(s) completed
2026-08-10 11:31:06 INFO:	[hmmsearch]	102 of 255 task(s) completed
2026-08-10 11:31:06 INFO:	[hmmsearch]	128 of 255 task(s) completed
2026-08-10 11:31:07 INFO:	[hmmsearch]	153 of 255 task(s) completed
2026-08-10 11:31:08 INFO:	[hmmsearch]	179 of 255 task(s) completed
2026-08-10 11:31:08 INFO:	[hmmsearch]	204 of 255 task(s) completed
2026-08-10 11:31:09 INFO:	[hmmsearch]	230 of 255 task(s) completed
2026-08-10 11:31:10 INFO:	[hmmsearch]	255 of 255 task(s) completed
2026-08-10 11:31:11 INFO:	

    ---------------------------------------------------
    |Results from dataset eukaryota_odb10              |
    ---------------------------------------------------
    |C:54.5%[S:53.7%,D:0.8%],F:5.5%,M:40.0%,n:255      |
    |139    Complete BUSCOs (C)                        |
    |137    Complete and single-copy BUSCOs (S)        |
    |2    Complete and duplicated BUSCOs (D)           |
    |14    Fragmented BUSCOs (F)                       |
    |102    Missing BUSCOs (M)                         |
    |255    Total BUSCO groups searched                |
    ---------------------------------------------------
2026-08-10 11:31:11 INFO:	BUSCO analysis done. Total running time: 7 seconds
2026-08-10 11:31:11 INFO:	Results written in /bank/ncbi/gnathostome/Tmp/36329/04_busco/busco_36329
2026-08-10 11:31:11 INFO:	For assistance with interpreting the results, please consult the userguide: https://busco.ezlab.org/busco_userguide.html

2026-08-10 11:31:11 INFO:	Visit this page https://gitlab.com/ezlab/busco#how-to-cite-busco to see how to cite BUSCO
