2026-08-10 11:42:09 INFO:	***** Start a BUSCO v5.7.1 analysis, current time: 08/10/2026 11:42:09 *****
2026-08-10 11:42:09 INFO:	Configuring BUSCO with local environment
2026-08-10 11:42:09 INFO:	Running proteins mode
2026-08-10 11:42:09 INFO:	Input file is /bank/ncbi/gnathostome/Tmp/280463/02_filtered/longest_isoform.faa
2026-08-10 11:42:09 INFO:	Running BUSCO using lineage dataset eukaryota_odb10 (eukaryota, 2024-01-08)
2026-08-10 11:42:09 INFO:	***** Run HMMER on gene sequences *****
2026-08-10 11:42:09 INFO:	Running 255 job(s) on hmmsearch, starting at 08/10/2026 11:42:09
2026-08-10 11:42:12 INFO:	[hmmsearch]	26 of 255 task(s) completed
2026-08-10 11:42:12 INFO:	[hmmsearch]	51 of 255 task(s) completed
2026-08-10 11:42:13 INFO:	[hmmsearch]	77 of 255 task(s) completed
2026-08-10 11:42:14 INFO:	[hmmsearch]	102 of 255 task(s) completed
2026-08-10 11:42:15 INFO:	[hmmsearch]	128 of 255 task(s) completed
2026-08-10 11:42:17 INFO:	[hmmsearch]	153 of 255 task(s) completed
2026-08-10 11:42:19 INFO:	[hmmsearch]	179 of 255 task(s) completed
2026-08-10 11:42:21 INFO:	[hmmsearch]	204 of 255 task(s) completed
2026-08-10 11:42:22 INFO:	[hmmsearch]	230 of 255 task(s) completed
2026-08-10 11:42:24 INFO:	[hmmsearch]	255 of 255 task(s) completed
2026-08-10 11:42:24 INFO:	

    ----------------------------------------------------
    |Results from dataset eukaryota_odb10               |
    ----------------------------------------------------
    |C:56.5%[S:40.8%,D:15.7%],F:17.3%,M:26.2%,n:255     |
    |144    Complete BUSCOs (C)                         |
    |104    Complete and single-copy BUSCOs (S)         |
    |40    Complete and duplicated BUSCOs (D)           |
    |44    Fragmented BUSCOs (F)                        |
    |67    Missing BUSCOs (M)                           |
    |255    Total BUSCO groups searched                 |
    ----------------------------------------------------
2026-08-10 11:42:24 INFO:	BUSCO analysis done. Total running time: 16 seconds
2026-08-10 11:42:24 INFO:	Results written in /bank/ncbi/gnathostome/Tmp/280463/04_busco/busco_280463
2026-08-10 11:42:24 INFO:	For assistance with interpreting the results, please consult the userguide: https://busco.ezlab.org/busco_userguide.html

2026-08-10 11:42:24 INFO:	Visit this page https://gitlab.com/ezlab/busco#how-to-cite-busco to see how to cite BUSCO
