2026-08-10 11:12:11 INFO:	***** Start a BUSCO v5.7.1 analysis, current time: 08/10/2026 11:12:11 *****
2026-08-10 11:12:11 INFO:	Configuring BUSCO with local environment
2026-08-10 11:12:11 INFO:	Running proteins mode
2026-08-10 11:12:11 INFO:	Input file is /bank/ncbi/gnathostome/Tmp/7574/02_filtered/longest_isoform.faa
2026-08-10 11:12:11 INFO:	Running BUSCO using lineage dataset eukaryota_odb10 (eukaryota, 2024-01-08)
2026-08-10 11:12:11 INFO:	***** Run HMMER on gene sequences *****
2026-08-10 11:12:11 INFO:	Running 255 job(s) on hmmsearch, starting at 08/10/2026 11:12:11
2026-08-10 11:12:13 INFO:	[hmmsearch]	26 of 255 task(s) completed
2026-08-10 11:12:14 INFO:	[hmmsearch]	51 of 255 task(s) completed
2026-08-10 11:12:16 INFO:	[hmmsearch]	77 of 255 task(s) completed
2026-08-10 11:12:17 INFO:	[hmmsearch]	102 of 255 task(s) completed
2026-08-10 11:12:19 INFO:	[hmmsearch]	128 of 255 task(s) completed
2026-08-10 11:12:21 INFO:	[hmmsearch]	153 of 255 task(s) completed
2026-08-10 11:12:24 INFO:	[hmmsearch]	179 of 255 task(s) completed
2026-08-10 11:12:26 INFO:	[hmmsearch]	204 of 255 task(s) completed
2026-08-10 11:12:28 INFO:	[hmmsearch]	230 of 255 task(s) completed
2026-08-10 11:12:37 INFO:	[hmmsearch]	255 of 255 task(s) completed
2026-08-10 11:12:38 INFO:	

    ---------------------------------------------------
    |Results from dataset eukaryota_odb10              |
    ---------------------------------------------------
    |C:98.0%[S:73.3%,D:24.7%],F:1.2%,M:0.8%,n:255      |
    |250    Complete BUSCOs (C)                        |
    |187    Complete and single-copy BUSCOs (S)        |
    |63    Complete and duplicated BUSCOs (D)          |
    |3    Fragmented BUSCOs (F)                        |
    |2    Missing BUSCOs (M)                           |
    |255    Total BUSCO groups searched                |
    ---------------------------------------------------
2026-08-10 11:12:38 INFO:	BUSCO analysis done. Total running time: 28 seconds
2026-08-10 11:12:38 INFO:	Results written in /bank/ncbi/gnathostome/Tmp/7574/04_busco/busco_7574
2026-08-10 11:12:38 INFO:	For assistance with interpreting the results, please consult the userguide: https://busco.ezlab.org/busco_userguide.html

2026-08-10 11:12:38 INFO:	Visit this page https://gitlab.com/ezlab/busco#how-to-cite-busco to see how to cite BUSCO
