2026-08-10 11:19:28 INFO:	***** Start a BUSCO v5.7.1 analysis, current time: 08/10/2026 11:19:28 *****
2026-08-10 11:19:28 INFO:	Configuring BUSCO with local environment
2026-08-10 11:19:28 INFO:	Running proteins mode
2026-08-10 11:19:28 INFO:	Input file is /bank/ncbi/gnathostome/Tmp/400727/02_filtered/longest_isoform.faa
2026-08-10 11:19:28 INFO:	Running BUSCO using lineage dataset eukaryota_odb10 (eukaryota, 2024-01-08)
2026-08-10 11:19:28 INFO:	***** Run HMMER on gene sequences *****
2026-08-10 11:19:28 INFO:	Running 255 job(s) on hmmsearch, starting at 08/10/2026 11:19:28
2026-08-10 11:19:30 INFO:	[hmmsearch]	26 of 255 task(s) completed
2026-08-10 11:19:31 INFO:	[hmmsearch]	51 of 255 task(s) completed
2026-08-10 11:19:32 INFO:	[hmmsearch]	77 of 255 task(s) completed
2026-08-10 11:19:33 INFO:	[hmmsearch]	102 of 255 task(s) completed
2026-08-10 11:19:34 INFO:	[hmmsearch]	128 of 255 task(s) completed
2026-08-10 11:19:35 INFO:	[hmmsearch]	153 of 255 task(s) completed
2026-08-10 11:19:38 INFO:	[hmmsearch]	179 of 255 task(s) completed
2026-08-10 11:19:40 INFO:	[hmmsearch]	204 of 255 task(s) completed
2026-08-10 11:19:41 INFO:	[hmmsearch]	230 of 255 task(s) completed
2026-08-10 11:19:47 INFO:	[hmmsearch]	255 of 255 task(s) completed
2026-08-10 11:19:48 INFO:	

    ---------------------------------------------------
    |Results from dataset eukaryota_odb10              |
    ---------------------------------------------------
    |C:99.6%[S:98.8%,D:0.8%],F:0.4%,M:0.0%,n:255       |
    |254    Complete BUSCOs (C)                        |
    |252    Complete and single-copy BUSCOs (S)        |
    |2    Complete and duplicated BUSCOs (D)           |
    |1    Fragmented BUSCOs (F)                        |
    |0    Missing BUSCOs (M)                           |
    |255    Total BUSCO groups searched                |
    ---------------------------------------------------
2026-08-10 11:19:48 INFO:	BUSCO analysis done. Total running time: 20 seconds
2026-08-10 11:19:48 INFO:	Results written in /bank/ncbi/gnathostome/Tmp/400727/04_busco/busco_400727
2026-08-10 11:19:48 INFO:	For assistance with interpreting the results, please consult the userguide: https://busco.ezlab.org/busco_userguide.html

2026-08-10 11:19:48 INFO:	Visit this page https://gitlab.com/ezlab/busco#how-to-cite-busco to see how to cite BUSCO
