2026-08-10 11:34:16 INFO:	***** Start a BUSCO v5.7.1 analysis, current time: 08/10/2026 11:34:16 *****
2026-08-10 11:34:16 INFO:	Configuring BUSCO with local environment
2026-08-10 11:34:16 INFO:	Running proteins mode
2026-08-10 11:34:16 INFO:	Input file is /bank/ncbi/gnathostome/Tmp/280699/02_filtered/longest_isoform.faa
2026-08-10 11:34:16 INFO:	Running BUSCO using lineage dataset eukaryota_odb10 (eukaryota, 2024-01-08)
2026-08-10 11:34:16 INFO:	***** Run HMMER on gene sequences *****
2026-08-10 11:34:16 INFO:	Running 255 job(s) on hmmsearch, starting at 08/10/2026 11:34:16
2026-08-10 11:34:17 INFO:	[hmmsearch]	26 of 255 task(s) completed
2026-08-10 11:34:17 INFO:	[hmmsearch]	51 of 255 task(s) completed
2026-08-10 11:34:18 INFO:	[hmmsearch]	77 of 255 task(s) completed
2026-08-10 11:34:18 INFO:	[hmmsearch]	102 of 255 task(s) completed
2026-08-10 11:34:18 INFO:	[hmmsearch]	128 of 255 task(s) completed
2026-08-10 11:34:19 INFO:	[hmmsearch]	153 of 255 task(s) completed
2026-08-10 11:34:19 INFO:	[hmmsearch]	179 of 255 task(s) completed
2026-08-10 11:34:20 INFO:	[hmmsearch]	204 of 255 task(s) completed
2026-08-10 11:34:20 INFO:	[hmmsearch]	230 of 255 task(s) completed
2026-08-10 11:34:20 INFO:	[hmmsearch]	230 of 255 task(s) completed
2026-08-10 11:34:20 INFO:	[hmmsearch]	255 of 255 task(s) completed
2026-08-10 11:34:21 INFO:	

    ---------------------------------------------------
    |Results from dataset eukaryota_odb10              |
    ---------------------------------------------------
    |C:73.0%[S:71.8%,D:1.2%],F:6.3%,M:20.7%,n:255      |
    |186    Complete BUSCOs (C)                        |
    |183    Complete and single-copy BUSCOs (S)        |
    |3    Complete and duplicated BUSCOs (D)           |
    |16    Fragmented BUSCOs (F)                       |
    |53    Missing BUSCOs (M)                          |
    |255    Total BUSCO groups searched                |
    ---------------------------------------------------
2026-08-10 11:34:21 INFO:	BUSCO analysis done. Total running time: 5 seconds
2026-08-10 11:34:21 INFO:	Results written in /bank/ncbi/gnathostome/Tmp/280699/04_busco/busco_280699
2026-08-10 11:34:21 INFO:	For assistance with interpreting the results, please consult the userguide: https://busco.ezlab.org/busco_userguide.html

2026-08-10 11:34:21 INFO:	Visit this page https://gitlab.com/ezlab/busco#how-to-cite-busco to see how to cite BUSCO
