2026-08-10 11:01:06 INFO:	***** Start a BUSCO v5.7.1 analysis, current time: 08/10/2026 11:01:06 *****
2026-08-10 11:01:06 INFO:	Configuring BUSCO with local environment
2026-08-10 11:01:06 INFO:	Running proteins mode
2026-08-10 11:01:06 INFO:	Input file is /bank/ncbi/gnathostome/Tmp/6669/02_filtered/longest_isoform.faa
2026-08-10 11:01:07 INFO:	Running BUSCO using lineage dataset eukaryota_odb10 (eukaryota, 2024-01-08)
2026-08-10 11:01:07 INFO:	***** Run HMMER on gene sequences *****
2026-08-10 11:01:07 INFO:	Running 255 job(s) on hmmsearch, starting at 08/10/2026 11:01:07
2026-08-10 11:01:09 INFO:	[hmmsearch]	26 of 255 task(s) completed
2026-08-10 11:01:09 INFO:	[hmmsearch]	51 of 255 task(s) completed
2026-08-10 11:01:10 INFO:	[hmmsearch]	77 of 255 task(s) completed
2026-08-10 11:01:11 INFO:	[hmmsearch]	102 of 255 task(s) completed
2026-08-10 11:01:11 INFO:	[hmmsearch]	128 of 255 task(s) completed
2026-08-10 11:01:13 INFO:	[hmmsearch]	153 of 255 task(s) completed
2026-08-10 11:01:14 INFO:	[hmmsearch]	179 of 255 task(s) completed
2026-08-10 11:01:16 INFO:	[hmmsearch]	204 of 255 task(s) completed
2026-08-10 11:01:17 INFO:	[hmmsearch]	230 of 255 task(s) completed
2026-08-10 11:01:21 INFO:	[hmmsearch]	255 of 255 task(s) completed
2026-08-10 11:01:21 INFO:	

    ---------------------------------------------------
    |Results from dataset eukaryota_odb10              |
    ---------------------------------------------------
    |C:97.7%[S:96.1%,D:1.6%],F:0.0%,M:2.3%,n:255       |
    |249    Complete BUSCOs (C)                        |
    |245    Complete and single-copy BUSCOs (S)        |
    |4    Complete and duplicated BUSCOs (D)           |
    |0    Fragmented BUSCOs (F)                        |
    |6    Missing BUSCOs (M)                           |
    |255    Total BUSCO groups searched                |
    ---------------------------------------------------
2026-08-10 11:01:21 INFO:	BUSCO analysis done. Total running time: 15 seconds
2026-08-10 11:01:21 INFO:	Results written in /bank/ncbi/gnathostome/Tmp/6669/04_busco/busco_6669
2026-08-10 11:01:21 INFO:	For assistance with interpreting the results, please consult the userguide: https://busco.ezlab.org/busco_userguide.html

2026-08-10 11:01:21 INFO:	Visit this page https://gitlab.com/ezlab/busco#how-to-cite-busco to see how to cite BUSCO
