2026-08-10 10:54:26 INFO:	***** Start a BUSCO v5.7.1 analysis, current time: 08/10/2026 10:54:26 *****
2026-08-10 10:54:26 INFO:	Configuring BUSCO with local environment
2026-08-10 10:54:26 INFO:	Running proteins mode
2026-08-10 10:54:26 INFO:	Input file is /bank/ncbi/gnathostome/Tmp/34765/02_filtered/longest_isoform.faa
2026-08-10 10:54:26 INFO:	Running BUSCO using lineage dataset eukaryota_odb10 (eukaryota, 2024-01-08)
2026-08-10 10:54:26 INFO:	***** Run HMMER on gene sequences *****
2026-08-10 10:54:26 INFO:	Running 255 job(s) on hmmsearch, starting at 08/10/2026 10:54:26
2026-08-10 10:54:28 INFO:	[hmmsearch]	26 of 255 task(s) completed
2026-08-10 10:54:28 INFO:	[hmmsearch]	51 of 255 task(s) completed
2026-08-10 10:54:29 INFO:	[hmmsearch]	77 of 255 task(s) completed
2026-08-10 10:54:30 INFO:	[hmmsearch]	102 of 255 task(s) completed
2026-08-10 10:54:31 INFO:	[hmmsearch]	128 of 255 task(s) completed
2026-08-10 10:54:32 INFO:	[hmmsearch]	153 of 255 task(s) completed
2026-08-10 10:54:33 INFO:	[hmmsearch]	179 of 255 task(s) completed
2026-08-10 10:54:34 INFO:	[hmmsearch]	204 of 255 task(s) completed
2026-08-10 10:54:35 INFO:	[hmmsearch]	230 of 255 task(s) completed
2026-08-10 10:54:40 INFO:	[hmmsearch]	255 of 255 task(s) completed
2026-08-10 10:54:40 INFO:	

    ---------------------------------------------------
    |Results from dataset eukaryota_odb10              |
    ---------------------------------------------------
    |C:90.2%[S:87.1%,D:3.1%],F:3.5%,M:6.3%,n:255       |
    |230    Complete BUSCOs (C)                        |
    |222    Complete and single-copy BUSCOs (S)        |
    |8    Complete and duplicated BUSCOs (D)           |
    |9    Fragmented BUSCOs (F)                        |
    |16    Missing BUSCOs (M)                          |
    |255    Total BUSCO groups searched                |
    ---------------------------------------------------
2026-08-10 10:54:40 INFO:	BUSCO analysis done. Total running time: 14 seconds
2026-08-10 10:54:40 INFO:	Results written in /bank/ncbi/gnathostome/Tmp/34765/04_busco/busco_34765
2026-08-10 10:54:40 INFO:	For assistance with interpreting the results, please consult the userguide: https://busco.ezlab.org/busco_userguide.html

2026-08-10 10:54:40 INFO:	Visit this page https://gitlab.com/ezlab/busco#how-to-cite-busco to see how to cite BUSCO
