2026-08-10 11:41:54 INFO:	***** Start a BUSCO v5.7.1 analysis, current time: 08/10/2026 11:41:54 *****
2026-08-10 11:41:54 INFO:	Configuring BUSCO with local environment
2026-08-10 11:41:54 INFO:	Running proteins mode
2026-08-10 11:41:54 INFO:	Input file is /bank/ncbi/gnathostome/Tmp/905079/02_filtered/longest_isoform.faa
2026-08-10 11:41:54 INFO:	Running BUSCO using lineage dataset eukaryota_odb10 (eukaryota, 2024-01-08)
2026-08-10 11:41:54 INFO:	***** Run HMMER on gene sequences *****
2026-08-10 11:41:54 INFO:	Running 255 job(s) on hmmsearch, starting at 08/10/2026 11:41:54
2026-08-10 11:41:57 INFO:	[hmmsearch]	26 of 255 task(s) completed
2026-08-10 11:41:58 INFO:	[hmmsearch]	51 of 255 task(s) completed
2026-08-10 11:41:59 INFO:	[hmmsearch]	77 of 255 task(s) completed
2026-08-10 11:42:00 INFO:	[hmmsearch]	102 of 255 task(s) completed
2026-08-10 11:42:01 INFO:	[hmmsearch]	128 of 255 task(s) completed
2026-08-10 11:42:02 INFO:	[hmmsearch]	153 of 255 task(s) completed
2026-08-10 11:42:05 INFO:	[hmmsearch]	179 of 255 task(s) completed
2026-08-10 11:42:07 INFO:	[hmmsearch]	204 of 255 task(s) completed
2026-08-10 11:42:08 INFO:	[hmmsearch]	230 of 255 task(s) completed
2026-08-10 11:42:14 INFO:	[hmmsearch]	255 of 255 task(s) completed
2026-08-10 11:42:15 INFO:	

    ---------------------------------------------------
    |Results from dataset eukaryota_odb10              |
    ---------------------------------------------------
    |C:78.4%[S:74.5%,D:3.9%],F:11.8%,M:9.8%,n:255      |
    |200    Complete BUSCOs (C)                        |
    |190    Complete and single-copy BUSCOs (S)        |
    |10    Complete and duplicated BUSCOs (D)          |
    |30    Fragmented BUSCOs (F)                       |
    |25    Missing BUSCOs (M)                          |
    |255    Total BUSCO groups searched                |
    ---------------------------------------------------
2026-08-10 11:42:15 INFO:	BUSCO analysis done. Total running time: 20 seconds
2026-08-10 11:42:15 INFO:	Results written in /bank/ncbi/gnathostome/Tmp/905079/04_busco/busco_905079
2026-08-10 11:42:15 INFO:	For assistance with interpreting the results, please consult the userguide: https://busco.ezlab.org/busco_userguide.html

2026-08-10 11:42:15 INFO:	Visit this page https://gitlab.com/ezlab/busco#how-to-cite-busco to see how to cite BUSCO
