2026-08-10 11:14:27 INFO:	***** Start a BUSCO v5.7.1 analysis, current time: 08/10/2026 11:14:27 *****
2026-08-10 11:14:27 INFO:	Configuring BUSCO with local environment
2026-08-10 11:14:27 INFO:	Running proteins mode
2026-08-10 11:14:27 INFO:	Input file is /bank/ncbi/gnathostome/Tmp/225164/02_filtered/longest_isoform.faa
2026-08-10 11:14:28 INFO:	Running BUSCO using lineage dataset eukaryota_odb10 (eukaryota, 2024-01-08)
2026-08-10 11:14:28 INFO:	***** Run HMMER on gene sequences *****
2026-08-10 11:14:28 INFO:	Running 255 job(s) on hmmsearch, starting at 08/10/2026 11:14:28
2026-08-10 11:14:30 INFO:	[hmmsearch]	26 of 255 task(s) completed
2026-08-10 11:14:31 INFO:	[hmmsearch]	51 of 255 task(s) completed
2026-08-10 11:14:31 INFO:	[hmmsearch]	77 of 255 task(s) completed
2026-08-10 11:14:32 INFO:	[hmmsearch]	102 of 255 task(s) completed
2026-08-10 11:14:34 INFO:	[hmmsearch]	128 of 255 task(s) completed
2026-08-10 11:14:35 INFO:	[hmmsearch]	153 of 255 task(s) completed
2026-08-10 11:14:37 INFO:	[hmmsearch]	179 of 255 task(s) completed
2026-08-10 11:14:39 INFO:	[hmmsearch]	204 of 255 task(s) completed
2026-08-10 11:14:40 INFO:	[hmmsearch]	230 of 255 task(s) completed
2026-08-10 11:14:42 INFO:	[hmmsearch]	255 of 255 task(s) completed
2026-08-10 11:14:43 INFO:	

    ---------------------------------------------------
    |Results from dataset eukaryota_odb10              |
    ---------------------------------------------------
    |C:96.5%[S:95.3%,D:1.2%],F:2.4%,M:1.1%,n:255       |
    |246    Complete BUSCOs (C)                        |
    |243    Complete and single-copy BUSCOs (S)        |
    |3    Complete and duplicated BUSCOs (D)           |
    |6    Fragmented BUSCOs (F)                        |
    |3    Missing BUSCOs (M)                           |
    |255    Total BUSCO groups searched                |
    ---------------------------------------------------
2026-08-10 11:14:43 INFO:	BUSCO analysis done. Total running time: 16 seconds
2026-08-10 11:14:43 INFO:	Results written in /bank/ncbi/gnathostome/Tmp/225164/04_busco/busco_225164
2026-08-10 11:14:43 INFO:	For assistance with interpreting the results, please consult the userguide: https://busco.ezlab.org/busco_userguide.html

2026-08-10 11:14:43 INFO:	Visit this page https://gitlab.com/ezlab/busco#how-to-cite-busco to see how to cite BUSCO
