2026-08-10 10:25:45 INFO:	***** Start a BUSCO v5.7.1 analysis, current time: 08/10/2026 10:25:45 *****
2026-08-10 10:25:45 INFO:	Configuring BUSCO with local environment
2026-08-10 10:25:45 INFO:	Running proteins mode
2026-08-10 10:25:45 INFO:	Input file is /bank/ncbi/gnathostome/Tmp/1257118/02_filtered/longest_isoform.faa
2026-08-10 10:25:45 INFO:	Running BUSCO using lineage dataset eukaryota_odb10 (eukaryota, 2024-01-08)
2026-08-10 10:25:45 INFO:	***** Run HMMER on gene sequences *****
2026-08-10 10:25:45 INFO:	Running 255 job(s) on hmmsearch, starting at 08/10/2026 10:25:45
2026-08-10 10:25:46 INFO:	[hmmsearch]	26 of 255 task(s) completed
2026-08-10 10:25:47 INFO:	[hmmsearch]	51 of 255 task(s) completed
2026-08-10 10:25:48 INFO:	[hmmsearch]	77 of 255 task(s) completed
2026-08-10 10:25:49 INFO:	[hmmsearch]	102 of 255 task(s) completed
2026-08-10 10:25:49 INFO:	[hmmsearch]	128 of 255 task(s) completed
2026-08-10 10:25:53 INFO:	[hmmsearch]	179 of 255 task(s) completed
2026-08-10 10:25:54 INFO:	[hmmsearch]	204 of 255 task(s) completed
2026-08-10 10:25:55 INFO:	[hmmsearch]	230 of 255 task(s) completed
2026-08-10 10:25:58 INFO:	[hmmsearch]	255 of 255 task(s) completed
2026-08-10 10:25:58 INFO:	

    ---------------------------------------------------
    |Results from dataset eukaryota_odb10              |
    ---------------------------------------------------
    |C:76.1%[S:74.1%,D:2.0%],F:7.1%,M:16.8%,n:255      |
    |194    Complete BUSCOs (C)                        |
    |189    Complete and single-copy BUSCOs (S)        |
    |5    Complete and duplicated BUSCOs (D)           |
    |18    Fragmented BUSCOs (F)                       |
    |43    Missing BUSCOs (M)                          |
    |255    Total BUSCO groups searched                |
    ---------------------------------------------------
2026-08-10 10:25:58 INFO:	BUSCO analysis done. Total running time: 14 seconds
2026-08-10 10:25:58 INFO:	Results written in /bank/ncbi/gnathostome/Tmp/1257118/04_busco/busco_1257118
2026-08-10 10:25:58 INFO:	For assistance with interpreting the results, please consult the userguide: https://busco.ezlab.org/busco_userguide.html

2026-08-10 10:25:58 INFO:	Visit this page https://gitlab.com/ezlab/busco#how-to-cite-busco to see how to cite BUSCO
