2026-08-10 11:35:49 INFO:	***** Start a BUSCO v5.7.1 analysis, current time: 08/10/2026 11:35:49 *****
2026-08-10 11:35:49 INFO:	Configuring BUSCO with local environment
2026-08-10 11:35:49 INFO:	Running proteins mode
2026-08-10 11:35:49 INFO:	Input file is /bank/ncbi/gnathostome/Tmp/3055/02_filtered/longest_isoform.faa
2026-08-10 11:35:49 INFO:	Running BUSCO using lineage dataset eukaryota_odb10 (eukaryota, 2024-01-08)
2026-08-10 11:35:49 INFO:	***** Run HMMER on gene sequences *****
2026-08-10 11:35:49 INFO:	Running 255 job(s) on hmmsearch, starting at 08/10/2026 11:35:49
2026-08-10 11:35:51 INFO:	[hmmsearch]	26 of 255 task(s) completed
2026-08-10 11:35:52 INFO:	[hmmsearch]	51 of 255 task(s) completed
2026-08-10 11:35:53 INFO:	[hmmsearch]	77 of 255 task(s) completed
2026-08-10 11:35:54 INFO:	[hmmsearch]	102 of 255 task(s) completed
2026-08-10 11:35:55 INFO:	[hmmsearch]	128 of 255 task(s) completed
2026-08-10 11:35:57 INFO:	[hmmsearch]	153 of 255 task(s) completed
2026-08-10 11:35:59 INFO:	[hmmsearch]	179 of 255 task(s) completed
2026-08-10 11:36:01 INFO:	[hmmsearch]	204 of 255 task(s) completed
2026-08-10 11:36:02 INFO:	[hmmsearch]	230 of 255 task(s) completed
2026-08-10 11:36:07 INFO:	[hmmsearch]	255 of 255 task(s) completed
2026-08-10 11:36:07 INFO:	

    ---------------------------------------------------
    |Results from dataset eukaryota_odb10              |
    ---------------------------------------------------
    |C:91.8%[S:90.6%,D:1.2%],F:4.3%,M:3.9%,n:255       |
    |234    Complete BUSCOs (C)                        |
    |231    Complete and single-copy BUSCOs (S)        |
    |3    Complete and duplicated BUSCOs (D)           |
    |11    Fragmented BUSCOs (F)                       |
    |10    Missing BUSCOs (M)                          |
    |255    Total BUSCO groups searched                |
    ---------------------------------------------------
2026-08-10 11:36:07 INFO:	BUSCO analysis done. Total running time: 18 seconds
2026-08-10 11:36:07 INFO:	Results written in /bank/ncbi/gnathostome/Tmp/3055/04_busco/busco_3055
2026-08-10 11:36:07 INFO:	For assistance with interpreting the results, please consult the userguide: https://busco.ezlab.org/busco_userguide.html

2026-08-10 11:36:07 INFO:	Visit this page https://gitlab.com/ezlab/busco#how-to-cite-busco to see how to cite BUSCO
