2026-08-10 11:28:36 INFO:	***** Start a BUSCO v5.7.1 analysis, current time: 08/10/2026 11:28:36 *****
2026-08-10 11:28:36 INFO:	Configuring BUSCO with local environment
2026-08-10 11:28:36 INFO:	Running proteins mode
2026-08-10 11:28:36 INFO:	Input file is /bank/ncbi/gnathostome/Tmp/403677/02_filtered/longest_isoform.faa
2026-08-10 11:28:36 INFO:	Running BUSCO using lineage dataset eukaryota_odb10 (eukaryota, 2024-01-08)
2026-08-10 11:28:36 INFO:	***** Run HMMER on gene sequences *****
2026-08-10 11:28:36 INFO:	Running 255 job(s) on hmmsearch, starting at 08/10/2026 11:28:36
2026-08-10 11:28:37 INFO:	[hmmsearch]	26 of 255 task(s) completed
2026-08-10 11:28:38 INFO:	[hmmsearch]	51 of 255 task(s) completed
2026-08-10 11:28:39 INFO:	[hmmsearch]	77 of 255 task(s) completed
2026-08-10 11:28:40 INFO:	[hmmsearch]	102 of 255 task(s) completed
2026-08-10 11:28:40 INFO:	[hmmsearch]	128 of 255 task(s) completed
2026-08-10 11:28:41 INFO:	[hmmsearch]	153 of 255 task(s) completed
2026-08-10 11:28:43 INFO:	[hmmsearch]	179 of 255 task(s) completed
2026-08-10 11:28:44 INFO:	[hmmsearch]	204 of 255 task(s) completed
2026-08-10 11:28:45 INFO:	[hmmsearch]	230 of 255 task(s) completed
2026-08-10 11:28:48 INFO:	[hmmsearch]	255 of 255 task(s) completed
2026-08-10 11:28:49 INFO:	

    ---------------------------------------------------
    |Results from dataset eukaryota_odb10              |
    ---------------------------------------------------
    |C:89.8%[S:84.3%,D:5.5%],F:5.1%,M:5.1%,n:255       |
    |229    Complete BUSCOs (C)                        |
    |215    Complete and single-copy BUSCOs (S)        |
    |14    Complete and duplicated BUSCOs (D)          |
    |13    Fragmented BUSCOs (F)                       |
    |13    Missing BUSCOs (M)                          |
    |255    Total BUSCO groups searched                |
    ---------------------------------------------------
2026-08-10 11:28:49 INFO:	BUSCO analysis done. Total running time: 13 seconds
2026-08-10 11:28:49 INFO:	Results written in /bank/ncbi/gnathostome/Tmp/403677/04_busco/busco_403677
2026-08-10 11:28:49 INFO:	For assistance with interpreting the results, please consult the userguide: https://busco.ezlab.org/busco_userguide.html

2026-08-10 11:28:49 INFO:	Visit this page https://gitlab.com/ezlab/busco#how-to-cite-busco to see how to cite BUSCO
