2026-08-10 11:36:50 INFO:	***** Start a BUSCO v5.7.1 analysis, current time: 08/10/2026 11:36:50 *****
2026-08-10 11:36:50 INFO:	Configuring BUSCO with local environment
2026-08-10 11:36:50 INFO:	Running proteins mode
2026-08-10 11:36:50 INFO:	Input file is /bank/ncbi/gnathostome/Tmp/296587/02_filtered/longest_isoform.faa
2026-08-10 11:36:50 INFO:	Running BUSCO using lineage dataset eukaryota_odb10 (eukaryota, 2024-01-08)
2026-08-10 11:36:50 INFO:	***** Run HMMER on gene sequences *****
2026-08-10 11:36:50 INFO:	Running 255 job(s) on hmmsearch, starting at 08/10/2026 11:36:50
2026-08-10 11:36:51 INFO:	[hmmsearch]	26 of 255 task(s) completed
2026-08-10 11:36:51 INFO:	[hmmsearch]	51 of 255 task(s) completed
2026-08-10 11:36:52 INFO:	[hmmsearch]	77 of 255 task(s) completed
2026-08-10 11:36:52 INFO:	[hmmsearch]	102 of 255 task(s) completed
2026-08-10 11:36:53 INFO:	[hmmsearch]	128 of 255 task(s) completed
2026-08-10 11:36:54 INFO:	[hmmsearch]	153 of 255 task(s) completed
2026-08-10 11:36:55 INFO:	[hmmsearch]	179 of 255 task(s) completed
2026-08-10 11:36:56 INFO:	[hmmsearch]	204 of 255 task(s) completed
2026-08-10 11:36:56 INFO:	[hmmsearch]	230 of 255 task(s) completed
2026-08-10 11:36:59 INFO:	[hmmsearch]	255 of 255 task(s) completed
2026-08-10 11:37:00 INFO:	

    ---------------------------------------------------
    |Results from dataset eukaryota_odb10              |
    ---------------------------------------------------
    |C:82.8%[S:82.0%,D:0.8%],F:6.3%,M:10.9%,n:255      |
    |211    Complete BUSCOs (C)                        |
    |209    Complete and single-copy BUSCOs (S)        |
    |2    Complete and duplicated BUSCOs (D)           |
    |16    Fragmented BUSCOs (F)                       |
    |28    Missing BUSCOs (M)                          |
    |255    Total BUSCO groups searched                |
    ---------------------------------------------------
2026-08-10 11:37:00 INFO:	BUSCO analysis done. Total running time: 10 seconds
2026-08-10 11:37:00 INFO:	Results written in /bank/ncbi/gnathostome/Tmp/296587/04_busco/busco_296587
2026-08-10 11:37:00 INFO:	For assistance with interpreting the results, please consult the userguide: https://busco.ezlab.org/busco_userguide.html

2026-08-10 11:37:00 INFO:	Visit this page https://gitlab.com/ezlab/busco#how-to-cite-busco to see how to cite BUSCO
