2026-08-10 11:00:14 INFO:	***** Start a BUSCO v5.7.1 analysis, current time: 08/10/2026 11:00:14 *****
2026-08-10 11:00:14 INFO:	Configuring BUSCO with local environment
2026-08-10 11:00:14 INFO:	Running proteins mode
2026-08-10 11:00:14 INFO:	Input file is /bank/ncbi/gnathostome/Tmp/7757/02_filtered/longest_isoform.faa
2026-08-10 11:00:14 INFO:	Running BUSCO using lineage dataset eukaryota_odb10 (eukaryota, 2024-01-08)
2026-08-10 11:00:14 INFO:	***** Run HMMER on gene sequences *****
2026-08-10 11:00:14 INFO:	Running 255 job(s) on hmmsearch, starting at 08/10/2026 11:00:14
2026-08-10 11:00:16 INFO:	[hmmsearch]	26 of 255 task(s) completed
2026-08-10 11:00:17 INFO:	[hmmsearch]	51 of 255 task(s) completed
2026-08-10 11:00:19 INFO:	[hmmsearch]	77 of 255 task(s) completed
2026-08-10 11:00:20 INFO:	[hmmsearch]	102 of 255 task(s) completed
2026-08-10 11:00:22 INFO:	[hmmsearch]	128 of 255 task(s) completed
2026-08-10 11:00:23 INFO:	[hmmsearch]	153 of 255 task(s) completed
2026-08-10 11:00:26 INFO:	[hmmsearch]	179 of 255 task(s) completed
2026-08-10 11:00:28 INFO:	[hmmsearch]	204 of 255 task(s) completed
2026-08-10 11:00:30 INFO:	[hmmsearch]	230 of 255 task(s) completed
2026-08-10 11:00:42 INFO:	[hmmsearch]	255 of 255 task(s) completed
2026-08-10 11:00:44 INFO:	

    ---------------------------------------------------
    |Results from dataset eukaryota_odb10              |
    ---------------------------------------------------
    |C:96.9%[S:92.2%,D:4.7%],F:2.4%,M:0.7%,n:255       |
    |247    Complete BUSCOs (C)                        |
    |235    Complete and single-copy BUSCOs (S)        |
    |12    Complete and duplicated BUSCOs (D)          |
    |6    Fragmented BUSCOs (F)                        |
    |2    Missing BUSCOs (M)                           |
    |255    Total BUSCO groups searched                |
    ---------------------------------------------------
2026-08-10 11:00:44 INFO:	BUSCO analysis done. Total running time: 30 seconds
2026-08-10 11:00:44 INFO:	Results written in /bank/ncbi/gnathostome/Tmp/7757/04_busco/busco_7757
2026-08-10 11:00:44 INFO:	For assistance with interpreting the results, please consult the userguide: https://busco.ezlab.org/busco_userguide.html

2026-08-10 11:00:44 INFO:	Visit this page https://gitlab.com/ezlab/busco#how-to-cite-busco to see how to cite BUSCO
