2026-08-10 11:24:10 INFO:	***** Start a BUSCO v5.7.1 analysis, current time: 08/10/2026 11:24:10 *****
2026-08-10 11:24:10 INFO:	Configuring BUSCO with local environment
2026-08-10 11:24:10 INFO:	Running proteins mode
2026-08-10 11:24:10 INFO:	Input file is /bank/ncbi/gnathostome/Tmp/679716/02_filtered/longest_isoform.faa
2026-08-10 11:24:10 INFO:	Running BUSCO using lineage dataset eukaryota_odb10 (eukaryota, 2024-01-08)
2026-08-10 11:24:10 INFO:	***** Run HMMER on gene sequences *****
2026-08-10 11:24:10 INFO:	Running 255 job(s) on hmmsearch, starting at 08/10/2026 11:24:10
2026-08-10 11:24:11 INFO:	[hmmsearch]	26 of 255 task(s) completed
2026-08-10 11:24:12 INFO:	[hmmsearch]	51 of 255 task(s) completed
2026-08-10 11:24:12 INFO:	[hmmsearch]	77 of 255 task(s) completed
2026-08-10 11:24:13 INFO:	[hmmsearch]	102 of 255 task(s) completed
2026-08-10 11:24:13 INFO:	[hmmsearch]	128 of 255 task(s) completed
2026-08-10 11:24:14 INFO:	[hmmsearch]	153 of 255 task(s) completed
2026-08-10 11:24:15 INFO:	[hmmsearch]	179 of 255 task(s) completed
2026-08-10 11:24:15 INFO:	[hmmsearch]	204 of 255 task(s) completed
2026-08-10 11:24:16 INFO:	[hmmsearch]	230 of 255 task(s) completed
2026-08-10 11:24:18 INFO:	[hmmsearch]	255 of 255 task(s) completed
2026-08-10 11:24:19 INFO:	

    ---------------------------------------------------
    |Results from dataset eukaryota_odb10              |
    ---------------------------------------------------
    |C:55.3%[S:53.3%,D:2.0%],F:7.5%,M:37.2%,n:255      |
    |141    Complete BUSCOs (C)                        |
    |136    Complete and single-copy BUSCOs (S)        |
    |5    Complete and duplicated BUSCOs (D)           |
    |19    Fragmented BUSCOs (F)                       |
    |95    Missing BUSCOs (M)                          |
    |255    Total BUSCO groups searched                |
    ---------------------------------------------------
2026-08-10 11:24:19 INFO:	BUSCO analysis done. Total running time: 9 seconds
2026-08-10 11:24:19 INFO:	Results written in /bank/ncbi/gnathostome/Tmp/679716/04_busco/busco_679716
2026-08-10 11:24:19 INFO:	For assistance with interpreting the results, please consult the userguide: https://busco.ezlab.org/busco_userguide.html

2026-08-10 11:24:19 INFO:	Visit this page https://gitlab.com/ezlab/busco#how-to-cite-busco to see how to cite BUSCO
