2026-08-10 11:24:23 INFO:	***** Start a BUSCO v5.7.1 analysis, current time: 08/10/2026 11:24:23 *****
2026-08-10 11:24:23 INFO:	Configuring BUSCO with local environment
2026-08-10 11:24:23 INFO:	Running proteins mode
2026-08-10 11:24:23 INFO:	Input file is /bank/ncbi/gnathostome/Tmp/347515/02_filtered/longest_isoform.faa
2026-08-10 11:24:23 INFO:	Running BUSCO using lineage dataset eukaryota_odb10 (eukaryota, 2024-01-08)
2026-08-10 11:24:23 INFO:	***** Run HMMER on gene sequences *****
2026-08-10 11:24:23 INFO:	Running 255 job(s) on hmmsearch, starting at 08/10/2026 11:24:23
2026-08-10 11:24:24 INFO:	[hmmsearch]	26 of 255 task(s) completed
2026-08-10 11:24:25 INFO:	[hmmsearch]	51 of 255 task(s) completed
2026-08-10 11:24:25 INFO:	[hmmsearch]	77 of 255 task(s) completed
2026-08-10 11:24:26 INFO:	[hmmsearch]	102 of 255 task(s) completed
2026-08-10 11:24:26 INFO:	[hmmsearch]	128 of 255 task(s) completed
2026-08-10 11:24:27 INFO:	[hmmsearch]	153 of 255 task(s) completed
2026-08-10 11:24:28 INFO:	[hmmsearch]	179 of 255 task(s) completed
2026-08-10 11:24:29 INFO:	[hmmsearch]	204 of 255 task(s) completed
2026-08-10 11:24:29 INFO:	[hmmsearch]	230 of 255 task(s) completed
2026-08-10 11:24:32 INFO:	[hmmsearch]	255 of 255 task(s) completed
2026-08-10 11:24:32 INFO:	

    ---------------------------------------------------
    |Results from dataset eukaryota_odb10              |
    ---------------------------------------------------
    |C:53.8%[S:51.8%,D:2.0%],F:10.6%,M:35.6%,n:255     |
    |137    Complete BUSCOs (C)                        |
    |132    Complete and single-copy BUSCOs (S)        |
    |5    Complete and duplicated BUSCOs (D)           |
    |27    Fragmented BUSCOs (F)                       |
    |91    Missing BUSCOs (M)                          |
    |255    Total BUSCO groups searched                |
    ---------------------------------------------------
2026-08-10 11:24:32 INFO:	BUSCO analysis done. Total running time: 10 seconds
2026-08-10 11:24:32 INFO:	Results written in /bank/ncbi/gnathostome/Tmp/347515/04_busco/busco_347515
2026-08-10 11:24:32 INFO:	For assistance with interpreting the results, please consult the userguide: https://busco.ezlab.org/busco_userguide.html

2026-08-10 11:24:32 INFO:	Visit this page https://gitlab.com/ezlab/busco#how-to-cite-busco to see how to cite BUSCO
