2026-08-10 11:34:55 INFO:	***** Start a BUSCO v5.7.1 analysis, current time: 08/10/2026 11:34:55 *****
2026-08-10 11:34:55 INFO:	Configuring BUSCO with local environment
2026-08-10 11:34:55 INFO:	Running proteins mode
2026-08-10 11:34:55 INFO:	Input file is /bank/ncbi/gnathostome/Tmp/70448/02_filtered/longest_isoform.faa
2026-08-10 11:34:55 INFO:	Running BUSCO using lineage dataset eukaryota_odb10 (eukaryota, 2024-01-08)
2026-08-10 11:34:55 INFO:	***** Run HMMER on gene sequences *****
2026-08-10 11:34:55 INFO:	Running 255 job(s) on hmmsearch, starting at 08/10/2026 11:34:55
2026-08-10 11:34:56 INFO:	[hmmsearch]	26 of 255 task(s) completed
2026-08-10 11:34:57 INFO:	[hmmsearch]	51 of 255 task(s) completed
2026-08-10 11:34:57 INFO:	[hmmsearch]	77 of 255 task(s) completed
2026-08-10 11:34:58 INFO:	[hmmsearch]	102 of 255 task(s) completed
2026-08-10 11:34:58 INFO:	[hmmsearch]	128 of 255 task(s) completed
2026-08-10 11:34:59 INFO:	[hmmsearch]	153 of 255 task(s) completed
2026-08-10 11:35:00 INFO:	[hmmsearch]	179 of 255 task(s) completed
2026-08-10 11:35:01 INFO:	[hmmsearch]	204 of 255 task(s) completed
2026-08-10 11:35:01 INFO:	[hmmsearch]	230 of 255 task(s) completed
2026-08-10 11:35:03 INFO:	[hmmsearch]	255 of 255 task(s) completed
2026-08-10 11:35:03 INFO:	

    ---------------------------------------------------
    |Results from dataset eukaryota_odb10              |
    ---------------------------------------------------
    |C:80.4%[S:79.6%,D:0.8%],F:5.9%,M:13.7%,n:255      |
    |205    Complete BUSCOs (C)                        |
    |203    Complete and single-copy BUSCOs (S)        |
    |2    Complete and duplicated BUSCOs (D)           |
    |15    Fragmented BUSCOs (F)                       |
    |35    Missing BUSCOs (M)                          |
    |255    Total BUSCO groups searched                |
    ---------------------------------------------------
2026-08-10 11:35:03 INFO:	BUSCO analysis done. Total running time: 8 seconds
2026-08-10 11:35:03 INFO:	Results written in /bank/ncbi/gnathostome/Tmp/70448/04_busco/busco_70448
2026-08-10 11:35:03 INFO:	For assistance with interpreting the results, please consult the userguide: https://busco.ezlab.org/busco_userguide.html

2026-08-10 11:35:03 INFO:	Visit this page https://gitlab.com/ezlab/busco#how-to-cite-busco to see how to cite BUSCO
