2026-08-10 11:30:45 INFO:	***** Start a BUSCO v5.7.1 analysis, current time: 08/10/2026 11:30:45 *****
2026-08-10 11:30:45 INFO:	Configuring BUSCO with local environment
2026-08-10 11:30:45 INFO:	Running proteins mode
2026-08-10 11:30:45 INFO:	Input file is /bank/ncbi/gnathostome/Tmp/5888/02_filtered/longest_isoform.faa
2026-08-10 11:30:45 INFO:	Running BUSCO using lineage dataset eukaryota_odb10 (eukaryota, 2024-01-08)
2026-08-10 11:30:45 INFO:	***** Run HMMER on gene sequences *****
2026-08-10 11:30:45 INFO:	Running 255 job(s) on hmmsearch, starting at 08/10/2026 11:30:45
2026-08-10 11:30:48 INFO:	[hmmsearch]	26 of 255 task(s) completed
2026-08-10 11:30:49 INFO:	[hmmsearch]	51 of 255 task(s) completed
2026-08-10 11:30:50 INFO:	[hmmsearch]	77 of 255 task(s) completed
2026-08-10 11:30:52 INFO:	[hmmsearch]	102 of 255 task(s) completed
2026-08-10 11:30:53 INFO:	[hmmsearch]	128 of 255 task(s) completed
2026-08-10 11:30:54 INFO:	[hmmsearch]	153 of 255 task(s) completed
2026-08-10 11:30:57 INFO:	[hmmsearch]	179 of 255 task(s) completed
2026-08-10 11:30:58 INFO:	[hmmsearch]	204 of 255 task(s) completed
2026-08-10 11:31:00 INFO:	[hmmsearch]	230 of 255 task(s) completed
2026-08-10 11:31:01 INFO:	[hmmsearch]	255 of 255 task(s) completed
2026-08-10 11:31:02 INFO:	

    ----------------------------------------------------
    |Results from dataset eukaryota_odb10               |
    ----------------------------------------------------
    |C:38.8%[S:20.4%,D:18.4%],F:20.0%,M:41.2%,n:255     |
    |99    Complete BUSCOs (C)                          |
    |52    Complete and single-copy BUSCOs (S)          |
    |47    Complete and duplicated BUSCOs (D)           |
    |51    Fragmented BUSCOs (F)                        |
    |105    Missing BUSCOs (M)                          |
    |255    Total BUSCO groups searched                 |
    ----------------------------------------------------
2026-08-10 11:31:02 INFO:	BUSCO analysis done. Total running time: 17 seconds
2026-08-10 11:31:02 INFO:	Results written in /bank/ncbi/gnathostome/Tmp/5888/04_busco/busco_5888
2026-08-10 11:31:02 INFO:	For assistance with interpreting the results, please consult the userguide: https://busco.ezlab.org/busco_userguide.html

2026-08-10 11:31:02 INFO:	Visit this page https://gitlab.com/ezlab/busco#how-to-cite-busco to see how to cite BUSCO
