2026-08-10 11:08:03 INFO:	***** Start a BUSCO v5.7.1 analysis, current time: 08/10/2026 11:08:03 *****
2026-08-10 11:08:03 INFO:	Configuring BUSCO with local environment
2026-08-10 11:08:03 INFO:	Running proteins mode
2026-08-10 11:08:03 INFO:	Input file is /bank/ncbi/gnathostome/Tmp/37621/02_filtered/longest_isoform.faa
2026-08-10 11:08:03 INFO:	Running BUSCO using lineage dataset eukaryota_odb10 (eukaryota, 2024-01-08)
2026-08-10 11:08:03 INFO:	***** Run HMMER on gene sequences *****
2026-08-10 11:08:03 INFO:	Running 255 job(s) on hmmsearch, starting at 08/10/2026 11:08:03
2026-08-10 11:08:05 INFO:	[hmmsearch]	26 of 255 task(s) completed
2026-08-10 11:08:05 INFO:	[hmmsearch]	51 of 255 task(s) completed
2026-08-10 11:08:06 INFO:	[hmmsearch]	77 of 255 task(s) completed
2026-08-10 11:08:07 INFO:	[hmmsearch]	128 of 255 task(s) completed
2026-08-10 11:08:08 INFO:	[hmmsearch]	153 of 255 task(s) completed
2026-08-10 11:08:10 INFO:	[hmmsearch]	179 of 255 task(s) completed
2026-08-10 11:08:11 INFO:	[hmmsearch]	204 of 255 task(s) completed
2026-08-10 11:08:12 INFO:	[hmmsearch]	230 of 255 task(s) completed
2026-08-10 11:08:15 INFO:	[hmmsearch]	255 of 255 task(s) completed
2026-08-10 11:08:16 INFO:	

    ---------------------------------------------------
    |Results from dataset eukaryota_odb10              |
    ---------------------------------------------------
    |C:86.3%[S:85.9%,D:0.4%],F:9.8%,M:3.9%,n:255       |
    |220    Complete BUSCOs (C)                        |
    |219    Complete and single-copy BUSCOs (S)        |
    |1    Complete and duplicated BUSCOs (D)           |
    |25    Fragmented BUSCOs (F)                       |
    |10    Missing BUSCOs (M)                          |
    |255    Total BUSCO groups searched                |
    ---------------------------------------------------
2026-08-10 11:08:16 INFO:	BUSCO analysis done. Total running time: 13 seconds
2026-08-10 11:08:16 INFO:	Results written in /bank/ncbi/gnathostome/Tmp/37621/04_busco/busco_37621
2026-08-10 11:08:16 INFO:	For assistance with interpreting the results, please consult the userguide: https://busco.ezlab.org/busco_userguide.html

2026-08-10 11:08:16 INFO:	Visit this page https://gitlab.com/ezlab/busco#how-to-cite-busco to see how to cite BUSCO
