2026-08-10 10:31:59 INFO:	***** Start a BUSCO v5.7.1 analysis, current time: 08/10/2026 10:31:59 *****
2026-08-10 10:31:59 INFO:	Configuring BUSCO with local environment
2026-08-10 10:31:59 INFO:	Running proteins mode
2026-08-10 10:31:59 INFO:	Input file is /bank/ncbi/gnathostome/Tmp/246409/02_filtered/longest_isoform.faa
2026-08-10 10:31:59 INFO:	Running BUSCO using lineage dataset eukaryota_odb10 (eukaryota, 2024-01-08)
2026-08-10 10:31:59 INFO:	***** Run HMMER on gene sequences *****
2026-08-10 10:31:59 INFO:	Running 255 job(s) on hmmsearch, starting at 08/10/2026 10:31:59
2026-08-10 10:32:01 INFO:	[hmmsearch]	26 of 255 task(s) completed
2026-08-10 10:32:02 INFO:	[hmmsearch]	51 of 255 task(s) completed
2026-08-10 10:32:03 INFO:	[hmmsearch]	77 of 255 task(s) completed
2026-08-10 10:32:04 INFO:	[hmmsearch]	102 of 255 task(s) completed
2026-08-10 10:32:05 INFO:	[hmmsearch]	128 of 255 task(s) completed
2026-08-10 10:32:07 INFO:	[hmmsearch]	179 of 255 task(s) completed
2026-08-10 10:32:09 INFO:	[hmmsearch]	204 of 255 task(s) completed
2026-08-10 10:32:09 INFO:	[hmmsearch]	230 of 255 task(s) completed
2026-08-10 10:32:11 INFO:	[hmmsearch]	255 of 255 task(s) completed
2026-08-10 10:32:12 INFO:	

    ---------------------------------------------------
    |Results from dataset eukaryota_odb10              |
    ---------------------------------------------------
    |C:73.7%[S:63.5%,D:10.2%],F:18.4%,M:7.9%,n:255     |
    |188    Complete BUSCOs (C)                        |
    |162    Complete and single-copy BUSCOs (S)        |
    |26    Complete and duplicated BUSCOs (D)          |
    |47    Fragmented BUSCOs (F)                       |
    |20    Missing BUSCOs (M)                          |
    |255    Total BUSCO groups searched                |
    ---------------------------------------------------
2026-08-10 10:32:12 INFO:	BUSCO analysis done. Total running time: 13 seconds
2026-08-10 10:32:12 INFO:	Results written in /bank/ncbi/gnathostome/Tmp/246409/04_busco/busco_246409
2026-08-10 10:32:12 INFO:	For assistance with interpreting the results, please consult the userguide: https://busco.ezlab.org/busco_userguide.html

2026-08-10 10:32:12 INFO:	Visit this page https://gitlab.com/ezlab/busco#how-to-cite-busco to see how to cite BUSCO
