2026-08-10 10:31:48 INFO:	***** Start a BUSCO v5.7.1 analysis, current time: 08/10/2026 10:31:48 *****
2026-08-10 10:31:48 INFO:	Configuring BUSCO with local environment
2026-08-10 10:31:48 INFO:	Running proteins mode
2026-08-10 10:31:48 INFO:	Input file is /bank/ncbi/gnathostome/Tmp/559292/02_filtered/longest_isoform.faa
2026-08-10 10:31:48 INFO:	Running BUSCO using lineage dataset eukaryota_odb10 (eukaryota, 2024-01-08)
2026-08-10 10:31:48 INFO:	***** Run HMMER on gene sequences *****
2026-08-10 10:31:48 INFO:	Running 255 job(s) on hmmsearch, starting at 08/10/2026 10:31:48
2026-08-10 10:31:49 INFO:	[hmmsearch]	26 of 255 task(s) completed
2026-08-10 10:31:49 INFO:	[hmmsearch]	51 of 255 task(s) completed
2026-08-10 10:31:50 INFO:	[hmmsearch]	77 of 255 task(s) completed
2026-08-10 10:31:50 INFO:	[hmmsearch]	102 of 255 task(s) completed
2026-08-10 10:31:50 INFO:	[hmmsearch]	128 of 255 task(s) completed
2026-08-10 10:31:51 INFO:	[hmmsearch]	153 of 255 task(s) completed
2026-08-10 10:31:51 INFO:	[hmmsearch]	179 of 255 task(s) completed
2026-08-10 10:31:52 INFO:	[hmmsearch]	204 of 255 task(s) completed
2026-08-10 10:31:53 INFO:	[hmmsearch]	230 of 255 task(s) completed
2026-08-10 10:31:53 INFO:	[hmmsearch]	255 of 255 task(s) completed
2026-08-10 10:31:55 INFO:	

    ---------------------------------------------------
    |Results from dataset eukaryota_odb10              |
    ---------------------------------------------------
    |C:93.7%[S:92.9%,D:0.8%],F:0.8%,M:5.5%,n:255       |
    |239    Complete BUSCOs (C)                        |
    |237    Complete and single-copy BUSCOs (S)        |
    |2    Complete and duplicated BUSCOs (D)           |
    |2    Fragmented BUSCOs (F)                        |
    |14    Missing BUSCOs (M)                          |
    |255    Total BUSCO groups searched                |
    ---------------------------------------------------
2026-08-10 10:31:55 INFO:	BUSCO analysis done. Total running time: 6 seconds
2026-08-10 10:31:55 INFO:	Results written in /bank/ncbi/gnathostome/Tmp/559292/04_busco/busco_559292
2026-08-10 10:31:55 INFO:	For assistance with interpreting the results, please consult the userguide: https://busco.ezlab.org/busco_userguide.html

2026-08-10 10:31:55 INFO:	Visit this page https://gitlab.com/ezlab/busco#how-to-cite-busco to see how to cite BUSCO
