2026-08-10 11:23:09 INFO:	***** Start a BUSCO v5.7.1 analysis, current time: 08/10/2026 11:23:09 *****
2026-08-10 11:23:09 INFO:	Configuring BUSCO with local environment
2026-08-10 11:23:09 INFO:	Running proteins mode
2026-08-10 11:23:09 INFO:	Input file is /bank/ncbi/gnathostome/Tmp/29159/02_filtered/longest_isoform.faa
2026-08-10 11:23:09 INFO:	Running BUSCO using lineage dataset eukaryota_odb10 (eukaryota, 2024-01-08)
2026-08-10 11:23:09 INFO:	***** Run HMMER on gene sequences *****
2026-08-10 11:23:09 INFO:	Running 255 job(s) on hmmsearch, starting at 08/10/2026 11:23:09
2026-08-10 11:23:11 INFO:	[hmmsearch]	26 of 255 task(s) completed
2026-08-10 11:23:13 INFO:	[hmmsearch]	51 of 255 task(s) completed
2026-08-10 11:23:14 INFO:	[hmmsearch]	77 of 255 task(s) completed
2026-08-10 11:23:16 INFO:	[hmmsearch]	102 of 255 task(s) completed
2026-08-10 11:23:17 INFO:	[hmmsearch]	128 of 255 task(s) completed
2026-08-10 11:23:18 INFO:	[hmmsearch]	153 of 255 task(s) completed
2026-08-10 11:23:21 INFO:	[hmmsearch]	179 of 255 task(s) completed
2026-08-10 11:23:24 INFO:	[hmmsearch]	204 of 255 task(s) completed
2026-08-10 11:23:25 INFO:	[hmmsearch]	230 of 255 task(s) completed
2026-08-10 11:23:32 INFO:	[hmmsearch]	255 of 255 task(s) completed
2026-08-10 11:23:33 INFO:	

    ---------------------------------------------------
    |Results from dataset eukaryota_odb10              |
    ---------------------------------------------------
    |C:96.9%[S:95.3%,D:1.6%],F:0.4%,M:2.7%,n:255       |
    |247    Complete BUSCOs (C)                        |
    |243    Complete and single-copy BUSCOs (S)        |
    |4    Complete and duplicated BUSCOs (D)           |
    |1    Fragmented BUSCOs (F)                        |
    |7    Missing BUSCOs (M)                           |
    |255    Total BUSCO groups searched                |
    ---------------------------------------------------
2026-08-10 11:23:33 INFO:	BUSCO analysis done. Total running time: 24 seconds
2026-08-10 11:23:33 INFO:	Results written in /bank/ncbi/gnathostome/Tmp/29159/04_busco/busco_29159
2026-08-10 11:23:33 INFO:	For assistance with interpreting the results, please consult the userguide: https://busco.ezlab.org/busco_userguide.html

2026-08-10 11:23:33 INFO:	Visit this page https://gitlab.com/ezlab/busco#how-to-cite-busco to see how to cite BUSCO
