2026-08-10 10:50:14 INFO:	***** Start a BUSCO v5.7.1 analysis, current time: 08/10/2026 10:50:14 *****
2026-08-10 10:50:14 INFO:	Configuring BUSCO with local environment
2026-08-10 10:50:14 INFO:	Running proteins mode
2026-08-10 10:50:14 INFO:	Input file is /bank/ncbi/gnathostome/Tmp/7739/02_filtered/longest_isoform.faa
2026-08-10 10:50:14 INFO:	Running BUSCO using lineage dataset eukaryota_odb10 (eukaryota, 2024-01-08)
2026-08-10 10:50:14 INFO:	***** Run HMMER on gene sequences *****
2026-08-10 10:50:14 INFO:	Running 255 job(s) on hmmsearch, starting at 08/10/2026 10:50:14
2026-08-10 10:50:17 INFO:	[hmmsearch]	26 of 255 task(s) completed
2026-08-10 10:50:19 INFO:	[hmmsearch]	51 of 255 task(s) completed
2026-08-10 10:50:20 INFO:	[hmmsearch]	77 of 255 task(s) completed
2026-08-10 10:50:22 INFO:	[hmmsearch]	102 of 255 task(s) completed
2026-08-10 10:50:24 INFO:	[hmmsearch]	128 of 255 task(s) completed
2026-08-10 10:50:26 INFO:	[hmmsearch]	153 of 255 task(s) completed
2026-08-10 10:50:29 INFO:	[hmmsearch]	179 of 255 task(s) completed
2026-08-10 10:50:32 INFO:	[hmmsearch]	204 of 255 task(s) completed
2026-08-10 10:50:34 INFO:	[hmmsearch]	230 of 255 task(s) completed
2026-08-10 10:50:39 INFO:	[hmmsearch]	255 of 255 task(s) completed
2026-08-10 10:50:40 INFO:	

    ---------------------------------------------------
    |Results from dataset eukaryota_odb10              |
    ---------------------------------------------------
    |C:95.2%[S:92.5%,D:2.7%],F:3.5%,M:1.3%,n:255       |
    |243    Complete BUSCOs (C)                        |
    |236    Complete and single-copy BUSCOs (S)        |
    |7    Complete and duplicated BUSCOs (D)           |
    |9    Fragmented BUSCOs (F)                        |
    |3    Missing BUSCOs (M)                           |
    |255    Total BUSCO groups searched                |
    ---------------------------------------------------
2026-08-10 10:50:40 INFO:	BUSCO analysis done. Total running time: 26 seconds
2026-08-10 10:50:40 INFO:	Results written in /bank/ncbi/gnathostome/Tmp/7739/04_busco/busco_7739
2026-08-10 10:50:40 INFO:	For assistance with interpreting the results, please consult the userguide: https://busco.ezlab.org/busco_userguide.html

2026-08-10 10:50:40 INFO:	Visit this page https://gitlab.com/ezlab/busco#how-to-cite-busco to see how to cite BUSCO
