2026-08-10 11:07:23 INFO:	***** Start a BUSCO v5.7.1 analysis, current time: 08/10/2026 11:07:23 *****
2026-08-10 11:07:23 INFO:	Configuring BUSCO with local environment
2026-08-10 11:07:23 INFO:	Running proteins mode
2026-08-10 11:07:23 INFO:	Input file is /bank/ncbi/gnathostome/Tmp/6279/02_filtered/longest_isoform.faa
2026-08-10 11:07:23 INFO:	Running BUSCO using lineage dataset eukaryota_odb10 (eukaryota, 2024-01-08)
2026-08-10 11:07:23 INFO:	***** Run HMMER on gene sequences *****
2026-08-10 11:07:23 INFO:	Running 255 job(s) on hmmsearch, starting at 08/10/2026 11:07:23
2026-08-10 11:07:24 INFO:	[hmmsearch]	26 of 255 task(s) completed
2026-08-10 11:07:24 INFO:	[hmmsearch]	51 of 255 task(s) completed
2026-08-10 11:07:25 INFO:	[hmmsearch]	77 of 255 task(s) completed
2026-08-10 11:07:25 INFO:	[hmmsearch]	102 of 255 task(s) completed
2026-08-10 11:07:26 INFO:	[hmmsearch]	128 of 255 task(s) completed
2026-08-10 11:07:27 INFO:	[hmmsearch]	153 of 255 task(s) completed
2026-08-10 11:07:28 INFO:	[hmmsearch]	179 of 255 task(s) completed
2026-08-10 11:07:29 INFO:	[hmmsearch]	204 of 255 task(s) completed
2026-08-10 11:07:29 INFO:	[hmmsearch]	230 of 255 task(s) completed
2026-08-10 11:07:32 INFO:	[hmmsearch]	255 of 255 task(s) completed
2026-08-10 11:07:33 INFO:	

    ---------------------------------------------------
    |Results from dataset eukaryota_odb10              |
    ---------------------------------------------------
    |C:98.0%[S:97.6%,D:0.4%],F:0.8%,M:1.2%,n:255       |
    |250    Complete BUSCOs (C)                        |
    |249    Complete and single-copy BUSCOs (S)        |
    |1    Complete and duplicated BUSCOs (D)           |
    |2    Fragmented BUSCOs (F)                        |
    |3    Missing BUSCOs (M)                           |
    |255    Total BUSCO groups searched                |
    ---------------------------------------------------
2026-08-10 11:07:33 INFO:	BUSCO analysis done. Total running time: 10 seconds
2026-08-10 11:07:33 INFO:	Results written in /bank/ncbi/gnathostome/Tmp/6279/04_busco/busco_6279
2026-08-10 11:07:33 INFO:	For assistance with interpreting the results, please consult the userguide: https://busco.ezlab.org/busco_userguide.html

2026-08-10 11:07:33 INFO:	Visit this page https://gitlab.com/ezlab/busco#how-to-cite-busco to see how to cite BUSCO
