2026-08-10 11:25:19 INFO:	***** Start a BUSCO v5.7.1 analysis, current time: 08/10/2026 11:25:19 *****
2026-08-10 11:25:19 INFO:	Configuring BUSCO with local environment
2026-08-10 11:25:19 INFO:	Running proteins mode
2026-08-10 11:25:19 INFO:	Input file is /bank/ncbi/gnathostome/Tmp/157538/02_filtered/longest_isoform.faa
2026-08-10 11:25:19 INFO:	Running BUSCO using lineage dataset eukaryota_odb10 (eukaryota, 2024-01-08)
2026-08-10 11:25:19 INFO:	***** Run HMMER on gene sequences *****
2026-08-10 11:25:19 INFO:	Running 255 job(s) on hmmsearch, starting at 08/10/2026 11:25:19
2026-08-10 11:25:20 INFO:	[hmmsearch]	26 of 255 task(s) completed
2026-08-10 11:25:21 INFO:	[hmmsearch]	51 of 255 task(s) completed
2026-08-10 11:25:21 INFO:	[hmmsearch]	77 of 255 task(s) completed
2026-08-10 11:25:22 INFO:	[hmmsearch]	102 of 255 task(s) completed
2026-08-10 11:25:23 INFO:	[hmmsearch]	128 of 255 task(s) completed
2026-08-10 11:25:23 INFO:	[hmmsearch]	153 of 255 task(s) completed
2026-08-10 11:25:24 INFO:	[hmmsearch]	179 of 255 task(s) completed
2026-08-10 11:25:25 INFO:	[hmmsearch]	204 of 255 task(s) completed
2026-08-10 11:25:26 INFO:	[hmmsearch]	230 of 255 task(s) completed
2026-08-10 11:25:29 INFO:	[hmmsearch]	255 of 255 task(s) completed
2026-08-10 11:25:29 INFO:	

    ---------------------------------------------------
    |Results from dataset eukaryota_odb10              |
    ---------------------------------------------------
    |C:55.3%[S:52.9%,D:2.4%],F:9.8%,M:34.9%,n:255      |
    |141    Complete BUSCOs (C)                        |
    |135    Complete and single-copy BUSCOs (S)        |
    |6    Complete and duplicated BUSCOs (D)           |
    |25    Fragmented BUSCOs (F)                       |
    |89    Missing BUSCOs (M)                          |
    |255    Total BUSCO groups searched                |
    ---------------------------------------------------
2026-08-10 11:25:29 INFO:	BUSCO analysis done. Total running time: 10 seconds
2026-08-10 11:25:29 INFO:	Results written in /bank/ncbi/gnathostome/Tmp/157538/04_busco/busco_157538
2026-08-10 11:25:29 INFO:	For assistance with interpreting the results, please consult the userguide: https://busco.ezlab.org/busco_userguide.html

2026-08-10 11:25:29 INFO:	Visit this page https://gitlab.com/ezlab/busco#how-to-cite-busco to see how to cite BUSCO
