2026-08-10 10:35:57 INFO:	***** Start a BUSCO v5.7.1 analysis, current time: 08/10/2026 10:35:57 *****
2026-08-10 10:35:57 INFO:	Configuring BUSCO with local environment
2026-08-10 10:35:57 INFO:	Running proteins mode
2026-08-10 10:35:57 INFO:	Input file is /bank/ncbi/gnathostome/Tmp/5270/02_filtered/longest_isoform.faa
2026-08-10 10:35:57 INFO:	Running BUSCO using lineage dataset eukaryota_odb10 (eukaryota, 2024-01-08)
2026-08-10 10:35:57 INFO:	***** Run HMMER on gene sequences *****
2026-08-10 10:35:57 INFO:	Running 255 job(s) on hmmsearch, starting at 08/10/2026 10:35:57
2026-08-10 10:35:58 INFO:	[hmmsearch]	26 of 255 task(s) completed
2026-08-10 10:35:59 INFO:	[hmmsearch]	51 of 255 task(s) completed
2026-08-10 10:35:59 INFO:	[hmmsearch]	77 of 255 task(s) completed
2026-08-10 10:35:59 INFO:	[hmmsearch]	102 of 255 task(s) completed
2026-08-10 10:36:00 INFO:	[hmmsearch]	128 of 255 task(s) completed
2026-08-10 10:36:00 INFO:	[hmmsearch]	153 of 255 task(s) completed
2026-08-10 10:36:02 INFO:	[hmmsearch]	179 of 255 task(s) completed
2026-08-10 10:36:02 INFO:	[hmmsearch]	204 of 255 task(s) completed
2026-08-10 10:36:03 INFO:	[hmmsearch]	230 of 255 task(s) completed
2026-08-10 10:36:04 INFO:	[hmmsearch]	255 of 255 task(s) completed
2026-08-10 10:36:05 INFO:	

    ---------------------------------------------------
    |Results from dataset eukaryota_odb10              |
    ---------------------------------------------------
    |C:99.2%[S:98.8%,D:0.4%],F:0.0%,M:0.8%,n:255       |
    |253    Complete BUSCOs (C)                        |
    |252    Complete and single-copy BUSCOs (S)        |
    |1    Complete and duplicated BUSCOs (D)           |
    |0    Fragmented BUSCOs (F)                        |
    |2    Missing BUSCOs (M)                           |
    |255    Total BUSCO groups searched                |
    ---------------------------------------------------
2026-08-10 10:36:05 INFO:	BUSCO analysis done. Total running time: 8 seconds
2026-08-10 10:36:05 INFO:	Results written in /bank/ncbi/gnathostome/Tmp/5270/04_busco/busco_5270
2026-08-10 10:36:05 INFO:	For assistance with interpreting the results, please consult the userguide: https://busco.ezlab.org/busco_userguide.html

2026-08-10 10:36:05 INFO:	Visit this page https://gitlab.com/ezlab/busco#how-to-cite-busco to see how to cite BUSCO
