2026-08-10 11:13:25 INFO:	***** Start a BUSCO v5.7.1 analysis, current time: 08/10/2026 11:13:25 *****
2026-08-10 11:13:25 INFO:	Configuring BUSCO with local environment
2026-08-10 11:13:25 INFO:	Running proteins mode
2026-08-10 11:13:25 INFO:	Input file is /bank/ncbi/gnathostome/Tmp/88925/02_filtered/longest_isoform.faa
2026-08-10 11:13:25 INFO:	Running BUSCO using lineage dataset eukaryota_odb10 (eukaryota, 2024-01-08)
2026-08-10 11:13:25 INFO:	***** Run HMMER on gene sequences *****
2026-08-10 11:13:25 INFO:	Running 255 job(s) on hmmsearch, starting at 08/10/2026 11:13:25
2026-08-10 11:13:27 INFO:	[hmmsearch]	26 of 255 task(s) completed
2026-08-10 11:13:28 INFO:	[hmmsearch]	51 of 255 task(s) completed
2026-08-10 11:13:29 INFO:	[hmmsearch]	77 of 255 task(s) completed
2026-08-10 11:13:30 INFO:	[hmmsearch]	102 of 255 task(s) completed
2026-08-10 11:13:31 INFO:	[hmmsearch]	128 of 255 task(s) completed
2026-08-10 11:13:32 INFO:	[hmmsearch]	153 of 255 task(s) completed
2026-08-10 11:13:35 INFO:	[hmmsearch]	179 of 255 task(s) completed
2026-08-10 11:13:37 INFO:	[hmmsearch]	204 of 255 task(s) completed
2026-08-10 11:13:38 INFO:	[hmmsearch]	230 of 255 task(s) completed
2026-08-10 11:13:45 INFO:	[hmmsearch]	255 of 255 task(s) completed
2026-08-10 11:13:46 INFO:	

    ---------------------------------------------------
    |Results from dataset eukaryota_odb10              |
    ---------------------------------------------------
    |C:99.6%[S:99.2%,D:0.4%],F:0.4%,M:0.0%,n:255       |
    |254    Complete BUSCOs (C)                        |
    |253    Complete and single-copy BUSCOs (S)        |
    |1    Complete and duplicated BUSCOs (D)           |
    |1    Fragmented BUSCOs (F)                        |
    |0    Missing BUSCOs (M)                           |
    |255    Total BUSCO groups searched                |
    ---------------------------------------------------
2026-08-10 11:13:46 INFO:	BUSCO analysis done. Total running time: 21 seconds
2026-08-10 11:13:46 INFO:	Results written in /bank/ncbi/gnathostome/Tmp/88925/04_busco/busco_88925
2026-08-10 11:13:46 INFO:	For assistance with interpreting the results, please consult the userguide: https://busco.ezlab.org/busco_userguide.html

2026-08-10 11:13:46 INFO:	Visit this page https://gitlab.com/ezlab/busco#how-to-cite-busco to see how to cite BUSCO
