2026-08-10 12:27:47 INFO:	***** Start a BUSCO v5.7.1 analysis, current time: 08/10/2026 12:27:47 *****
2026-08-10 12:27:47 INFO:	Configuring BUSCO with local environment
2026-08-10 12:27:47 INFO:	Running proteins mode
2026-08-10 12:27:47 INFO:	'Force' option selected; overwriting previous results directory
2026-08-10 12:27:47 INFO:	Input file is /bank/ncbi/gnathostome/Tmp/1480154/02_filtered/longest_isoform.faa
2026-08-10 12:27:47 INFO:	Running BUSCO using lineage dataset eukaryota_odb10 (eukaryota, 2024-01-08)
2026-08-10 12:27:47 INFO:	***** Run HMMER on gene sequences *****
2026-08-10 12:27:47 INFO:	Running 255 job(s) on hmmsearch, starting at 08/10/2026 12:27:47
2026-08-10 12:27:49 INFO:	[hmmsearch]	26 of 255 task(s) completed
2026-08-10 12:27:49 INFO:	[hmmsearch]	51 of 255 task(s) completed
2026-08-10 12:27:50 INFO:	[hmmsearch]	77 of 255 task(s) completed
2026-08-10 12:27:51 INFO:	[hmmsearch]	102 of 255 task(s) completed
2026-08-10 12:27:51 INFO:	[hmmsearch]	128 of 255 task(s) completed
2026-08-10 12:27:53 INFO:	[hmmsearch]	153 of 255 task(s) completed
2026-08-10 12:27:54 INFO:	[hmmsearch]	179 of 255 task(s) completed
2026-08-10 12:27:56 INFO:	[hmmsearch]	204 of 255 task(s) completed
2026-08-10 12:27:56 INFO:	[hmmsearch]	230 of 255 task(s) completed
2026-08-10 12:27:59 INFO:	[hmmsearch]	255 of 255 task(s) completed
2026-08-10 12:27:59 INFO:	

    ---------------------------------------------------
    |Results from dataset eukaryota_odb10              |
    ---------------------------------------------------
    |C:99.6%[S:97.6%,D:2.0%],F:0.4%,M:0.0%,n:255       |
    |254    Complete BUSCOs (C)                        |
    |249    Complete and single-copy BUSCOs (S)        |
    |5    Complete and duplicated BUSCOs (D)           |
    |1    Fragmented BUSCOs (F)                        |
    |0    Missing BUSCOs (M)                           |
    |255    Total BUSCO groups searched                |
    ---------------------------------------------------
2026-08-10 12:27:59 INFO:	BUSCO analysis done. Total running time: 12 seconds
2026-08-10 12:27:59 INFO:	Results written in /bank/ncbi/gnathostome/Tmp/1480154/04_busco/busco_1480154
2026-08-10 12:27:59 INFO:	For assistance with interpreting the results, please consult the userguide: https://busco.ezlab.org/busco_userguide.html

2026-08-10 12:27:59 INFO:	Visit this page https://gitlab.com/ezlab/busco#how-to-cite-busco to see how to cite BUSCO
