2026-08-10 11:31:58 INFO:	***** Start a BUSCO v5.7.1 analysis, current time: 08/10/2026 11:31:58 *****
2026-08-10 11:31:58 INFO:	Configuring BUSCO with local environment
2026-08-10 11:31:58 INFO:	Running proteins mode
2026-08-10 11:31:58 INFO:	Input file is /bank/ncbi/gnathostome/Tmp/508771/02_filtered/longest_isoform.faa
2026-08-10 11:31:58 INFO:	Running BUSCO using lineage dataset eukaryota_odb10 (eukaryota, 2024-01-08)
2026-08-10 11:31:58 INFO:	***** Run HMMER on gene sequences *****
2026-08-10 11:31:58 INFO:	Running 255 job(s) on hmmsearch, starting at 08/10/2026 11:31:58
2026-08-10 11:32:00 INFO:	[hmmsearch]	26 of 255 task(s) completed
2026-08-10 11:32:01 INFO:	[hmmsearch]	51 of 255 task(s) completed
2026-08-10 11:32:01 INFO:	[hmmsearch]	77 of 255 task(s) completed
2026-08-10 11:32:02 INFO:	[hmmsearch]	102 of 255 task(s) completed
2026-08-10 11:32:03 INFO:	[hmmsearch]	128 of 255 task(s) completed
2026-08-10 11:32:03 INFO:	[hmmsearch]	153 of 255 task(s) completed
2026-08-10 11:32:05 INFO:	[hmmsearch]	179 of 255 task(s) completed
2026-08-10 11:32:06 INFO:	[hmmsearch]	204 of 255 task(s) completed
2026-08-10 11:32:06 INFO:	[hmmsearch]	230 of 255 task(s) completed
2026-08-10 11:32:08 INFO:	[hmmsearch]	255 of 255 task(s) completed
2026-08-10 11:32:08 INFO:	

    ---------------------------------------------------
    |Results from dataset eukaryota_odb10              |
    ---------------------------------------------------
    |C:59.6%[S:59.2%,D:0.4%],F:10.2%,M:30.2%,n:255     |
    |152    Complete BUSCOs (C)                        |
    |151    Complete and single-copy BUSCOs (S)        |
    |1    Complete and duplicated BUSCOs (D)           |
    |26    Fragmented BUSCOs (F)                       |
    |77    Missing BUSCOs (M)                          |
    |255    Total BUSCO groups searched                |
    ---------------------------------------------------
2026-08-10 11:32:08 INFO:	BUSCO analysis done. Total running time: 10 seconds
2026-08-10 11:32:08 INFO:	Results written in /bank/ncbi/gnathostome/Tmp/508771/04_busco/busco_508771
2026-08-10 11:32:08 INFO:	For assistance with interpreting the results, please consult the userguide: https://busco.ezlab.org/busco_userguide.html

2026-08-10 11:32:08 INFO:	Visit this page https://gitlab.com/ezlab/busco#how-to-cite-busco to see how to cite BUSCO
