[INFO] Row 22: taxid 2820187 (Bolinopsis microptera)
 WARNING:  FAILURE ( Sat Aug  8 01:25:00 PM KST 2026 )
nquire -get https://eutils.ncbi.nlm.nih.gov/entrez/eutils/ esearch.fcgi -db protein -WebEnv MCID_6a76af9a65780eafa2043e2b -term \(\#1\) -retmax 0 -usehistory y -tool edirect -edirect 24.0 -edirect_os Linux -email liha@pichu.rna.snu.ac.kr
<ERROR>Search Backend failed:</ERROR>
SECOND ATTEMPT
 WARNING:  FAILURE ( Sat Aug  8 01:25:02 PM KST 2026 )
nquire -get https://eutils.ncbi.nlm.nih.gov/entrez/eutils/ esearch.fcgi -db protein -WebEnv MCID_6a76af9a65780eafa2043e2b -term \(\#1\) -retmax 0 -usehistory y -tool edirect -edirect 24.0 -edirect_os Linux -email liha@pichu.rna.snu.ac.kr
<ERROR>Search Backend failed:</ERROR>
LAST ATTEMPT
 ERROR:  FAILURE ( Sat Aug  8 01:25:04 PM KST 2026 )
nquire -get https://eutils.ncbi.nlm.nih.gov/entrez/eutils/ esearch.fcgi -db protein -WebEnv MCID_6a76af9a65780eafa2043e2b -term \(\#1\) -retmax 0 -usehistory y -tool edirect -edirect 24.0 -edirect_os Linux -email liha@pichu.rna.snu.ac.kr
<?xml version="1.0" encoding="UTF-8" ?>
<!DOCTYPE eSearchResult>
<eSearchResult>
  <ERROR>Search Backend failed:</ERROR>
</eSearchResult>
QUERY FAILURE
 WARNING:  FAILURE ( Sat Aug  8 01:25:16 PM KST 2026 )
nquire -get https://eutils.ncbi.nlm.nih.gov/entrez/eutils/ esearch.fcgi -db protein -WebEnv MCID_6a76afa4d8a729612506d312 -term \(\#1\) -retmax 0 -usehistory y -tool edirect -edirect 24.0 -edirect_os Linux -email liha@pichu.rna.snu.ac.kr
<ERROR>Search Backend failed:</ERROR>
SECOND ATTEMPT
 WARNING:  FAILURE ( Sat Aug  8 01:25:17 PM KST 2026 )
nquire -get https://eutils.ncbi.nlm.nih.gov/entrez/eutils/ esearch.fcgi -db protein -WebEnv MCID_6a76afa4d8a729612506d312 -term \(\#1\) -retmax 0 -usehistory y -tool edirect -edirect 24.0 -edirect_os Linux -email liha@pichu.rna.snu.ac.kr
<ERROR>Search Backend failed:</ERROR>
LAST ATTEMPT
 ERROR:  FAILURE ( Sat Aug  8 01:25:20 PM KST 2026 )
nquire -get https://eutils.ncbi.nlm.nih.gov/entrez/eutils/ esearch.fcgi -db protein -WebEnv MCID_6a76afa4d8a729612506d312 -term \(\#1\) -retmax 0 -usehistory y -tool edirect -edirect 24.0 -edirect_os Linux -email liha@pichu.rna.snu.ac.kr
<?xml version="1.0" encoding="UTF-8" ?>
<!DOCTYPE eSearchResult>
<eSearchResult>
  <ERROR>Search Backend failed:</ERROR>
</eSearchResult>
QUERY FAILURE
 WARNING:  FAILURE ( Sat Aug  8 01:25:27 PM KST 2026 )
nquire -get https://eutils.ncbi.nlm.nih.gov/entrez/eutils/ esearch.fcgi -db protein -WebEnv MCID_6a76afb54982206666079730 -term \(\#1\) -retmax 0 -usehistory y -tool edirect -edirect 24.0 -edirect_os Linux -email liha@pichu.rna.snu.ac.kr
<ERROR>Search Backend failed:</ERROR>
SECOND ATTEMPT
 WARNING:  FAILURE ( Sat Aug  8 01:25:30 PM KST 2026 )
nquire -get https://eutils.ncbi.nlm.nih.gov/entrez/eutils/ esearch.fcgi -db protein -WebEnv MCID_6a76afb54982206666079730 -term \(\#1\) -retmax 0 -usehistory y -tool edirect -edirect 24.0 -edirect_os Linux -email liha@pichu.rna.snu.ac.kr
<ERROR>Search Backend failed:</ERROR>
LAST ATTEMPT
 ERROR:  FAILURE ( Sat Aug  8 01:25:32 PM KST 2026 )
nquire -get https://eutils.ncbi.nlm.nih.gov/entrez/eutils/ esearch.fcgi -db protein -WebEnv MCID_6a76afb54982206666079730 -term \(\#1\) -retmax 0 -usehistory y -tool edirect -edirect 24.0 -edirect_os Linux -email liha@pichu.rna.snu.ac.kr
<?xml version="1.0" encoding="UTF-8" ?>
<!DOCTYPE eSearchResult>
<eSearchResult>
  <ERROR>Search Backend failed:</ERROR>
</eSearchResult>
QUERY FAILURE
 WARNING:  FAILURE ( Sat Aug  8 01:25:39 PM KST 2026 )
nquire -get https://eutils.ncbi.nlm.nih.gov/entrez/eutils/ esearch.fcgi -db protein -WebEnv MCID_6a76afc02f65c1b30a0f070e -term \(\#1\) -retmax 0 -usehistory y -tool edirect -edirect 24.0 -edirect_os Linux -email liha@pichu.rna.snu.ac.kr
<ERROR>Search Backend failed:</ERROR>
SECOND ATTEMPT
curl: (22) The requested URL returned error: 500
 ERROR:  curl command failed ( Sat Aug  8 01:25:42 PM KST 2026 ) with: 22
-X GET https://eutils.ncbi.nlm.nih.gov/entrez/eutils/esearch.fcgi?db=protein&WebEnv=MCID_6a76afc02f65c1b30a0f070e&term=%28%231%29&retmax=0&usehistory=y&tool=edirect&edirect=24.0&edirect_os=Linux&email=liha%40pichu.rna.snu.ac.kr
HTTP/1.0 500 Internal Server Error
 WARNING:  FAILURE ( Sat Aug  8 01:25:41 PM KST 2026 )
nquire -get https://eutils.ncbi.nlm.nih.gov/entrez/eutils/ esearch.fcgi -db protein -WebEnv MCID_6a76afc02f65c1b30a0f070e -term \(\#1\) -retmax 0 -usehistory y -tool edirect -edirect 24.0 -edirect_os Linux -email liha@pichu.rna.snu.ac.kr
EMPTY RESULT
LAST ATTEMPT
 ERROR:  FAILURE ( Sat Aug  8 01:26:03 PM KST 2026 )
nquire -get https://eutils.ncbi.nlm.nih.gov/entrez/eutils/ esearch.fcgi -db protein -WebEnv MCID_6a76afc02f65c1b30a0f070e -term \(\#1\) -retmax 0 -usehistory y -tool edirect -edirect 24.0 -edirect_os Linux -email liha@pichu.rna.snu.ac.kr
<?xml version="1.0" encoding="UTF-8" ?>
<!DOCTYPE eSearchResult>
<eSearchResult>
  <ERROR>Search Backend failed:</ERROR>
</eSearchResult>
QUERY FAILURE
 WARNING:  FAILURE ( Sat Aug  8 01:26:13 PM KST 2026 )
nquire -get https://eutils.ncbi.nlm.nih.gov/entrez/eutils/ esearch.fcgi -db protein -WebEnv MCID_6a76afe08684a561650b3c8f -term \(\#1\) -retmax 0 -usehistory y -tool edirect -edirect 24.0 -edirect_os Linux -email liha@pichu.rna.snu.ac.kr
<ERROR>Search Backend failed:</ERROR>
SECOND ATTEMPT
 WARNING:  FAILURE ( Sat Aug  8 01:27:41 PM KST 2026 )
nquire -get https://eutils.ncbi.nlm.nih.gov/entrez/eutils/ esearch.fcgi -db protein -WebEnv MCID_6a76b038d8a729612506d3e2 -term \(\#1\) -retmax 0 -usehistory y -tool edirect -edirect 24.0 -edirect_os Linux -email liha@pichu.rna.snu.ac.kr
<ERROR>Search Backend failed:</ERROR>
SECOND ATTEMPT
 WARNING:  FAILURE ( Sat Aug  8 01:27:43 PM KST 2026 )
nquire -get https://eutils.ncbi.nlm.nih.gov/entrez/eutils/ esearch.fcgi -db protein -WebEnv MCID_6a76b038d8a729612506d3e2 -term \(\#1\) -retmax 0 -usehistory y -tool edirect -edirect 24.0 -edirect_os Linux -email liha@pichu.rna.snu.ac.kr
<ERROR>Search Backend failed:</ERROR>
LAST ATTEMPT
 ERROR:  FAILURE ( Sat Aug  8 01:27:44 PM KST 2026 )
nquire -get https://eutils.ncbi.nlm.nih.gov/entrez/eutils/ esearch.fcgi -db protein -WebEnv MCID_6a76b038d8a729612506d3e2 -term \(\#1\) -retmax 0 -usehistory y -tool edirect -edirect 24.0 -edirect_os Linux -email liha@pichu.rna.snu.ac.kr
<?xml version="1.0" encoding="UTF-8" ?>
<!DOCTYPE eSearchResult>
<eSearchResult>
  <ERROR>Search Backend failed:</ERROR>
</eSearchResult>
QUERY FAILURE
 WARNING:  FAILURE ( Sat Aug  8 01:27:54 PM KST 2026 )
nquire -get https://eutils.ncbi.nlm.nih.gov/entrez/eutils/ esearch.fcgi -db protein -WebEnv MCID_6a76b048e4547de52d0c957d -term \(\#1\) -retmax 0 -usehistory y -tool edirect -edirect 24.0 -edirect_os Linux -email liha@pichu.rna.snu.ac.kr
<ERROR>Search Backend failed:</ERROR>
SECOND ATTEMPT
 WARNING:  FAILURE ( Sat Aug  8 01:27:56 PM KST 2026 )
nquire -get https://eutils.ncbi.nlm.nih.gov/entrez/eutils/ esearch.fcgi -db protein -WebEnv MCID_6a76b048e4547de52d0c957d -term \(\#1\) -retmax 0 -usehistory y -tool edirect -edirect 24.0 -edirect_os Linux -email liha@pichu.rna.snu.ac.kr
<ERROR>Search Backend failed:</ERROR>
LAST ATTEMPT
 ERROR:  FAILURE ( Sat Aug  8 01:27:58 PM KST 2026 )
nquire -get https://eutils.ncbi.nlm.nih.gov/entrez/eutils/ esearch.fcgi -db protein -WebEnv MCID_6a76b048e4547de52d0c957d -term \(\#1\) -retmax 0 -usehistory y -tool edirect -edirect 24.0 -edirect_os Linux -email liha@pichu.rna.snu.ac.kr
<?xml version="1.0" encoding="UTF-8" ?>
<!DOCTYPE eSearchResult>
<eSearchResult>
  <ERROR>Search Backend failed:</ERROR>
</eSearchResult>
QUERY FAILURE
 WARNING:  FAILURE ( Sat Aug  8 01:28:08 PM KST 2026 )
nquire -get https://eutils.ncbi.nlm.nih.gov/entrez/eutils/ esearch.fcgi -db protein -WebEnv MCID_6a76b0554aa9a4b927018e9e -term \(\#1\) -retmax 0 -usehistory y -tool edirect -edirect 24.0 -edirect_os Linux -email liha@pichu.rna.snu.ac.kr
<ERROR>Search Backend failed:</ERROR>
SECOND ATTEMPT
 WARNING:  FAILURE ( Sat Aug  8 01:28:10 PM KST 2026 )
nquire -get https://eutils.ncbi.nlm.nih.gov/entrez/eutils/ esearch.fcgi -db protein -WebEnv MCID_6a76b0554aa9a4b927018e9e -term \(\#1\) -retmax 0 -usehistory y -tool edirect -edirect 24.0 -edirect_os Linux -email liha@pichu.rna.snu.ac.kr
<ERROR>Search Backend failed:</ERROR>
LAST ATTEMPT
 ERROR:  FAILURE ( Sat Aug  8 01:28:24 PM KST 2026 )
nquire -get https://eutils.ncbi.nlm.nih.gov/entrez/eutils/ esearch.fcgi -db protein -WebEnv MCID_6a76b0554aa9a4b927018e9e -term \(\#1\) -retmax 0 -usehistory y -tool edirect -edirect 24.0 -edirect_os Linux -email liha@pichu.rna.snu.ac.kr
<?xml version="1.0" encoding="UTF-8" ?>
<!DOCTYPE eSearchResult>
<eSearchResult>
  <ERROR>Search Backend failed:</ERROR>
</eSearchResult>
QUERY FAILURE
 WARNING:  FAILURE ( Sat Aug  8 01:30:10 PM KST 2026 )
nquire -get https://eutils.ncbi.nlm.nih.gov/entrez/eutils/ esearch.fcgi -db protein -WebEnv MCID_6a76b0cf776208c9cd0d4765 -term \(\#1\) -retmax 0 -usehistory y -tool edirect -edirect 24.0 -edirect_os Linux -email liha@pichu.rna.snu.ac.kr
<ERROR>Search Backend failed:</ERROR>
SECOND ATTEMPT
 WARNING:  FAILURE ( Sat Aug  8 01:30:12 PM KST 2026 )
nquire -get https://eutils.ncbi.nlm.nih.gov/entrez/eutils/ esearch.fcgi -db protein -WebEnv MCID_6a76b0cf776208c9cd0d4765 -term \(\#1\) -retmax 0 -usehistory y -tool edirect -edirect 24.0 -edirect_os Linux -email liha@pichu.rna.snu.ac.kr
<ERROR>Search Backend failed:</ERROR>
LAST ATTEMPT
 ERROR:  FAILURE ( Sat Aug  8 01:30:14 PM KST 2026 )
nquire -get https://eutils.ncbi.nlm.nih.gov/entrez/eutils/ esearch.fcgi -db protein -WebEnv MCID_6a76b0cf776208c9cd0d4765 -term \(\#1\) -retmax 0 -usehistory y -tool edirect -edirect 24.0 -edirect_os Linux -email liha@pichu.rna.snu.ac.kr
<?xml version="1.0" encoding="UTF-8" ?>
<!DOCTYPE eSearchResult>
<eSearchResult>
  <ERROR>Search Backend failed:</ERROR>
</eSearchResult>
QUERY FAILURE
 WARNING:  FAILURE ( Sat Aug  8 01:30:22 PM KST 2026 )
nquire -get https://eutils.ncbi.nlm.nih.gov/entrez/eutils/ esearch.fcgi -db protein -WebEnv MCID_6a76b0da4aa9a4b927018f1c -term \(\#1\) -retmax 0 -usehistory y -tool edirect -edirect 24.0 -edirect_os Linux -email liha@pichu.rna.snu.ac.kr
<ERROR>Search Backend failed:</ERROR>
SECOND ATTEMPT
curl: (22) The requested URL returned error: 502
 ERROR:  curl command failed ( Sat Aug  8 01:31:11 PM KST 2026 ) with: 22
-X POST https://eutils.ncbi.nlm.nih.gov/entrez/eutils/epost.fcgi -d db=protein&id=XP_063689720.1%2CXP_063689721.1%2CXP_063689722.1%2CXP_063689723.1%2CXP_063689724.1%2CXP_063689725.1%2CXP_063689726.1%2CXP_063689727.1%2CXP_063689728.1%2CXP_063689729.1%2CXP_063689730.1%2CXP_063689731.1%2CXP_063689732.1%2CXP_063689733.1%2CXP_063689734.1%2CXP_063689735.1%2CXP_063689736.1%2CXP_063689737.1%2CXP_063689738.1%2CXP_063689739.1%2CXP_063689740.1%2CXP_063689741.1%2CXP_063689742.1%2CXP_063689743.1%2CXP_063689744.1%2CXP_063689745.1%2CXP_063689746.1%2CXP_063689747.1%2CXP_063689748.1%2CXP_063689749.1%2CXP_063689750.1%2CXP_063689751.1%2CXP_063689752.1%2CXP_063689753.1%2CXP_063689754.1%2CXP_063689755.1%2CXP_063689756.1%2CXP_063689757.1%2CXP_063689758.1%2CXP_063689759.1%2CXP_063689760.1%2CXP_063689761.1%2CXP_063689762.1%2CXP_063689763.1%2CXP_063689764.1%2CXP_063689765.1%2CXP_063689766.1%2CXP_063689767.1%2CXP_063689768.1%2CXP_063689769.1%2CXP_063689770.1%2CXP_063689771.1%2CXP_063689772.1%2CXP_063689773.1%2CXP_063689774.1%2CXP_063689775.1%2CXP_063689776.1%2CXP_063689777.1%2CXP_063689778.1%2CXP_063689779.1%2CXP_063689780.1%2CXP_063689781.1%2CXP_063689782.1%2CXP_063689783.1%2CXP_063689784.1%2CXP_063689785.1%2CXP_063689786.1%2CXP_063689787.1%2CXP_063689788.1%2CXP_063689789.1%2CXP_063689790.1%2CXP_063689791.1%2CXP_063689792.1%2CXP_063689793.1%2CXP_063689794.1%2CXP_063689795.1%2CXP_063689796.1%2CXP_063689797.1%2CXP_063689798.1%2CXP_063689799.1%2CXP_063689800.1%2CXP_063689801.1%2CXP_063689802.1%2CXP_063689803.1%2CXP_063689804.1%2CXP_063689805.1%2CXP_063689806.1%2CXP_063689807.1%2CXP_063689808.1%2CXP_063689809.1%2CXP_063689810.1%2CXP_063689811.1%2CXP_063689812.1%2CXP_063689813.1%2CXP_063689814.1%2CXP_063689815.1%2CXP_063689816.1%2CXP_063689817.1%2CXP_063689818.1%2CXP_063689819.1%2CXP_063689820.1%2CXP_063689821.1%2CXP_063689822.1%2CXP_063689823.1%2CXP_063689824.1%2CXP_063689825.1%2CXP_063689826.1%2CXP_063689827.1%2CXP_063689828.1%2CXP_063689829.1%2CXP_063689830.1%2CXP_063689831.1%2CXP_063689832.1%2CXP_063689833.1%2CXP_063689834.1%2CXP_063689835.1%2CXP_063689836.1%2CXP_063689837.1%2CXP_063689838.1%2CXP_063689839.1%2CXP_063689840.1%2CXP_063689841.1%2CXP_063689842.1%2CXP_063689843.1%2CXP_063689844.1%2CXP_063689845.1%2CXP_063689846.1%2CXP_063689847.1%2CXP_063689848.1%2CXP_063689849.1%2CXP_063689850.1%2CXP_063689851.1%2CXP_063689852.1%2CXP_063689853.1%2CXP_063689854.1%2CXP_063689855.1%2CXP_063689856.1%2CXP_063689857.1%2CXP_063689858.1%2CXP_063689859.1%2CXP_063689860.1%2CXP_063689861.1%2CXP_063689862.1%2CXP_063689863.1%2CXP_063689864.1%2CXP_063689865.1%2CXP_063689866.1%2CXP_063689867.1%2CXP_063689868.1%2CXP_063689869.1%2CXP_063689870.1%2CXP_063689871.1%2CXP_063689872.1%2CXP_063689873.1%2CXP_063689874.1%2CXP_063689875.1%2CXP_063689876.1%2CXP_063689877.1%2CXP_063689878.1%2CXP_063689879.1%2CXP_063689880.1%2CXP_063689881.1%2CXP_063689882.1%2CXP_063689883.1%2CXP_063689884.1%2CXP_063689885.1%2CXP_063689886.1%2CXP_063689887.1%2CXP_063689888.1%2CXP_063689889.1%2CXP_063689890.1%2CXP_063689891.1%2CXP_063689892.1%2CXP_063689893.1%2CXP_063689894.1%2CXP_063689895.1%2CXP_063689896.1%2CXP_063689897.1%2CXP_063689898.1%2CXP_063689899.1%2CXP_063689900.1%2CXP_063689901.1%2CXP_063689902.1%2CXP_063689903.1%2CXP_063689904.1%2CXP_063689905.1%2CXP_063689906.1%2CXP_063689907.1%2CXP_063689908.1%2CXP_063689909.1%2CXP_063689910.1%2CXP_063689911.1%2CXP_063689912.1%2CXP_063689913.1%2CXP_063689914.1%2CXP_063689915.1%2CXP_063689916.1%2CXP_063689917.1%2CXP_063689918.1%2CXP_063689919.1%2CXP_063689920.1%2CXP_063689921.1%2CXP_063689922.1%2CXP_063689923.1%2CXP_063689924.1%2CXP_063689925.1%2CXP_063689926.1%2CXP_063689927.1%2CXP_063689928.1%2CXP_063689929.1%2CXP_063689930.1%2CXP_063689931.1%2CXP_063689932.1%2CXP_063689933.1%2CXP_063689934.1%2CXP_063689935.1%2CXP_063689936.1%2CXP_063689937.1%2CXP_063689938.1%2CXP_063689939.1%2CXP_063689940.1%2CXP_063689941.1%2CXP_063689942.1%2CXP_063689943.1%2CXP_063689944.1%2CXP_063689945.1%2CXP_063689946.1%2CXP_063689947.1%2CXP_063689948.1%2CXP_063689949.1%2CXP_063689950.1%2CXP_063689951.1%2CXP_063689952.1%2CXP_063689953.1%2CXP_063689954.1%2CXP_063689955.1%2CXP_063689956.1%2CXP_063689957.1%2CXP_063689958.1%2CXP_063689959.1%2CXP_063689960.1%2CXP_063689961.1%2CXP_063689962.1%2CXP_063689963.1%2CXP_063689964.1%2CXP_063689965.1%2CXP_063689966.1%2CXP_063689967.1%2CXP_063689968.1%2CXP_063689969.1%2CXP_063689970.1%2CXP_063689971.1%2CXP_063689972.1%2CXP_063689973.1%2CXP_063689974.1%2CXP_063689975.1%2CXP_063689976.1%2CXP_063689977.1%2CXP_063689978.1%2CXP_063689979.1%2CXP_063689980.1%2CXP_063689981.1%2CXP_063689982.1%2CXP_063689983.1%2CXP_063689984.1%2CXP_063689985.1%2CXP_063689986.1%2CXP_063689987.1%2CXP_063689988.1%2CXP_063689989.1%2CXP_063689990.1%2CXP_063689991.1%2CXP_063689992.1%2CXP_063689993.1%2CXP_063689994.1%2CXP_063689995.1%2CXP_063689996.1%2CXP_063689997.1%2CXP_063689998.1%2CXP_063689999.1%2CXP_063690000.1%2CXP_063690001.1%2CXP_063690002.1%2CXP_063690003.1%2CXP_063690004.1%2CXP_063690005.1%2CXP_063690006.1%2CXP_063690007.1%2CXP_063690008.1%2CXP_063690009.1%2CXP_063690010.1%2CXP_063690011.1%2CXP_063690012.1%2CXP_063690013.1%2CXP_063690014.1%2CXP_063690015.1%2CXP_063690016.1%2CXP_063690017.1%2CXP_063690018.1%2CXP_063690019.1%2CXP_063690020.1%2CXP_063690021.1%2CXP_063690022.1%2CXP_063690023.1%2CXP_063690024.1%2CXP_063690025.1%2CXP_063690026.1%2CXP_063690027.1%2CXP_063690028.1%2CXP_063690029.1%2CXP_063690030.1%2CXP_063690031.1%2CXP_063690032.1%2CXP_063690033.1%2CXP_063690034.1%2CXP_063690035.1%2CXP_063690036.1%2CXP_063690037.1%2CXP_063690038.1%2CXP_063690039.1%2CXP_063690040.1%2CXP_063690041.1%2CXP_063690042.1%2CXP_063690043.1%2CXP_063690044.1%2CXP_063690045.1%2CXP_063690046.1%2CXP_063690047.1%2CXP_063690048.1%2CXP_063690049.1%2CXP_063690050.1%2CXP_063690051.1%2CXP_063690052.1%2CXP_063690053.1%2CXP_063690054.1%2CXP_063690055.1%2CXP_063690056.1%2CXP_063690057.1%2CXP_063690058.1%2CXP_063690059.1%2CXP_063690060.1%2CXP_063690061.1%2CXP_063690062.1%2CXP_063690063.1%2CXP_063690064.1%2CXP_063690065.1%2CXP_063690066.1%2CXP_063690067.1%2CXP_063690068.1%2CXP_063690069.1%2CXP_063690070.1%2CXP_063690071.1%2CXP_063690072.1%2CXP_063690073.1%2CXP_063690074.1%2CXP_063690075.1%2CXP_063690076.1%2CXP_063690077.1%2CXP_063690078.1%2CXP_063690079.1%2CXP_063690080.1%2CXP_063690081.1%2CXP_063690082.1%2CXP_063690083.1%2CXP_063690084.1%2CXP_063690085.1%2CXP_063690086.1%2CXP_063690087.1%2CXP_063690088.1%2CXP_063690089.1%2CXP_063690090.1%2CXP_063690091.1%2CXP_063690092.1%2CXP_063690093.1%2CXP_063690094.1%2CXP_063690095.1%2CXP_063690096.1%2CXP_063690097.1%2CXP_063690098.1%2CXP_063690099.1%2CXP_063690100.1%2CXP_063690101.1%2CXP_063690102.1%2CXP_063690103.1%2CXP_063690104.1%2CXP_063690105.1%2CXP_063690106.1%2CXP_063690107.1%2CXP_063690108.1%2CXP_063690109.1%2CXP_063690110.1%2CXP_063690111.1%2CXP_063690112.1%2CXP_063690113.1%2CXP_063690114.1%2CXP_063690115.1%2CXP_063690116.1%2CXP_063690117.1%2CXP_063690118.1%2CXP_063690119.1%2CXP_063690120.1%2CXP_063690121.1%2CXP_063690122.1%2CXP_063690123.1%2CXP_063690126.1%2CXP_063690127.1%2CXP_063690128.1%2CXP_063690129.1%2CXP_063690130.1%2CXP_063690131.1%2CXP_063690132.1%2CXP_063690133.1%2CXP_063690134.1%2CXP_063690135.1%2CXP_063690136.1%2CXP_063690137.1%2CXP_063690138.1%2CXP_063690139.1%2CXP_063690140.1%2CXP_063690141.1%2CXP_063690142.1%2CXP_063690143.1%2CXP_063690144.1%2CXP_063690145.1%2CXP_063690146.1%2CXP_063690147.1%2CXP_063690148.1%2CXP_063690149.1%2CXP_063690150.1%2CXP_063690151.1%2CXP_063690152.1%2CXP_063690153.1%2CXP_063690154.1%2CXP_063690155.1%2CXP_063690156.1%2CXP_063690157.1%2CXP_063690158.1%2CXP_063690159.1%2CXP_063690160.1%2CXP_063690161.1%2CXP_063690162.1%2CXP_063690163.1%2CXP_063690164.1%2CXP_063690165.1%2CXP_063690166.1%2CXP_063690167.1%2CXP_063690168.1%2CXP_063690169.1%2CXP_063690170.1%2CXP_063690171.1%2CXP_063690172.1%2CXP_063690173.1%2CXP_063690174.1%2CXP_063690175.1%2CXP_063690176.1%2CXP_063690177.1%2CXP_063690178.1%2CXP_063690179.1%2CXP_063690180.1%2CXP_063690181.1%2CXP_063690182.1%2CXP_063690183.1%2CXP_063690184.1%2CXP_063690185.1%2CXP_063690186.1%2CXP_063690187.1%2CXP_063690188.1%2CXP_063690189.1%2CXP_063690190.1%2CXP_063690191.1%2CXP_063690192.1%2CXP_063690193.1%2CXP_063690194.1%2CXP_063690195.1%2CXP_063690196.1%2CXP_063690197.1%2CXP_063690198.1%2CXP_063690199.1%2CXP_063690200.1%2CXP_063690201.1%2CXP_063690202.1%2CXP_063690203.1%2CXP_063690204.1%2CXP_063690205.1%2CXP_063690206.1%2CXP_063690207.1%2CXP_063690208.1%2CXP_063690209.1%2CXP_063690210.1%2CXP_063690211.1%2CXP_063690212.1%2CXP_063690213.1%2CXP_063690214.1%2CXP_063690215.1%2CXP_063690216.1%2CXP_063690217.1%2CXP_063690218.1%2CXP_063690219.1%2CXP_063690220.1%2CXP_063690221.1&tool=edirect&edirect=24.0&edirect_os=Linux&email=liha%40pichu.rna.snu.ac.kr
HTTP/1.0 502 Bad Gateway
 WARNING:  FAILURE ( Sat Aug  8 01:31:11 PM KST 2026 )
nquire -url https://eutils.ncbi.nlm.nih.gov/entrez/eutils/ epost.fcgi -db protein -id XP_063689720.1,XP_063689721.1,XP_063689722.1,XP_063689723.1,XP_063689724.1,XP_063689725.1,XP_063689726.1,XP_063689727.1,XP_063689728.1,XP_063689729.1,XP_063689730.1,XP_063689731.1,XP_063689732.1,XP_063689733.1,XP_063689734.1,XP_063689735.1,XP_063689736.1,XP_063689737.1,XP_063689738.1,XP_063689739.1,XP_063689740.1,XP_063689741.1,XP_063689742.1,XP_063689743.1,XP_063689744.1,XP_063689745.1,XP_063689746.1,XP_063689747.1,XP_063689748.1,XP_063689749.1,XP_063689750.1,XP_063689751.1,XP_063689752.1,XP_063689753.1,XP_063689754.1,XP_063689755.1,XP_063689756.1,XP_063689757.1,XP_063689758.1,XP_063689759.1,XP_063689760.1,XP_063689761.1,XP_063689762.1,XP_063689763.1,XP_063689764.1,XP_063689765.1,XP_063689766.1,XP_063689767.1,XP_063689768.1,XP_063689769.1,XP_063689770.1,XP_063689771.1,XP_063689772.1,XP_063689773.1,XP_063689774.1,XP_063689775.1,XP_063689776.1,XP_063689777.1,XP_063689778.1,XP_063689779.1,XP_063689780.1,XP_063689781.1,XP_063689782.1,XP_063689783.1,XP_063689784.1,XP_063689785.1,XP_063689786.1,XP_063689787.1,XP_063689788.1,XP_063689789.1,XP_063689790.1,XP_063689791.1,XP_063689792.1,XP_063689793.1,XP_063689794.1,XP_063689795.1,XP_063689796.1,XP_063689797.1,XP_063689798.1,XP_063689799.1,XP_063689800.1,XP_063689801.1,XP_063689802.1,XP_063689803.1,XP_063689804.1,XP_063689805.1,XP_063689806.1,XP_063689807.1,XP_063689808.1,XP_063689809.1,XP_063689810.1,XP_063689811.1,XP_063689812.1,XP_063689813.1,XP_063689814.1,XP_063689815.1,XP_063689816.1,XP_063689817.1,XP_063689818.1,XP_063689819.1,XP_063689820.1,XP_063689821.1,XP_063689822.1,XP_063689823.1,XP_063689824.1,XP_063689825.1,XP_063689826.1,XP_063689827.1,XP_063689828.1,XP_063689829.1,XP_063689830.1,XP_063689831.1,XP_063689832.1,XP_063689833.1,XP_063689834.1,XP_063689835.1,XP_063689836.1,XP_063689837.1,XP_063689838.1,XP_063689839.1,XP_063689840.1,XP_063689841.1,XP_063689842.1,XP_063689843.1,XP_063689844.1,XP_063689845.1,XP_063689846.1,XP_063689847.1,XP_063689848.1,XP_063689849.1,XP_063689850.1,XP_063689851.1,XP_063689852.1,XP_063689853.1,XP_063689854.1,XP_063689855.1,XP_063689856.1,XP_063689857.1,XP_063689858.1,XP_063689859.1,XP_063689860.1,XP_063689861.1,XP_063689862.1,XP_063689863.1,XP_063689864.1,XP_063689865.1,XP_063689866.1,XP_063689867.1,XP_063689868.1,XP_063689869.1,XP_063689870.1,XP_063689871.1,XP_063689872.1,XP_063689873.1,XP_063689874.1,XP_063689875.1,XP_063689876.1,XP_063689877.1,XP_063689878.1,XP_063689879.1,XP_063689880.1,XP_063689881.1,XP_063689882.1,XP_063689883.1,XP_063689884.1,XP_063689885.1,XP_063689886.1,XP_063689887.1,XP_063689888.1,XP_063689889.1,XP_063689890.1,XP_063689891.1,XP_063689892.1,XP_063689893.1,XP_063689894.1,XP_063689895.1,XP_063689896.1,XP_063689897.1,XP_063689898.1,XP_063689899.1,XP_063689900.1,XP_063689901.1,XP_063689902.1,XP_063689903.1,XP_063689904.1,XP_063689905.1,XP_063689906.1,XP_063689907.1,XP_063689908.1,XP_063689909.1,XP_063689910.1,XP_063689911.1,XP_063689912.1,XP_063689913.1,XP_063689914.1,XP_063689915.1,XP_063689916.1,XP_063689917.1,XP_063689918.1,XP_063689919.1,XP_063689920.1,XP_063689921.1,XP_063689922.1,XP_063689923.1,XP_063689924.1,XP_063689925.1,XP_063689926.1,XP_063689927.1,XP_063689928.1,XP_063689929.1,XP_063689930.1,XP_063689931.1,XP_063689932.1,XP_063689933.1,XP_063689934.1,XP_063689935.1,XP_063689936.1,XP_063689937.1,XP_063689938.1,XP_063689939.1,XP_063689940.1,XP_063689941.1,XP_063689942.1,XP_063689943.1,XP_063689944.1,XP_063689945.1,XP_063689946.1,XP_063689947.1,XP_063689948.1,XP_063689949.1,XP_063689950.1,XP_063689951.1,XP_063689952.1,XP_063689953.1,XP_063689954.1,XP_063689955.1,XP_063689956.1,XP_063689957.1,XP_063689958.1,XP_063689959.1,XP_063689960.1,XP_063689961.1,XP_063689962.1,XP_063689963.1,XP_063689964.1,XP_063689965.1,XP_063689966.1,XP_063689967.1,XP_063689968.1,XP_063689969.1,XP_063689970.1,XP_063689971.1,XP_063689972.1,XP_063689973.1,XP_063689974.1,XP_063689975.1,XP_063689976.1,XP_063689977.1,XP_063689978.1,XP_063689979.1,XP_063689980.1,XP_063689981.1,XP_063689982.1,XP_063689983.1,XP_063689984.1,XP_063689985.1,XP_063689986.1,XP_063689987.1,XP_063689988.1,XP_063689989.1,XP_063689990.1,XP_063689991.1,XP_063689992.1,XP_063689993.1,XP_063689994.1,XP_063689995.1,XP_063689996.1,XP_063689997.1,XP_063689998.1,XP_063689999.1,XP_063690000.1,XP_063690001.1,XP_063690002.1,XP_063690003.1,XP_063690004.1,XP_063690005.1,XP_063690006.1,XP_063690007.1,XP_063690008.1,XP_063690009.1,XP_063690010.1,XP_063690011.1,XP_063690012.1,XP_063690013.1,XP_063690014.1,XP_063690015.1,XP_063690016.1,XP_063690017.1,XP_063690018.1,XP_063690019.1,XP_063690020.1,XP_063690021.1,XP_063690022.1,XP_063690023.1,XP_063690024.1,XP_063690025.1,XP_063690026.1,XP_063690027.1,XP_063690028.1,XP_063690029.1,XP_063690030.1,XP_063690031.1,XP_063690032.1,XP_063690033.1,XP_063690034.1,XP_063690035.1,XP_063690036.1,XP_063690037.1,XP_063690038.1,XP_063690039.1,XP_063690040.1,XP_063690041.1,XP_063690042.1,XP_063690043.1,XP_063690044.1,XP_063690045.1,XP_063690046.1,XP_063690047.1,XP_063690048.1,XP_063690049.1,XP_063690050.1,XP_063690051.1,XP_063690052.1,XP_063690053.1,XP_063690054.1,XP_063690055.1,XP_063690056.1,XP_063690057.1,XP_063690058.1,XP_063690059.1,XP_063690060.1,XP_063690061.1,XP_063690062.1,XP_063690063.1,XP_063690064.1,XP_063690065.1,XP_063690066.1,XP_063690067.1,XP_063690068.1,XP_063690069.1,XP_063690070.1,XP_063690071.1,XP_063690072.1,XP_063690073.1,XP_063690074.1,XP_063690075.1,XP_063690076.1,XP_063690077.1,XP_063690078.1,XP_063690079.1,XP_063690080.1,XP_063690081.1,XP_063690082.1,XP_063690083.1,XP_063690084.1,XP_063690085.1,XP_063690086.1,XP_063690087.1,XP_063690088.1,XP_063690089.1,XP_063690090.1,XP_063690091.1,XP_063690092.1,XP_063690093.1,XP_063690094.1,XP_063690095.1,XP_063690096.1,XP_063690097.1,XP_063690098.1,XP_063690099.1,XP_063690100.1,XP_063690101.1,XP_063690102.1,XP_063690103.1,XP_063690104.1,XP_063690105.1,XP_063690106.1,XP_063690107.1,XP_063690108.1,XP_063690109.1,XP_063690110.1,XP_063690111.1,XP_063690112.1,XP_063690113.1,XP_063690114.1,XP_063690115.1,XP_063690116.1,XP_063690117.1,XP_063690118.1,XP_063690119.1,XP_063690120.1,XP_063690121.1,XP_063690122.1,XP_063690123.1,XP_063690126.1,XP_063690127.1,XP_063690128.1,XP_063690129.1,XP_063690130.1,XP_063690131.1,XP_063690132.1,XP_063690133.1,XP_063690134.1,XP_063690135.1,XP_063690136.1,XP_063690137.1,XP_063690138.1,XP_063690139.1,XP_063690140.1,XP_063690141.1,XP_063690142.1,XP_063690143.1,XP_063690144.1,XP_063690145.1,XP_063690146.1,XP_063690147.1,XP_063690148.1,XP_063690149.1,XP_063690150.1,XP_063690151.1,XP_063690152.1,XP_063690153.1,XP_063690154.1,XP_063690155.1,XP_063690156.1,XP_063690157.1,XP_063690158.1,XP_063690159.1,XP_063690160.1,XP_063690161.1,XP_063690162.1,XP_063690163.1,XP_063690164.1,XP_063690165.1,XP_063690166.1,XP_063690167.1,XP_063690168.1,XP_063690169.1,XP_063690170.1,XP_063690171.1,XP_063690172.1,XP_063690173.1,XP_063690174.1,XP_063690175.1,XP_063690176.1,XP_063690177.1,XP_063690178.1,XP_063690179.1,XP_063690180.1,XP_063690181.1,XP_063690182.1,XP_063690183.1,XP_063690184.1,XP_063690185.1,XP_063690186.1,XP_063690187.1,XP_063690188.1,XP_063690189.1,XP_063690190.1,XP_063690191.1,XP_063690192.1,XP_063690193.1,XP_063690194.1,XP_063690195.1,XP_063690196.1,XP_063690197.1,XP_063690198.1,XP_063690199.1,XP_063690200.1,XP_063690201.1,XP_063690202.1,XP_063690203.1,XP_063690204.1,XP_063690205.1,XP_063690206.1,XP_063690207.1,XP_063690208.1,XP_063690209.1,XP_063690210.1,XP_063690211.1,XP_063690212.1,XP_063690213.1,XP_063690214.1,XP_063690215.1,XP_063690216.1,XP_063690217.1,XP_063690218.1,XP_063690219.1,XP_063690220.1,XP_063690221.1 -tool edirect -edirect 24.0 -edirect_os Linux -email liha@pichu.rna.snu.ac.kr
EMPTY RESULT
SECOND ATTEMPT
curl: (22) The requested URL returned error: 502
 ERROR:  curl command failed ( Sat Aug  8 01:34:53 PM KST 2026 ) with: 22
-X POST https://eutils.ncbi.nlm.nih.gov/entrez/eutils/epost.fcgi -d db=protein&id=XP_063694226.1%2CXP_063694227.1%2CXP_063694228.1%2CXP_063694229.1%2CXP_063694230.1%2CXP_063694231.1%2CXP_063694232.1%2CXP_063694233.1%2CXP_063694234.1%2CXP_063694235.1%2CXP_063694236.1%2CXP_063694237.1%2CXP_063694238.1%2CXP_063694239.1%2CXP_063694240.1%2CXP_063694241.1%2CXP_063694242.1%2CXP_063694243.1%2CXP_063694244.1%2CXP_063694245.1%2CXP_063694246.1%2CXP_063694247.1%2CXP_063694248.1%2CXP_063694249.1%2CXP_063694250.1%2CXP_063694251.1%2CXP_063694252.1%2CXP_063694253.1%2CXP_063694254.1%2CXP_063694255.1%2CXP_063694256.1%2CXP_063694257.1%2CXP_063694258.1%2CXP_063694259.1%2CXP_063694260.1%2CXP_063694261.1%2CXP_063694262.1%2CXP_063694263.1%2CXP_063694264.1%2CXP_063694265.1%2CXP_063694266.1%2CXP_063694267.1%2CXP_063694268.1%2CXP_063694269.1%2CXP_063694270.1%2CXP_063694271.1%2CXP_063694272.1%2CXP_063694273.1%2CXP_063694274.1%2CXP_063694275.1%2CXP_063694276.1%2CXP_063694277.1%2CXP_063694278.1%2CXP_063694279.1%2CXP_063694280.1%2CXP_063694281.1%2CXP_063694282.1%2CXP_063694283.1%2CXP_063694284.1%2CXP_063694285.1%2CXP_063694286.1%2CXP_063694287.1%2CXP_063694288.1%2CXP_063694289.1%2CXP_063694290.1%2CXP_063694291.1%2CXP_063694292.1%2CXP_063694293.1%2CXP_063694294.1%2CXP_063694295.1%2CXP_063694296.1%2CXP_063694297.1%2CXP_063694298.1%2CXP_063694299.1%2CXP_063694300.1%2CXP_063694301.1%2CXP_063694302.1%2CXP_063694303.1%2CXP_063694304.1%2CXP_063694305.1%2CXP_063694306.1%2CXP_063694307.1%2CXP_063694308.1%2CXP_063694309.1%2CXP_063694310.1%2CXP_063694311.1%2CXP_063694312.1%2CXP_063694313.1%2CXP_063694314.1%2CXP_063694315.1%2CXP_063694316.1%2CXP_063694317.1%2CXP_063694318.1%2CXP_063694319.1%2CXP_063694320.1%2CXP_063694321.1%2CXP_063694322.1%2CXP_063694323.1%2CXP_063694324.1%2CXP_063694325.1%2CXP_063694326.1%2CXP_063694327.1%2CXP_063694328.1%2CXP_063694329.1%2CXP_063694330.1%2CXP_063694331.1%2CXP_063694332.1%2CXP_063694333.1%2CXP_063694334.1%2CXP_063694335.1%2CXP_063694336.1%2CXP_063694337.1%2CXP_063694338.1%2CXP_063694339.1%2CXP_063694340.1%2CXP_063694341.1%2CXP_063694342.1%2CXP_063694343.1%2CXP_063694344.1%2CXP_063694345.1%2CXP_063694346.1%2CXP_063694347.1%2CXP_063694348.1%2CXP_063694349.1%2CXP_063694350.1%2CXP_063694351.1%2CXP_063694352.1%2CXP_063694353.1%2CXP_063694354.1%2CXP_063694355.1%2CXP_063694356.1%2CXP_063694357.1%2CXP_063694358.1%2CXP_063694359.1%2CXP_063694360.1%2CXP_063694361.1%2CXP_063694362.1%2CXP_063694363.1%2CXP_063694364.1%2CXP_063694365.1%2CXP_063694366.1%2CXP_063694367.1%2CXP_063694368.1%2CXP_063694369.1%2CXP_063694370.1%2CXP_063694371.1%2CXP_063694372.1%2CXP_063694373.1%2CXP_063694374.1%2CXP_063694375.1%2CXP_063694376.1%2CXP_063694377.1%2CXP_063694378.1%2CXP_063694379.1%2CXP_063694380.1%2CXP_063694381.1%2CXP_063694382.1%2CXP_063694383.1%2CXP_063694384.1%2CXP_063694385.1%2CXP_063694386.1%2CXP_063694387.1%2CXP_063694388.1%2CXP_063694389.1%2CXP_063694390.1%2CXP_063694391.1%2CXP_063694392.1%2CXP_063694393.1%2CXP_063694394.1%2CXP_063694395.1%2CXP_063694396.1%2CXP_063694397.1%2CXP_063694398.1%2CXP_063694399.1%2CXP_063694400.1%2CXP_063694401.1%2CXP_063694402.1%2CXP_063694403.1%2CXP_063694404.1%2CXP_063694405.1%2CXP_063694406.1%2CXP_063694407.1%2CXP_063694408.1%2CXP_063694409.1%2CXP_063694410.1%2CXP_063694411.1%2CXP_063694412.1%2CXP_063694413.1%2CXP_063694414.1%2CXP_063694415.1%2CXP_063694416.1%2CXP_063694417.1%2CXP_063694418.1%2CXP_063694419.1%2CXP_063694420.1%2CXP_063694421.1%2CXP_063694422.1%2CXP_063694423.1%2CXP_063694424.1%2CXP_063694425.1%2CXP_063694426.1%2CXP_063694427.1%2CXP_063694428.1%2CXP_063694429.1%2CXP_063694430.1%2CXP_063694431.1%2CXP_063694432.1%2CXP_063694433.1%2CXP_063694434.1%2CXP_063694435.1%2CXP_063694436.1%2CXP_063694437.1%2CXP_063694438.1%2CXP_063694439.1%2CXP_063694440.1%2CXP_063694441.1%2CXP_063694442.1%2CXP_063694443.1%2CXP_063694444.1%2CXP_063694445.1%2CXP_063694446.1%2CXP_063694447.1%2CXP_063694448.1%2CXP_063694449.1%2CXP_063694450.1%2CXP_063694451.1%2CXP_063694452.1%2CXP_063694453.1%2CXP_063694454.1%2CXP_063694455.1%2CXP_063694456.1%2CXP_063694457.1%2CXP_063694458.1%2CXP_063694459.1%2CXP_063694460.1%2CXP_063694461.1%2CXP_063694462.1%2CXP_063694463.1%2CXP_063694464.1%2CXP_063694465.1%2CXP_063694466.1%2CXP_063694467.1%2CXP_063694468.1%2CXP_063694469.1%2CXP_063694470.1%2CXP_063694471.1%2CXP_063694472.1%2CXP_063694473.1%2CXP_063694474.1%2CXP_063694475.1%2CXP_063694476.1%2CXP_063694477.1%2CXP_063694478.1%2CXP_063694479.1%2CXP_063694480.1%2CXP_063694481.1%2CXP_063694482.1%2CXP_063694483.1%2CXP_063694484.1%2CXP_063694485.1%2CXP_063694486.1%2CXP_063694487.1%2CXP_063694488.1%2CXP_063694489.1%2CXP_063694490.1%2CXP_063694491.1%2CXP_063694492.1%2CXP_063694493.1%2CXP_063694494.1%2CXP_063694495.1%2CXP_063694496.1%2CXP_063694497.1%2CXP_063694498.1%2CXP_063694499.1%2CXP_063694500.1%2CXP_063694501.1%2CXP_063694502.1%2CXP_063694503.1%2CXP_063694504.1%2CXP_063694505.1%2CXP_063694506.1%2CXP_063694507.1%2CXP_063694508.1%2CXP_063694509.1%2CXP_063694510.1%2CXP_063694511.1%2CXP_063694512.1%2CXP_063694513.1%2CXP_063694514.1%2CXP_063694515.1%2CXP_063694516.1%2CXP_063694517.1%2CXP_063694518.1%2CXP_063694519.1%2CXP_063694520.1%2CXP_063694521.1%2CXP_063694522.1%2CXP_063694523.1%2CXP_063694524.1%2CXP_063694525.1%2CXP_063694526.1%2CXP_063694527.1%2CXP_063694528.1%2CXP_063694529.1%2CXP_063694530.1%2CXP_063694531.1%2CXP_063694532.1%2CXP_063694533.1%2CXP_063694534.1%2CXP_063694535.1%2CXP_063694536.1%2CXP_063694537.1%2CXP_063694538.1%2CXP_063694539.1%2CXP_063694540.1%2CXP_063694541.1%2CXP_063694542.1%2CXP_063694543.1%2CXP_063694544.1%2CXP_063694545.1%2CXP_063694546.1%2CXP_063694547.1%2CXP_063694548.1%2CXP_063694549.1%2CXP_063694550.1%2CXP_063694551.1%2CXP_063694552.1%2CXP_063694553.1%2CXP_063694554.1%2CXP_063694555.1%2CXP_063694556.1%2CXP_063694557.1%2CXP_063694558.1%2CXP_063694559.1%2CXP_063694560.1%2CXP_063694561.1%2CXP_063694562.1%2CXP_063694563.1%2CXP_063694564.1%2CXP_063694565.1%2CXP_063694566.1%2CXP_063694567.1%2CXP_063694568.1%2CXP_063694569.1%2CXP_063694570.1%2CXP_063694571.1%2CXP_063694572.1%2CXP_063694573.1%2CXP_063694574.1%2CXP_063694575.1%2CXP_063694576.1%2CXP_063694577.1%2CXP_063694578.1%2CXP_063694579.1%2CXP_063694580.1%2CXP_063694581.1%2CXP_063694582.1%2CXP_063694583.1%2CXP_063694584.1%2CXP_063694585.1%2CXP_063694586.1%2CXP_063694587.1%2CXP_063694588.1%2CXP_063694589.1%2CXP_063694590.1%2CXP_063694591.1%2CXP_063694592.1%2CXP_063694593.1%2CXP_063694594.1%2CXP_063694595.1%2CXP_063694596.1%2CXP_063694597.1%2CXP_063694598.1%2CXP_063694599.1%2CXP_063694600.1%2CXP_063694601.1%2CXP_063694602.1%2CXP_063694603.1%2CXP_063694604.1%2CXP_063694605.1%2CXP_063694606.1%2CXP_063694607.1%2CXP_063694608.1%2CXP_063694609.1%2CXP_063694610.1%2CXP_063694611.1%2CXP_063694612.1%2CXP_063694613.1%2CXP_063694614.1%2CXP_063694615.1%2CXP_063694616.1%2CXP_063694617.1%2CXP_063694618.1%2CXP_063694619.1%2CXP_063694620.1%2CXP_063694621.1%2CXP_063694622.1%2CXP_063694623.1%2CXP_063694624.1%2CXP_063694625.1%2CXP_063694626.1%2CXP_063694627.1%2CXP_063694628.1%2CXP_063694629.1%2CXP_063694630.1%2CXP_063694631.1%2CXP_063694632.1%2CXP_063694633.1%2CXP_063694634.1%2CXP_063694635.1%2CXP_063694636.1%2CXP_063694637.1%2CXP_063694638.1%2CXP_063694639.1%2CXP_063694640.1%2CXP_063694641.1%2CXP_063694642.1%2CXP_063694643.1%2CXP_063694644.1%2CXP_063694645.1%2CXP_063694646.1%2CXP_063694647.1%2CXP_063694648.1%2CXP_063694649.1%2CXP_063694650.1%2CXP_063694651.1%2CXP_063694652.1%2CXP_063694653.1%2CXP_063694654.1%2CXP_063694655.1%2CXP_063694656.1%2CXP_063694657.1%2CXP_063694658.1%2CXP_063694659.1%2CXP_063694660.1%2CXP_063694661.1%2CXP_063694662.1%2CXP_063694663.1%2CXP_063694664.1%2CXP_063694665.1%2CXP_063694666.1%2CXP_063694667.1%2CXP_063694668.1%2CXP_063694669.1%2CXP_063694670.1%2CXP_063694671.1%2CXP_063694672.1%2CXP_063694673.1%2CXP_063694674.1%2CXP_063694675.1%2CXP_063694676.1%2CXP_063694677.1%2CXP_063694678.1%2CXP_063694679.1%2CXP_063694680.1%2CXP_063694681.1%2CXP_063694682.1%2CXP_063694683.1%2CXP_063694684.1%2CXP_063694685.1%2CXP_063694686.1%2CXP_063694687.1%2CXP_063694688.1%2CXP_063694689.1%2CXP_063694690.1%2CXP_063694691.1%2CXP_063694692.1%2CXP_063694693.1%2CXP_063694694.1%2CXP_063694695.1%2CXP_063694696.1%2CXP_063694697.1%2CXP_063694698.1%2CXP_063694699.1%2CXP_063694700.1%2CXP_063694701.1%2CXP_063694702.1%2CXP_063694703.1%2CXP_063694704.1%2CXP_063694705.1%2CXP_063694706.1%2CXP_063694707.1%2CXP_063694708.1%2CXP_063694709.1%2CXP_063694710.1%2CXP_063694711.1%2CXP_063694712.1%2CXP_063694713.1%2CXP_063694714.1%2CXP_063694715.1%2CXP_063694716.1%2CXP_063694717.1%2CXP_063694718.1%2CXP_063694719.1%2CXP_063694720.1%2CXP_063694721.1%2CXP_063694722.1%2CXP_063694723.1%2CXP_063694724.1%2CXP_063694725.1&tool=edirect&edirect=24.0&edirect_os=Linux&email=liha%40pichu.rna.snu.ac.kr
HTTP/1.0 502 Bad Gateway
 WARNING:  FAILURE ( Sat Aug  8 01:34:53 PM KST 2026 )
nquire -url https://eutils.ncbi.nlm.nih.gov/entrez/eutils/ epost.fcgi -db protein -id XP_063694226.1,XP_063694227.1,XP_063694228.1,XP_063694229.1,XP_063694230.1,XP_063694231.1,XP_063694232.1,XP_063694233.1,XP_063694234.1,XP_063694235.1,XP_063694236.1,XP_063694237.1,XP_063694238.1,XP_063694239.1,XP_063694240.1,XP_063694241.1,XP_063694242.1,XP_063694243.1,XP_063694244.1,XP_063694245.1,XP_063694246.1,XP_063694247.1,XP_063694248.1,XP_063694249.1,XP_063694250.1,XP_063694251.1,XP_063694252.1,XP_063694253.1,XP_063694254.1,XP_063694255.1,XP_063694256.1,XP_063694257.1,XP_063694258.1,XP_063694259.1,XP_063694260.1,XP_063694261.1,XP_063694262.1,XP_063694263.1,XP_063694264.1,XP_063694265.1,XP_063694266.1,XP_063694267.1,XP_063694268.1,XP_063694269.1,XP_063694270.1,XP_063694271.1,XP_063694272.1,XP_063694273.1,XP_063694274.1,XP_063694275.1,XP_063694276.1,XP_063694277.1,XP_063694278.1,XP_063694279.1,XP_063694280.1,XP_063694281.1,XP_063694282.1,XP_063694283.1,XP_063694284.1,XP_063694285.1,XP_063694286.1,XP_063694287.1,XP_063694288.1,XP_063694289.1,XP_063694290.1,XP_063694291.1,XP_063694292.1,XP_063694293.1,XP_063694294.1,XP_063694295.1,XP_063694296.1,XP_063694297.1,XP_063694298.1,XP_063694299.1,XP_063694300.1,XP_063694301.1,XP_063694302.1,XP_063694303.1,XP_063694304.1,XP_063694305.1,XP_063694306.1,XP_063694307.1,XP_063694308.1,XP_063694309.1,XP_063694310.1,XP_063694311.1,XP_063694312.1,XP_063694313.1,XP_063694314.1,XP_063694315.1,XP_063694316.1,XP_063694317.1,XP_063694318.1,XP_063694319.1,XP_063694320.1,XP_063694321.1,XP_063694322.1,XP_063694323.1,XP_063694324.1,XP_063694325.1,XP_063694326.1,XP_063694327.1,XP_063694328.1,XP_063694329.1,XP_063694330.1,XP_063694331.1,XP_063694332.1,XP_063694333.1,XP_063694334.1,XP_063694335.1,XP_063694336.1,XP_063694337.1,XP_063694338.1,XP_063694339.1,XP_063694340.1,XP_063694341.1,XP_063694342.1,XP_063694343.1,XP_063694344.1,XP_063694345.1,XP_063694346.1,XP_063694347.1,XP_063694348.1,XP_063694349.1,XP_063694350.1,XP_063694351.1,XP_063694352.1,XP_063694353.1,XP_063694354.1,XP_063694355.1,XP_063694356.1,XP_063694357.1,XP_063694358.1,XP_063694359.1,XP_063694360.1,XP_063694361.1,XP_063694362.1,XP_063694363.1,XP_063694364.1,XP_063694365.1,XP_063694366.1,XP_063694367.1,XP_063694368.1,XP_063694369.1,XP_063694370.1,XP_063694371.1,XP_063694372.1,XP_063694373.1,XP_063694374.1,XP_063694375.1,XP_063694376.1,XP_063694377.1,XP_063694378.1,XP_063694379.1,XP_063694380.1,XP_063694381.1,XP_063694382.1,XP_063694383.1,XP_063694384.1,XP_063694385.1,XP_063694386.1,XP_063694387.1,XP_063694388.1,XP_063694389.1,XP_063694390.1,XP_063694391.1,XP_063694392.1,XP_063694393.1,XP_063694394.1,XP_063694395.1,XP_063694396.1,XP_063694397.1,XP_063694398.1,XP_063694399.1,XP_063694400.1,XP_063694401.1,XP_063694402.1,XP_063694403.1,XP_063694404.1,XP_063694405.1,XP_063694406.1,XP_063694407.1,XP_063694408.1,XP_063694409.1,XP_063694410.1,XP_063694411.1,XP_063694412.1,XP_063694413.1,XP_063694414.1,XP_063694415.1,XP_063694416.1,XP_063694417.1,XP_063694418.1,XP_063694419.1,XP_063694420.1,XP_063694421.1,XP_063694422.1,XP_063694423.1,XP_063694424.1,XP_063694425.1,XP_063694426.1,XP_063694427.1,XP_063694428.1,XP_063694429.1,XP_063694430.1,XP_063694431.1,XP_063694432.1,XP_063694433.1,XP_063694434.1,XP_063694435.1,XP_063694436.1,XP_063694437.1,XP_063694438.1,XP_063694439.1,XP_063694440.1,XP_063694441.1,XP_063694442.1,XP_063694443.1,XP_063694444.1,XP_063694445.1,XP_063694446.1,XP_063694447.1,XP_063694448.1,XP_063694449.1,XP_063694450.1,XP_063694451.1,XP_063694452.1,XP_063694453.1,XP_063694454.1,XP_063694455.1,XP_063694456.1,XP_063694457.1,XP_063694458.1,XP_063694459.1,XP_063694460.1,XP_063694461.1,XP_063694462.1,XP_063694463.1,XP_063694464.1,XP_063694465.1,XP_063694466.1,XP_063694467.1,XP_063694468.1,XP_063694469.1,XP_063694470.1,XP_063694471.1,XP_063694472.1,XP_063694473.1,XP_063694474.1,XP_063694475.1,XP_063694476.1,XP_063694477.1,XP_063694478.1,XP_063694479.1,XP_063694480.1,XP_063694481.1,XP_063694482.1,XP_063694483.1,XP_063694484.1,XP_063694485.1,XP_063694486.1,XP_063694487.1,XP_063694488.1,XP_063694489.1,XP_063694490.1,XP_063694491.1,XP_063694492.1,XP_063694493.1,XP_063694494.1,XP_063694495.1,XP_063694496.1,XP_063694497.1,XP_063694498.1,XP_063694499.1,XP_063694500.1,XP_063694501.1,XP_063694502.1,XP_063694503.1,XP_063694504.1,XP_063694505.1,XP_063694506.1,XP_063694507.1,XP_063694508.1,XP_063694509.1,XP_063694510.1,XP_063694511.1,XP_063694512.1,XP_063694513.1,XP_063694514.1,XP_063694515.1,XP_063694516.1,XP_063694517.1,XP_063694518.1,XP_063694519.1,XP_063694520.1,XP_063694521.1,XP_063694522.1,XP_063694523.1,XP_063694524.1,XP_063694525.1,XP_063694526.1,XP_063694527.1,XP_063694528.1,XP_063694529.1,XP_063694530.1,XP_063694531.1,XP_063694532.1,XP_063694533.1,XP_063694534.1,XP_063694535.1,XP_063694536.1,XP_063694537.1,XP_063694538.1,XP_063694539.1,XP_063694540.1,XP_063694541.1,XP_063694542.1,XP_063694543.1,XP_063694544.1,XP_063694545.1,XP_063694546.1,XP_063694547.1,XP_063694548.1,XP_063694549.1,XP_063694550.1,XP_063694551.1,XP_063694552.1,XP_063694553.1,XP_063694554.1,XP_063694555.1,XP_063694556.1,XP_063694557.1,XP_063694558.1,XP_063694559.1,XP_063694560.1,XP_063694561.1,XP_063694562.1,XP_063694563.1,XP_063694564.1,XP_063694565.1,XP_063694566.1,XP_063694567.1,XP_063694568.1,XP_063694569.1,XP_063694570.1,XP_063694571.1,XP_063694572.1,XP_063694573.1,XP_063694574.1,XP_063694575.1,XP_063694576.1,XP_063694577.1,XP_063694578.1,XP_063694579.1,XP_063694580.1,XP_063694581.1,XP_063694582.1,XP_063694583.1,XP_063694584.1,XP_063694585.1,XP_063694586.1,XP_063694587.1,XP_063694588.1,XP_063694589.1,XP_063694590.1,XP_063694591.1,XP_063694592.1,XP_063694593.1,XP_063694594.1,XP_063694595.1,XP_063694596.1,XP_063694597.1,XP_063694598.1,XP_063694599.1,XP_063694600.1,XP_063694601.1,XP_063694602.1,XP_063694603.1,XP_063694604.1,XP_063694605.1,XP_063694606.1,XP_063694607.1,XP_063694608.1,XP_063694609.1,XP_063694610.1,XP_063694611.1,XP_063694612.1,XP_063694613.1,XP_063694614.1,XP_063694615.1,XP_063694616.1,XP_063694617.1,XP_063694618.1,XP_063694619.1,XP_063694620.1,XP_063694621.1,XP_063694622.1,XP_063694623.1,XP_063694624.1,XP_063694625.1,XP_063694626.1,XP_063694627.1,XP_063694628.1,XP_063694629.1,XP_063694630.1,XP_063694631.1,XP_063694632.1,XP_063694633.1,XP_063694634.1,XP_063694635.1,XP_063694636.1,XP_063694637.1,XP_063694638.1,XP_063694639.1,XP_063694640.1,XP_063694641.1,XP_063694642.1,XP_063694643.1,XP_063694644.1,XP_063694645.1,XP_063694646.1,XP_063694647.1,XP_063694648.1,XP_063694649.1,XP_063694650.1,XP_063694651.1,XP_063694652.1,XP_063694653.1,XP_063694654.1,XP_063694655.1,XP_063694656.1,XP_063694657.1,XP_063694658.1,XP_063694659.1,XP_063694660.1,XP_063694661.1,XP_063694662.1,XP_063694663.1,XP_063694664.1,XP_063694665.1,XP_063694666.1,XP_063694667.1,XP_063694668.1,XP_063694669.1,XP_063694670.1,XP_063694671.1,XP_063694672.1,XP_063694673.1,XP_063694674.1,XP_063694675.1,XP_063694676.1,XP_063694677.1,XP_063694678.1,XP_063694679.1,XP_063694680.1,XP_063694681.1,XP_063694682.1,XP_063694683.1,XP_063694684.1,XP_063694685.1,XP_063694686.1,XP_063694687.1,XP_063694688.1,XP_063694689.1,XP_063694690.1,XP_063694691.1,XP_063694692.1,XP_063694693.1,XP_063694694.1,XP_063694695.1,XP_063694696.1,XP_063694697.1,XP_063694698.1,XP_063694699.1,XP_063694700.1,XP_063694701.1,XP_063694702.1,XP_063694703.1,XP_063694704.1,XP_063694705.1,XP_063694706.1,XP_063694707.1,XP_063694708.1,XP_063694709.1,XP_063694710.1,XP_063694711.1,XP_063694712.1,XP_063694713.1,XP_063694714.1,XP_063694715.1,XP_063694716.1,XP_063694717.1,XP_063694718.1,XP_063694719.1,XP_063694720.1,XP_063694721.1,XP_063694722.1,XP_063694723.1,XP_063694724.1,XP_063694725.1 -tool edirect -edirect 24.0 -edirect_os Linux -email liha@pichu.rna.snu.ac.kr
EMPTY RESULT
SECOND ATTEMPT
