[TENT5] Submitting BLAST SLURM array 2-93%3 for TENT5A-B-C-D. Existing .done files will be skipped by /rna/liha/phylogenomics_practice/TENT/TENT5/Scripts/01-Blastp-against-species.sh.
[TENT5] RUN: sbatch --chdir=/rna/liha/phylogenomics_practice/TENT/TENT5 --output=/rna/liha/phylogenomics_practice/TENT/TENT5/Blast/logs/%A_%a.out --error=/rna/liha/phylogenomics_practice/TENT/TENT5/Blast/logs/%A_%a.err --array=2-93%3 --wait /rna/liha/phylogenomics_practice/TENT/TENT5/Scripts/01-Blastp-against-species.sh
Submitted batch job 26197
[TENT5] RUN: Rscript /rna/liha/phylogenomics_practice/TENT/TENT5/Scripts/02-Explore-blastp-result.R
[TENT5] RUN: conda run -n r_env Rscript /rna/liha/phylogenomics_practice/TENT/TENT5/Scripts/02-Explore-blastp-result.R
[TENT5] RUN: bash /rna/liha/phylogenomics_practice/TENT/TENT5/Scripts/03-Download-fasta.sh
[TENT5] RUN: python3 /rna/liha/phylogenomics_practice/TENT/TENT5/Scripts/04-Filter-isomers.py
0. Loading accession-to-organism metadata...
-> Loaded 91 unique metadata mappings.

1. Extracting sequences, lengths, and accessions from FASTA...
-> Found 91 protein sequences.

2. Looking up Gene IDs for each protein through NCBI; this may take 1-2 minutes...
   [10/91] mappings completed...
   [20/91] mappings completed...
   [30/91] mappings completed...
   [40/91] mappings completed...
   [50/91] mappings completed...
   [60/91] mappings completed...
   [70/91] mappings completed...
   [80/91] mappings completed...
   [90/91] mappings completed...

3. Removing isoforms and assigning paralog labels (H1, H2...)...
-> Filtered 91 sequences down to 76.

4. Writing the final FASTA file...
Done. Output FASTA: /rna/liha/phylogenomics_practice/TENT/TENT5/Scripts/TENT5-homologs.fasta
[TENT5] RUN: conda run -n r_env Rscript /rna/liha/phylogenomics_practice/TENT/TENT5/Scripts/05-Count-homologs-per-species.R
[TENT5] RUN: sbatch --chdir=/rna/liha/phylogenomics_practice/TENT/TENT5 --output=/rna/liha/phylogenomics_practice/TENT/TENT5/logs/prank_%j.log --error=/rna/liha/phylogenomics_practice/TENT/TENT5/logs/prank_%j.log --wait /rna/liha/phylogenomics_practice/TENT/TENT5/Scripts/06-Align-PRANK.sh
Submitted batch job 26321
