Job started on dicer at Fri Jul 24 12:35:24 PM KST 2026
Starting TENT5 alignment with PRANK...
Input: /rna/liha/phylogenomics_practice/TENT/TENT5/Scripts/TENT5-homologs.fasta
Output prefix: /rna/liha/phylogenomics_practice/TENT/TENT5/Alignments/TENT5_prank
PRANK-safe input: /rna/liha/phylogenomics_practice/TENT/TENT5/Alignments/TENT5_prank_input.fasta
Warning autodetection suggests DNA but protein model forced.
Correcting (arbitrarily) for multifurcating nodes.
Correcting (arbitrarily) for multifurcating nodes.

Alignment score: 41809
Correcting (arbitrarily) for multifurcating nodes.

Alignment score: 40565
Correcting (arbitrarily) for multifurcating nodes.

Alignment score: 43247
Correcting (arbitrarily) for multifurcating nodes.

Alignment score: 42619
Correcting (arbitrarily) for multifurcating nodes.

Alignment score: 43773


Writing
 - alignment to '/rna/liha/phylogenomics_practice/TENT/TENT5/Alignments/TENT5_prank.best.fas'

Alignment completed successfully! Output saved to: /rna/liha/phylogenomics_practice/TENT/TENT5/Alignments/TENT5_aligned.fasta
Job ended at Fri Jul 24 01:34:41 PM KST 2026
