[TENT5-corrected] RUN: bash /rna/liha/phylogenomics_practice/TENT/TENT5/Scripts/03-Download-fasta.sh
[TENT5-corrected] RUN: python3 /rna/liha/phylogenomics_practice/TENT/TENT5/Scripts/04-Filter-isomers.py
0. Loading accession-to-organism metadata...
-> Loaded 153 unique metadata mappings.

1. Extracting sequences, lengths, and accessions from FASTA...
-> Found 153 protein sequences.

2. Looking up Gene IDs for each protein through NCBI; this may take 1-2 minutes...
   [10/153] mappings completed...
   [20/153] mappings completed...
   [30/153] mappings completed...
   [40/153] mappings completed...
   [50/153] mappings completed...
   [60/153] mappings completed...
   [70/153] mappings completed...
   [80/153] mappings completed...
   [90/153] mappings completed...
   [100/153] mappings completed...
   [110/153] mappings completed...
   [120/153] mappings completed...
   [130/153] mappings completed...
   [140/153] mappings completed...
   [150/153] mappings completed...

3. Removing isoforms and assigning paralog labels (H1, H2...)...
-> Filtered 153 sequences down to 133.

4. Writing the final FASTA file...
Done. Output FASTA: /rna/liha/phylogenomics_practice/TENT/TENT5/Scripts/TENT5-homologs.fasta
[TENT5-corrected] RUN: conda run -n r_env Rscript /rna/liha/phylogenomics_practice/TENT/TENT5/Scripts/05-Count-homologs-per-species.R
[TENT5-corrected] RUN: sbatch --chdir=/rna/liha/phylogenomics_practice/TENT/TENT5 --output=/rna/liha/phylogenomics_practice/TENT/TENT5/logs/prank_%j.log --error=/rna/liha/phylogenomics_practice/TENT/TENT5/logs/prank_%j.log --wait /rna/liha/phylogenomics_practice/TENT/TENT5/Scripts/06-Align-PRANK.sh
Submitted batch job 28441
[TENT5-corrected] RUN: sbatch --chdir=/rna/liha/phylogenomics_practice/TENT/TENT5 --output=/rna/liha/phylogenomics_practice/TENT/TENT5/logs/iqtree_%j.log --error=/rna/liha/phylogenomics_practice/TENT/TENT5/logs/iqtree_%j.log --wait /rna/liha/phylogenomics_practice/TENT/TENT5/Scripts/07-Iq-tree.sh
Submitted batch job 28442
[TENT5-corrected] RUN: cp -p /rna/liha/phylogenomics_practice/TENT/TENT5/Tree/TENT5.bionj /rna/liha/phylogenomics_practice/TENT/TENT5/Tree/TENT5.ckp.gz /rna/liha/phylogenomics_practice/TENT/TENT5/Tree/TENT5.contree /rna/liha/phylogenomics_practice/TENT/TENT5/Tree/TENT5.iqtree /rna/liha/phylogenomics_practice/TENT/TENT5/Tree/TENT5.log /rna/liha/phylogenomics_practice/TENT/TENT5/Tree/TENT5.mldist /rna/liha/phylogenomics_practice/TENT/TENT5/Tree/TENT5.model.gz /rna/liha/phylogenomics_practice/TENT/TENT5/Tree/TENT5.splits.nex /rna/liha/phylogenomics_practice/TENT/TENT5/Tree/TENT5.treefile /rna/liha/phylogenomics_practice/TENT/TENT5/Tree/Raw-alignment/
/rna/liha/phylogenomics_practice/TENT/TENT5/Scripts/00-Wrapper.sh: line 520: d: command not found
[TENT5-corrected] RUN: conda run -n r_env Rscript /rna/liha/phylogenomics_practice/TENT/TENT5/Scripts/05-Count-homologs-per-species.R
[TENT5-corrected] RUN: sbatch --chdir=/rna/liha/phylogenomics_practice/TENT/TENT5 --output=/rna/liha/phylogenomics_practice/TENT/TENT5/logs/prank_%j.log --error=/rna/liha/phylogenomics_practice/TENT/TENT5/logs/prank_%j.log --wait /rna/liha/phylogenomics_practice/TENT/TENT5/Scripts/06-Align-PRANK.sh
Submitted batch job 28456
[TENT5-corrected] RUN: sbatch --chdir=/rna/liha/phylogenomics_practice/TENT/TENT5 --output=/rna/liha/phylogenomics_practice/TENT/TENT5/logs/iqtree_%j.log --error=/rna/liha/phylogenomics_practice/TENT/TENT5/logs/iqtree_%j.log --wait /rna/liha/phylogenomics_practice/TENT/TENT5/Scripts/07-Iq-tree.sh
Submitted batch job 28479
[TENT5-corrected] RUN: cp -p /rna/liha/phylogenomics_practice/TENT/TENT5/Tree/TENT5.bionj /rna/liha/phylogenomics_practice/TENT/TENT5/Tree/TENT5.ckp.gz /rna/liha/phylogenomics_practice/TENT/TENT5/Tree/TENT5.contree /rna/liha/phylogenomics_practice/TENT/TENT5/Tree/TENT5.iqtree /rna/liha/phylogenomics_practice/TENT/TENT5/Tree/TENT5.log /rna/liha/phylogenomics_practice/TENT/TENT5/Tree/TENT5.mldist /rna/liha/phylogenomics_practice/TENT/TENT5/Tree/TENT5.model.gz /rna/liha/phylogenomics_practice/TENT/TENT5/Tree/TENT5.splits.nex /rna/liha/phylogenomics_practice/TENT/TENT5/Tree/TENT5.treefile /rna/liha/phylogenomics_practice/TENT/TENT5/Tree/Raw-alignment/
[TENT5-corrected] RUN: conda run -n r_env Rscript /rna/liha/phylogenomics_practice/TENT/TENT5/Scripts/08-Compare-tree.R
[TENT5-corrected] Pipeline wrapper finished.
