Job started on dicer at Fri Apr 24 11:14:51 AM KST 2026
Converting: Branchiostoma_floridae ...
Converting: Branchiostoma_belcheri ...
Converting: Branchiostoma_lanceolatum ...
Converting: Ciona_intestinalis ...
Converting: Styela_clava ...
Converting: Styela_plicata ...
Converting: Halocynthia_roretzi ...
Converting: Botryllus_schlosseri ...
Converting: Thalia_democratica ...
Converting: Oikopleura_dioica ...
Converting: Ascidia_mentula ...
Converting: Ciona_savignyi ...
Converting: Phallusia_mammillata ...
Converting: Botrylloides_diegensis ...
Converting: Boltenia_villosa ...
Converting: Oikopleura_longicauda ...
Converting: Diplosoma_listerianum ...
Converting: Clavelina_lepadiformis ...
Converting: Halocynthia_papillosa ...
Converting: Ascidiella_aspersa ...
Converting: Halocynthia_aurantium ...
Converting: Aplidium_elegans ...
Converting: Diplosoma_spongiforme ...
Converting: Diplosoma_virens ...
Converting: Corella_eumyota ...
Converting: Didemnum_molle ...
Converting: Pycnoclavella_producta ...
Converting: Phallusia_fumigata ...
Converting: Microcosmus_polymorphus ...
Converting: Microcosmus_squamiger ...
Converting: Didemnum_vexillum ...
Converting: Trididemnum_clinides ...
Converting: Salpa_thompsoni ...
Converting: Botrylloides_violaceus ...
Converting: Asterocarpa_humilis ...
Converting: Trididemnum_nubilum ...
Converting: Trididemnum_miniatum ...
Converting: Salpa_aspera ...
Converting: Ascidiella_scabra ...
Converting: Phallusia_philippinensis ...
Converting: Lissoclinum_perforatum ...
Converting: Symplegma_brakenhielmi ...
Converting: Oikopleura_albicans ...
Converting: Distaplia_bermudensis ...
Converting: Botrylloides_israeliense ...
Converting: Bathochordaeus_stygius ...
Converting: Oikopleura_vanhoeffeni ...
Converting: Polycarpa_mamillaris ...
Converting: Mesochordaeus_erythrocephalus ...
Converting: Aplidium_turbinatum ...
Converting: Perophora_annectens ...
Converting: Aplidium_pallidum ...
Converting: Diazona_violacea ...
Converting: Pegea_sp._RAD2-039 ...
Converting: Corella_parallelogramma ...
Converting: Lampetra_planeri ...
Converting: Lethenteron_reissneri ...
Converting: Mordacia_mordax ...
Converting: Lampetra_fluviatilis ...
Converting: Eptatretus_burgeri ...
Converting: Petromyzon_marinus ...
Converting: Eptatretus_okinoseanus ...
Converting: Myxine_glutinosa ...
Converting: Lampetra_richardsoni ...
Converting: Geotria_australis ...
Converting: Eptatretus_atami ...
Converting: Eudontomyzon_morii ...
Converting: Lampetra_auremensis ...
Converting: Entosphenus_tridentatus ...
Converting: Hydrolagus_mirabilis ...
Converting: Pristiophorus_japonicus ...
Converting: Lethenteron_camtschaticum ...
Converting: Stegostoma_tigrinum ...
Converting: Pristiophorus_japonicus ...
Converting: Heterodontus_francisci ...
Converting: Cetorhinus_maximus ...
Converting: Leucoraja_erinaceus ...
Converting: Hydrolagus_colliei ...
Converting: Heptranchias_perlo ...
Converting: Raja_brachyura ...
Converting: Homo_sapiens ...
Converting: Mobula_birostris ...
Converting: Okamejei_kenojei ...
Converting: Mobula_hypostoma ...
Converting: Torpedo_marmorata ...
Converting: Gallus_gallus ...
Converting: Mus_musculus ...
Converting: Tetraodon_nigroviridis ...
Converting: Xenopus_tropicalis ...
Converting: Lepisosteus_oculatus ...
Converting: Latimeria_chalumnae ...
Converting: Scyliorhinus_torazame ...
Converting: Chrysemys_picta_bellii ...
Converting: Polypterus_senegalus ...
Converting: Acipenser_ruthenus ...
All tasks completed!
