Job started on guanine at Fri Apr 24 02:30:49 PM KST 2026
========================================================
 Creating taxon_set.conf automatically...
[scaffolds]
Branchiostoma_floridae:/rna/liha/phylogenomics_practice/UCE/harvest_UCE/03-two-bit/Branchiostoma_floridae/Branchiostoma_floridae.2bit
Branchiostoma_lanceolatum:/rna/liha/phylogenomics_practice/UCE/harvest_UCE/03-two-bit/Branchiostoma_lanceolatum/Branchiostoma_lanceolatum.2bit
Branchiostoma_belcheri:/rna/liha/phylogenomics_practice/UCE/harvest_UCE/03-two-bit/Branchiostoma_belcheri/Branchiostoma_belcheri.2bit
Ciona_intestinalis:/rna/liha/phylogenomics_practice/UCE/harvest_UCE/03-two-bit/Ciona_intestinalis/Ciona_intestinalis.2bit
Styela_clava:/rna/liha/phylogenomics_practice/UCE/harvest_UCE/03-two-bit/Styela_clava/Styela_clava.2bit
Styela_plicata:/rna/liha/phylogenomics_practice/UCE/harvest_UCE/03-two-bit/Styela_plicata/Styela_plicata.2bit
Halocynthia_roretzi:/rna/liha/phylogenomics_practice/UCE/harvest_UCE/03-two-bit/Halocynthia_roretzi/Halocynthia_roretzi.2bit
Botryllus_schlosseri:/rna/liha/phylogenomics_practice/UCE/harvest_UCE/03-two-bit/Botryllus_schlosseri/Botryllus_schlosseri.2bit
Thalia_democratica:/rna/liha/phylogenomics_practice/UCE/harvest_UCE/03-two-bit/Thalia_democratica/Thalia_democratica.2bit
Oikopleura_dioica:/rna/liha/phylogenomics_practice/UCE/harvest_UCE/03-two-bit/Oikopleura_dioica/Oikopleura_dioica.2bit
Ascidia_mentula:/rna/liha/phylogenomics_practice/UCE/harvest_UCE/03-two-bit/Ascidia_mentula/Ascidia_mentula.2bit
Ciona_savignyi:/rna/liha/phylogenomics_practice/UCE/harvest_UCE/03-two-bit/Ciona_savignyi/Ciona_savignyi.2bit
Phallusia_mammillata:/rna/liha/phylogenomics_practice/UCE/harvest_UCE/03-two-bit/Phallusia_mammillata/Phallusia_mammillata.2bit
Botrylloides_diegensis:/rna/liha/phylogenomics_practice/UCE/harvest_UCE/03-two-bit/Botrylloides_diegensis/Botrylloides_diegensis.2bit
Boltenia_villosa:/rna/liha/phylogenomics_practice/UCE/harvest_UCE/03-two-bit/Boltenia_villosa/Boltenia_villosa.2bit
Oikopleura_longicauda:/rna/liha/phylogenomics_practice/UCE/harvest_UCE/03-two-bit/Oikopleura_longicauda/Oikopleura_longicauda.2bit
Diplosoma_listerianum:/rna/liha/phylogenomics_practice/UCE/harvest_UCE/03-two-bit/Diplosoma_listerianum/Diplosoma_listerianum.2bit
Clavelina_lepadiformis:/rna/liha/phylogenomics_practice/UCE/harvest_UCE/03-two-bit/Clavelina_lepadiformis/Clavelina_lepadiformis.2bit
Halocynthia_papillosa:/rna/liha/phylogenomics_practice/UCE/harvest_UCE/03-two-bit/Halocynthia_papillosa/Halocynthia_papillosa.2bit
Ascidiella_aspersa:/rna/liha/phylogenomics_practice/UCE/harvest_UCE/03-two-bit/Ascidiella_aspersa/Ascidiella_aspersa.2bit
Halocynthia_aurantium:/rna/liha/phylogenomics_practice/UCE/harvest_UCE/03-two-bit/Halocynthia_aurantium/Halocynthia_aurantium.2bit
Aplidium_elegans:/rna/liha/phylogenomics_practice/UCE/harvest_UCE/03-two-bit/Aplidium_elegans/Aplidium_elegans.2bit
Diplosoma_spongiforme:/rna/liha/phylogenomics_practice/UCE/harvest_UCE/03-two-bit/Diplosoma_spongiforme/Diplosoma_spongiforme.2bit
Diplosoma_virens:/rna/liha/phylogenomics_practice/UCE/harvest_UCE/03-two-bit/Diplosoma_virens/Diplosoma_virens.2bit
Corella_eumyota:/rna/liha/phylogenomics_practice/UCE/harvest_UCE/03-two-bit/Corella_eumyota/Corella_eumyota.2bit
Didemnum_molle:/rna/liha/phylogenomics_practice/UCE/harvest_UCE/03-two-bit/Didemnum_molle/Didemnum_molle.2bit
Pycnoclavella_producta:/rna/liha/phylogenomics_practice/UCE/harvest_UCE/03-two-bit/Pycnoclavella_producta/Pycnoclavella_producta.2bit
Phallusia_fumigata:/rna/liha/phylogenomics_practice/UCE/harvest_UCE/03-two-bit/Phallusia_fumigata/Phallusia_fumigata.2bit
Microcosmus_squamiger:/rna/liha/phylogenomics_practice/UCE/harvest_UCE/03-two-bit/Microcosmus_squamiger/Microcosmus_squamiger.2bit
Microcosmus_polymorphus:/rna/liha/phylogenomics_practice/UCE/harvest_UCE/03-two-bit/Microcosmus_polymorphus/Microcosmus_polymorphus.2bit
Didemnum_vexillum:/rna/liha/phylogenomics_practice/UCE/harvest_UCE/03-two-bit/Didemnum_vexillum/Didemnum_vexillum.2bit
Trididemnum_clinides:/rna/liha/phylogenomics_practice/UCE/harvest_UCE/03-two-bit/Trididemnum_clinides/Trididemnum_clinides.2bit
Salpa_thompsoni:/rna/liha/phylogenomics_practice/UCE/harvest_UCE/03-two-bit/Salpa_thompsoni/Salpa_thompsoni.2bit
Botrylloides_violaceus:/rna/liha/phylogenomics_practice/UCE/harvest_UCE/03-two-bit/Botrylloides_violaceus/Botrylloides_violaceus.2bit
Asterocarpa_humilis:/rna/liha/phylogenomics_practice/UCE/harvest_UCE/03-two-bit/Asterocarpa_humilis/Asterocarpa_humilis.2bit
Trididemnum_nubilum:/rna/liha/phylogenomics_practice/UCE/harvest_UCE/03-two-bit/Trididemnum_nubilum/Trididemnum_nubilum.2bit
Trididemnum_miniatum:/rna/liha/phylogenomics_practice/UCE/harvest_UCE/03-two-bit/Trididemnum_miniatum/Trididemnum_miniatum.2bit
Salpa_aspera:/rna/liha/phylogenomics_practice/UCE/harvest_UCE/03-two-bit/Salpa_aspera/Salpa_aspera.2bit
Ascidiella_scabra:/rna/liha/phylogenomics_practice/UCE/harvest_UCE/03-two-bit/Ascidiella_scabra/Ascidiella_scabra.2bit
Lissoclinum_perforatum:/rna/liha/phylogenomics_practice/UCE/harvest_UCE/03-two-bit/Lissoclinum_perforatum/Lissoclinum_perforatum.2bit
Phallusia_philippinensis:/rna/liha/phylogenomics_practice/UCE/harvest_UCE/03-two-bit/Phallusia_philippinensis/Phallusia_philippinensis.2bit
Symplegma_brakenhielmi:/rna/liha/phylogenomics_practice/UCE/harvest_UCE/03-two-bit/Symplegma_brakenhielmi/Symplegma_brakenhielmi.2bit
Distaplia_bermudensis:/rna/liha/phylogenomics_practice/UCE/harvest_UCE/03-two-bit/Distaplia_bermudensis/Distaplia_bermudensis.2bit
Oikopleura_albicans:/rna/liha/phylogenomics_practice/UCE/harvest_UCE/03-two-bit/Oikopleura_albicans/Oikopleura_albicans.2bit
Botrylloides_israeliense:/rna/liha/phylogenomics_practice/UCE/harvest_UCE/03-two-bit/Botrylloides_israeliense/Botrylloides_israeliense.2bit
Bathochordaeus_stygius:/rna/liha/phylogenomics_practice/UCE/harvest_UCE/03-two-bit/Bathochordaeus_stygius/Bathochordaeus_stygius.2bit
Oikopleura_vanhoeffeni:/rna/liha/phylogenomics_practice/UCE/harvest_UCE/03-two-bit/Oikopleura_vanhoeffeni/Oikopleura_vanhoeffeni.2bit
Polycarpa_mamillaris:/rna/liha/phylogenomics_practice/UCE/harvest_UCE/03-two-bit/Polycarpa_mamillaris/Polycarpa_mamillaris.2bit
Mesochordaeus_erythrocephalus:/rna/liha/phylogenomics_practice/UCE/harvest_UCE/03-two-bit/Mesochordaeus_erythrocephalus/Mesochordaeus_erythrocephalus.2bit
Aplidium_turbinatum:/rna/liha/phylogenomics_practice/UCE/harvest_UCE/03-two-bit/Aplidium_turbinatum/Aplidium_turbinatum.2bit
Perophora_annectens:/rna/liha/phylogenomics_practice/UCE/harvest_UCE/03-two-bit/Perophora_annectens/Perophora_annectens.2bit
Aplidium_pallidum:/rna/liha/phylogenomics_practice/UCE/harvest_UCE/03-two-bit/Aplidium_pallidum/Aplidium_pallidum.2bit
Diazona_violacea:/rna/liha/phylogenomics_practice/UCE/harvest_UCE/03-two-bit/Diazona_violacea/Diazona_violacea.2bit
Corella_parallelogramma:/rna/liha/phylogenomics_practice/UCE/harvest_UCE/03-two-bit/Corella_parallelogramma/Corella_parallelogramma.2bit
Lampetra_planeri:/rna/liha/phylogenomics_practice/UCE/harvest_UCE/03-two-bit/Lampetra_planeri/Lampetra_planeri.2bit
Lethenteron_reissneri:/rna/liha/phylogenomics_practice/UCE/harvest_UCE/03-two-bit/Lethenteron_reissneri/Lethenteron_reissneri.2bit
Mordacia_mordax:/rna/liha/phylogenomics_practice/UCE/harvest_UCE/03-two-bit/Mordacia_mordax/Mordacia_mordax.2bit
Lampetra_fluviatilis:/rna/liha/phylogenomics_practice/UCE/harvest_UCE/03-two-bit/Lampetra_fluviatilis/Lampetra_fluviatilis.2bit
Eptatretus_burgeri:/rna/liha/phylogenomics_practice/UCE/harvest_UCE/03-two-bit/Eptatretus_burgeri/Eptatretus_burgeri.2bit
Petromyzon_marinus:/rna/liha/phylogenomics_practice/UCE/harvest_UCE/03-two-bit/Petromyzon_marinus/Petromyzon_marinus.2bit
Eptatretus_okinoseanus:/rna/liha/phylogenomics_practice/UCE/harvest_UCE/03-two-bit/Eptatretus_okinoseanus/Eptatretus_okinoseanus.2bit
Myxine_glutinosa:/rna/liha/phylogenomics_practice/UCE/harvest_UCE/03-two-bit/Myxine_glutinosa/Myxine_glutinosa.2bit
Eptatretus_atami:/rna/liha/phylogenomics_practice/UCE/harvest_UCE/03-two-bit/Eptatretus_atami/Eptatretus_atami.2bit
Lampetra_richardsoni:/rna/liha/phylogenomics_practice/UCE/harvest_UCE/03-two-bit/Lampetra_richardsoni/Lampetra_richardsoni.2bit
Geotria_australis:/rna/liha/phylogenomics_practice/UCE/harvest_UCE/03-two-bit/Geotria_australis/Geotria_australis.2bit
Lampetra_auremensis:/rna/liha/phylogenomics_practice/UCE/harvest_UCE/03-two-bit/Lampetra_auremensis/Lampetra_auremensis.2bit
Eudontomyzon_morii:/rna/liha/phylogenomics_practice/UCE/harvest_UCE/03-two-bit/Eudontomyzon_morii/Eudontomyzon_morii.2bit
Entosphenus_tridentatus:/rna/liha/phylogenomics_practice/UCE/harvest_UCE/03-two-bit/Entosphenus_tridentatus/Entosphenus_tridentatus.2bit
Hydrolagus_mirabilis:/rna/liha/phylogenomics_practice/UCE/harvest_UCE/03-two-bit/Hydrolagus_mirabilis/Hydrolagus_mirabilis.2bit
Pristiophorus_japonicus:/rna/liha/phylogenomics_practice/UCE/harvest_UCE/03-two-bit/Pristiophorus_japonicus/Pristiophorus_japonicus.2bit
Lethenteron_camtschaticum:/rna/liha/phylogenomics_practice/UCE/harvest_UCE/03-two-bit/Lethenteron_camtschaticum/Lethenteron_camtschaticum.2bit
Stegostoma_tigrinum:/rna/liha/phylogenomics_practice/UCE/harvest_UCE/03-two-bit/Stegostoma_tigrinum/Stegostoma_tigrinum.2bit
Heterodontus_francisci:/rna/liha/phylogenomics_practice/UCE/harvest_UCE/03-two-bit/Heterodontus_francisci/Heterodontus_francisci.2bit
Cetorhinus_maximus:/rna/liha/phylogenomics_practice/UCE/harvest_UCE/03-two-bit/Cetorhinus_maximus/Cetorhinus_maximus.2bit
Leucoraja_erinaceus:/rna/liha/phylogenomics_practice/UCE/harvest_UCE/03-two-bit/Leucoraja_erinaceus/Leucoraja_erinaceus.2bit
Hydrolagus_colliei:/rna/liha/phylogenomics_practice/UCE/harvest_UCE/03-two-bit/Hydrolagus_colliei/Hydrolagus_colliei.2bit
Raja_brachyura:/rna/liha/phylogenomics_practice/UCE/harvest_UCE/03-two-bit/Raja_brachyura/Raja_brachyura.2bit
Heptranchias_perlo:/rna/liha/phylogenomics_practice/UCE/harvest_UCE/03-two-bit/Heptranchias_perlo/Heptranchias_perlo.2bit
Homo_sapiens:/rna/liha/phylogenomics_practice/UCE/harvest_UCE/03-two-bit/Homo_sapiens/Homo_sapiens.2bit
Mobula_birostris:/rna/liha/phylogenomics_practice/UCE/harvest_UCE/03-two-bit/Mobula_birostris/Mobula_birostris.2bit
Okamejei_kenojei:/rna/liha/phylogenomics_practice/UCE/harvest_UCE/03-two-bit/Okamejei_kenojei/Okamejei_kenojei.2bit
Mobula_hypostoma:/rna/liha/phylogenomics_practice/UCE/harvest_UCE/03-two-bit/Mobula_hypostoma/Mobula_hypostoma.2bit
Torpedo_marmorata:/rna/liha/phylogenomics_practice/UCE/harvest_UCE/03-two-bit/Torpedo_marmorata/Torpedo_marmorata.2bit
Gallus_gallus:/rna/liha/phylogenomics_practice/UCE/harvest_UCE/03-two-bit/Gallus_gallus/Gallus_gallus.2bit
Mus_musculus:/rna/liha/phylogenomics_practice/UCE/harvest_UCE/03-two-bit/Mus_musculus/Mus_musculus.2bit
Xenopus_tropicalis:/rna/liha/phylogenomics_practice/UCE/harvest_UCE/03-two-bit/Xenopus_tropicalis/Xenopus_tropicalis.2bit
Tetraodon_nigroviridis:/rna/liha/phylogenomics_practice/UCE/harvest_UCE/03-two-bit/Tetraodon_nigroviridis/Tetraodon_nigroviridis.2bit
Lepisosteus_oculatus:/rna/liha/phylogenomics_practice/UCE/harvest_UCE/03-two-bit/Lepisosteus_oculatus/Lepisosteus_oculatus.2bit
Scyliorhinus_torazame:/rna/liha/phylogenomics_practice/UCE/harvest_UCE/03-two-bit/Scyliorhinus_torazame/Scyliorhinus_torazame.2bit
Latimeria_chalumnae:/rna/liha/phylogenomics_practice/UCE/harvest_UCE/03-two-bit/Latimeria_chalumnae/Latimeria_chalumnae.2bit
Chrysemys_picta_bellii:/rna/liha/phylogenomics_practice/UCE/harvest_UCE/03-two-bit/Chrysemys_picta_bellii/Chrysemys_picta_bellii.2bit
Polypterus_senegalus:/rna/liha/phylogenomics_practice/UCE/harvest_UCE/03-two-bit/Polypterus_senegalus/Polypterus_senegalus.2bit
Acipenser_ruthenus:/rna/liha/phylogenomics_practice/UCE/harvest_UCE/03-two-bit/Acipenser_ruthenus/Acipenser_ruthenus.2bit
========================================================
 Extracting UCE loci and filtering paralogs...
2026-04-24 14:30:50,244 - Phyluce - INFO - =================== Starting Phyluce: Slice Sequence ===================
2026-04-24 14:30:50,246 - Phyluce - INFO - ------------ Working on Branchiostoma_floridae genome -----------
2026-04-24 14:30:50,246 - Phyluce - INFO - Reading Branchiostoma_floridae genome
2026-04-24 14:30:50,484 - Phyluce - INFO - Branchiostoma_floridae: 24 uces, 9 dupes, 15 non-dupes, 0 orient drop, 0 length drop, 15 written
2026-04-24 14:30:50,484 - Phyluce - INFO - ---------- Working on Branchiostoma_lanceolatum genome ----------
2026-04-24 14:30:50,484 - Phyluce - INFO - Reading Branchiostoma_lanceolatum genome
2026-04-24 14:30:50,698 - Phyluce - INFO - Branchiostoma_lanceolatum: 26 uces, 7 dupes, 19 non-dupes, 0 orient drop, 1 length drop, 18 written
2026-04-24 14:30:50,698 - Phyluce - INFO - ------------ Working on Branchiostoma_belcheri genome -----------
2026-04-24 14:30:50,699 - Phyluce - INFO - Reading Branchiostoma_belcheri genome
2026-04-24 14:30:50,845 - Phyluce - INFO - Branchiostoma_belcheri: 25 uces, 7 dupes, 18 non-dupes, 0 orient drop, 0 length drop, 18 written
2026-04-24 14:30:50,845 - Phyluce - INFO - -------------- Working on Ciona_intestinalis genome -------------
2026-04-24 14:30:50,845 - Phyluce - INFO - Reading Ciona_intestinalis genome
2026-04-24 14:30:50,900 - Phyluce - INFO - Ciona_intestinalis: 11 uces, 2 dupes, 9 non-dupes, 0 orient drop, 1 length drop, 8 written
2026-04-24 14:30:50,900 - Phyluce - INFO - ----------------- Working on Styela_clava genome ----------------
2026-04-24 14:30:50,901 - Phyluce - INFO - Reading Styela_clava genome
2026-04-24 14:30:50,991 - Phyluce - INFO - Styela_clava: 11 uces, 1 dupes, 10 non-dupes, 0 orient drop, 0 length drop, 10 written
2026-04-24 14:30:50,991 - Phyluce - INFO - ---------------- Working on Styela_plicata genome ---------------
2026-04-24 14:30:50,992 - Phyluce - INFO - Reading Styela_plicata genome
2026-04-24 14:30:51,113 - Phyluce - INFO - Styela_plicata: 7 uces, 1 dupes, 6 non-dupes, 0 orient drop, 0 length drop, 6 written
2026-04-24 14:30:51,113 - Phyluce - INFO - ------------- Working on Halocynthia_roretzi genome -------------
2026-04-24 14:30:51,113 - Phyluce - INFO - Reading Halocynthia_roretzi genome
2026-04-24 14:30:51,194 - Phyluce - INFO - Halocynthia_roretzi: 12 uces, 0 dupes, 12 non-dupes, 0 orient drop, 0 length drop, 12 written
2026-04-24 14:30:51,194 - Phyluce - INFO - ------------- Working on Botryllus_schlosseri genome ------------
2026-04-24 14:30:51,194 - Phyluce - INFO - Reading Botryllus_schlosseri genome
2026-04-24 14:30:51,272 - Phyluce - INFO - Botryllus_schlosseri: 10 uces, 2 dupes, 8 non-dupes, 0 orient drop, 0 length drop, 8 written
2026-04-24 14:30:51,272 - Phyluce - INFO - -------------- Working on Thalia_democratica genome -------------
2026-04-24 14:30:51,273 - Phyluce - INFO - Reading Thalia_democratica genome
2026-04-24 14:30:51,505 - Phyluce - INFO - Thalia_democratica: 4 uces, 0 dupes, 4 non-dupes, 1 orient drop, 0 length drop, 3 written
2026-04-24 14:30:51,505 - Phyluce - INFO - -------------- Working on Oikopleura_dioica genome --------------
2026-04-24 14:30:51,506 - Phyluce - INFO - Reading Oikopleura_dioica genome
2026-04-24 14:30:51,573 - Phyluce - INFO - Oikopleura_dioica: 5 uces, 0 dupes, 5 non-dupes, 0 orient drop, 0 length drop, 5 written
2026-04-24 14:30:51,573 - Phyluce - INFO - --------------- Working on Ascidia_mentula genome ---------------
2026-04-24 14:30:51,574 - Phyluce - INFO - Reading Ascidia_mentula genome
2026-04-24 14:30:51,629 - Phyluce - INFO - Ascidia_mentula: 12 uces, 1 dupes, 11 non-dupes, 0 orient drop, 1 length drop, 10 written
2026-04-24 14:30:51,629 - Phyluce - INFO - ---------------- Working on Ciona_savignyi genome ---------------
2026-04-24 14:30:51,630 - Phyluce - INFO - Reading Ciona_savignyi genome
2026-04-24 14:30:51,690 - Phyluce - INFO - Ciona_savignyi: 8 uces, 1 dupes, 7 non-dupes, 0 orient drop, 2 length drop, 5 written
2026-04-24 14:30:51,690 - Phyluce - INFO - ------------- Working on Phallusia_mammillata genome ------------
2026-04-24 14:30:51,690 - Phyluce - INFO - Reading Phallusia_mammillata genome
2026-04-24 14:30:51,765 - Phyluce - INFO - Phallusia_mammillata: 9 uces, 2 dupes, 7 non-dupes, 0 orient drop, 0 length drop, 7 written
2026-04-24 14:30:51,765 - Phyluce - INFO - ------------ Working on Botrylloides_diegensis genome -----------
2026-04-24 14:30:51,766 - Phyluce - INFO - Reading Botrylloides_diegensis genome
2026-04-24 14:30:51,873 - Phyluce - INFO - Botrylloides_diegensis: 10 uces, 1 dupes, 9 non-dupes, 0 orient drop, 0 length drop, 9 written
2026-04-24 14:30:51,873 - Phyluce - INFO - --------------- Working on Boltenia_villosa genome --------------
2026-04-24 14:30:51,874 - Phyluce - INFO - Reading Boltenia_villosa genome
2026-04-24 14:30:53,288 - Phyluce - INFO - Boltenia_villosa: 10 uces, 3 dupes, 7 non-dupes, 0 orient drop, 0 length drop, 7 written
2026-04-24 14:30:53,288 - Phyluce - INFO - ------------ Working on Oikopleura_longicauda genome ------------
2026-04-24 14:30:53,289 - Phyluce - INFO - Reading Oikopleura_longicauda genome
2026-04-24 14:30:54,828 - Phyluce - INFO - Oikopleura_longicauda: 4 uces, 0 dupes, 4 non-dupes, 0 orient drop, 0 length drop, 4 written
2026-04-24 14:30:54,828 - Phyluce - INFO - ------------ Working on Diplosoma_listerianum genome ------------
2026-04-24 14:30:54,829 - Phyluce - INFO - Reading Diplosoma_listerianum genome
2026-04-24 14:30:54,901 - Phyluce - INFO - Diplosoma_listerianum: 12 uces, 3 dupes, 9 non-dupes, 0 orient drop, 1 length drop, 8 written
2026-04-24 14:30:54,902 - Phyluce - INFO - ------------ Working on Clavelina_lepadiformis genome -----------
2026-04-24 14:30:54,902 - Phyluce - INFO - Reading Clavelina_lepadiformis genome
2026-04-24 14:30:54,979 - Phyluce - INFO - Clavelina_lepadiformis: 13 uces, 2 dupes, 11 non-dupes, 0 orient drop, 1 length drop, 10 written
2026-04-24 14:30:54,979 - Phyluce - INFO - ------------ Working on Halocynthia_papillosa genome ------------
2026-04-24 14:30:54,980 - Phyluce - INFO - Reading Halocynthia_papillosa genome
2026-04-24 14:30:55,071 - Phyluce - INFO - Halocynthia_papillosa: 10 uces, 2 dupes, 8 non-dupes, 0 orient drop, 1 length drop, 7 written
2026-04-24 14:30:55,071 - Phyluce - INFO - -------------- Working on Ascidiella_aspersa genome -------------
2026-04-24 14:30:55,072 - Phyluce - INFO - Reading Ascidiella_aspersa genome
2026-04-24 14:30:55,161 - Phyluce - INFO - Ascidiella_aspersa: 15 uces, 1 dupes, 14 non-dupes, 0 orient drop, 2 length drop, 12 written
2026-04-24 14:30:55,161 - Phyluce - INFO - ------------ Working on Halocynthia_aurantium genome ------------
2026-04-24 14:30:55,162 - Phyluce - INFO - Reading Halocynthia_aurantium genome
2026-04-24 14:30:55,296 - Phyluce - INFO - Halocynthia_aurantium: 12 uces, 3 dupes, 9 non-dupes, 0 orient drop, 0 length drop, 9 written
2026-04-24 14:30:55,296 - Phyluce - INFO - --------------- Working on Aplidium_elegans genome --------------
2026-04-24 14:30:55,296 - Phyluce - INFO - Reading Aplidium_elegans genome
2026-04-24 14:30:55,377 - Phyluce - INFO - Aplidium_elegans: 11 uces, 5 dupes, 6 non-dupes, 0 orient drop, 1 length drop, 5 written
2026-04-24 14:30:55,377 - Phyluce - INFO - ------------ Working on Diplosoma_spongiforme genome ------------
2026-04-24 14:30:55,377 - Phyluce - INFO - Reading Diplosoma_spongiforme genome
2026-04-24 14:30:55,503 - Phyluce - INFO - Diplosoma_spongiforme: 11 uces, 2 dupes, 9 non-dupes, 0 orient drop, 1 length drop, 8 written
2026-04-24 14:30:55,503 - Phyluce - INFO - --------------- Working on Diplosoma_virens genome --------------
2026-04-24 14:30:55,504 - Phyluce - INFO - Reading Diplosoma_virens genome
2026-04-24 14:30:55,668 - Phyluce - INFO - Diplosoma_virens: 11 uces, 3 dupes, 8 non-dupes, 0 orient drop, 2 length drop, 6 written
2026-04-24 14:30:55,668 - Phyluce - INFO - --------------- Working on Corella_eumyota genome ---------------
2026-04-24 14:30:55,669 - Phyluce - INFO - Reading Corella_eumyota genome
2026-04-24 14:30:55,825 - Phyluce - INFO - Corella_eumyota: 11 uces, 0 dupes, 11 non-dupes, 0 orient drop, 1 length drop, 10 written
2026-04-24 14:30:55,825 - Phyluce - INFO - ---------------- Working on Didemnum_molle genome ---------------
2026-04-24 14:30:55,826 - Phyluce - INFO - Reading Didemnum_molle genome
2026-04-24 14:30:55,875 - Phyluce - INFO - Didemnum_molle: 9 uces, 3 dupes, 6 non-dupes, 0 orient drop, 0 length drop, 6 written
2026-04-24 14:30:55,876 - Phyluce - INFO - ------------ Working on Pycnoclavella_producta genome -----------
2026-04-24 14:30:55,876 - Phyluce - INFO - Reading Pycnoclavella_producta genome
2026-04-24 14:30:55,980 - Phyluce - INFO - Pycnoclavella_producta: 10 uces, 5 dupes, 5 non-dupes, 0 orient drop, 1 length drop, 4 written
2026-04-24 14:30:55,980 - Phyluce - INFO - -------------- Working on Phallusia_fumigata genome -------------
2026-04-24 14:30:55,981 - Phyluce - INFO - Reading Phallusia_fumigata genome
2026-04-24 14:30:56,056 - Phyluce - INFO - Phallusia_fumigata: 10 uces, 2 dupes, 8 non-dupes, 0 orient drop, 1 length drop, 7 written
2026-04-24 14:30:56,056 - Phyluce - INFO - ------------ Working on Microcosmus_squamiger genome ------------
2026-04-24 14:30:56,057 - Phyluce - INFO - Reading Microcosmus_squamiger genome
2026-04-24 14:30:56,124 - Phyluce - INFO - Microcosmus_squamiger: 10 uces, 0 dupes, 10 non-dupes, 1 orient drop, 0 length drop, 9 written
2026-04-24 14:30:56,124 - Phyluce - INFO - ----------- Working on Microcosmus_polymorphus genome -----------
2026-04-24 14:30:56,125 - Phyluce - INFO - Reading Microcosmus_polymorphus genome
2026-04-24 14:30:56,229 - Phyluce - INFO - Microcosmus_polymorphus: 10 uces, 1 dupes, 9 non-dupes, 0 orient drop, 0 length drop, 9 written
2026-04-24 14:30:56,229 - Phyluce - INFO - -------------- Working on Didemnum_vexillum genome --------------
2026-04-24 14:30:56,230 - Phyluce - INFO - Reading Didemnum_vexillum genome
2026-04-24 14:30:56,339 - Phyluce - INFO - Didemnum_vexillum: 11 uces, 2 dupes, 9 non-dupes, 0 orient drop, 0 length drop, 9 written
2026-04-24 14:30:56,339 - Phyluce - INFO - ------------- Working on Trididemnum_clinides genome ------------
2026-04-24 14:30:56,340 - Phyluce - INFO - Reading Trididemnum_clinides genome
2026-04-24 14:30:56,423 - Phyluce - INFO - Trididemnum_clinides: 8 uces, 3 dupes, 5 non-dupes, 1 orient drop, 1 length drop, 3 written
2026-04-24 14:30:56,423 - Phyluce - INFO - --------------- Working on Salpa_thompsoni genome ---------------
2026-04-24 14:30:56,424 - Phyluce - INFO - Reading Salpa_thompsoni genome
2026-04-24 14:30:57,353 - Phyluce - INFO - Salpa_thompsoni: 7 uces, 0 dupes, 7 non-dupes, 0 orient drop, 0 length drop, 7 written
2026-04-24 14:30:57,353 - Phyluce - INFO - ------------ Working on Botrylloides_violaceus genome -----------
2026-04-24 14:30:57,353 - Phyluce - INFO - Reading Botrylloides_violaceus genome
2026-04-24 14:30:57,382 - Phyluce - INFO - Botrylloides_violaceus: 9 uces, 2 dupes, 7 non-dupes, 0 orient drop, 0 length drop, 7 written
2026-04-24 14:30:57,382 - Phyluce - INFO - ------------- Working on Asterocarpa_humilis genome -------------
2026-04-24 14:30:57,383 - Phyluce - INFO - Reading Asterocarpa_humilis genome
2026-04-24 14:30:57,442 - Phyluce - INFO - Asterocarpa_humilis: 9 uces, 1 dupes, 8 non-dupes, 0 orient drop, 0 length drop, 8 written
2026-04-24 14:30:57,442 - Phyluce - INFO - ------------- Working on Trididemnum_nubilum genome -------------
2026-04-24 14:30:57,443 - Phyluce - INFO - Reading Trididemnum_nubilum genome
2026-04-24 14:30:57,544 - Phyluce - INFO - Trididemnum_nubilum: 10 uces, 5 dupes, 5 non-dupes, 0 orient drop, 0 length drop, 5 written
2026-04-24 14:30:57,544 - Phyluce - INFO - ------------- Working on Trididemnum_miniatum genome ------------
2026-04-24 14:30:57,544 - Phyluce - INFO - Reading Trididemnum_miniatum genome
2026-04-24 14:30:57,623 - Phyluce - INFO - Trididemnum_miniatum: 10 uces, 3 dupes, 7 non-dupes, 0 orient drop, 1 length drop, 6 written
2026-04-24 14:30:57,623 - Phyluce - INFO - ----------------- Working on Salpa_aspera genome ----------------
2026-04-24 14:30:57,624 - Phyluce - INFO - Reading Salpa_aspera genome
2026-04-24 14:30:57,740 - Phyluce - INFO - Salpa_aspera: 12 uces, 1 dupes, 11 non-dupes, 0 orient drop, 0 length drop, 11 written
2026-04-24 14:30:57,740 - Phyluce - INFO - -------------- Working on Ascidiella_scabra genome --------------
2026-04-24 14:30:57,741 - Phyluce - INFO - Reading Ascidiella_scabra genome
2026-04-24 14:30:57,822 - Phyluce - INFO - Ascidiella_scabra: 16 uces, 3 dupes, 13 non-dupes, 0 orient drop, 2 length drop, 11 written
2026-04-24 14:30:57,822 - Phyluce - INFO - ------------ Working on Lissoclinum_perforatum genome -----------
2026-04-24 14:30:57,823 - Phyluce - INFO - Reading Lissoclinum_perforatum genome
2026-04-24 14:30:57,877 - Phyluce - INFO - Lissoclinum_perforatum: 9 uces, 5 dupes, 4 non-dupes, 0 orient drop, 0 length drop, 4 written
2026-04-24 14:30:57,877 - Phyluce - INFO - ----------- Working on Phallusia_philippinensis genome ----------
2026-04-24 14:30:57,878 - Phyluce - INFO - Reading Phallusia_philippinensis genome
2026-04-24 14:30:57,913 - Phyluce - INFO - Phallusia_philippinensis: 12 uces, 2 dupes, 10 non-dupes, 0 orient drop, 1 length drop, 9 written
2026-04-24 14:30:57,913 - Phyluce - INFO - ------------ Working on Symplegma_brakenhielmi genome -----------
2026-04-24 14:30:57,914 - Phyluce - INFO - Reading Symplegma_brakenhielmi genome
2026-04-24 14:30:57,996 - Phyluce - INFO - Symplegma_brakenhielmi: 11 uces, 3 dupes, 8 non-dupes, 0 orient drop, 2 length drop, 6 written
2026-04-24 14:30:57,996 - Phyluce - INFO - ------------ Working on Distaplia_bermudensis genome ------------
2026-04-24 14:30:57,997 - Phyluce - INFO - Reading Distaplia_bermudensis genome
2026-04-24 14:30:58,059 - Phyluce - INFO - Distaplia_bermudensis: 7 uces, 1 dupes, 6 non-dupes, 0 orient drop, 1 length drop, 5 written
2026-04-24 14:30:58,059 - Phyluce - INFO - ------------- Working on Oikopleura_albicans genome -------------
2026-04-24 14:30:58,060 - Phyluce - INFO - Reading Oikopleura_albicans genome
2026-04-24 14:30:58,692 - Phyluce - INFO - Oikopleura_albicans: 2 uces, 0 dupes, 2 non-dupes, 0 orient drop, 0 length drop, 2 written
2026-04-24 14:30:58,692 - Phyluce - INFO - ----------- Working on Botrylloides_israeliense genome ----------
2026-04-24 14:30:58,693 - Phyluce - INFO - Reading Botrylloides_israeliense genome
2026-04-24 14:30:58,734 - Phyluce - INFO - Botrylloides_israeliense: 11 uces, 0 dupes, 11 non-dupes, 0 orient drop, 0 length drop, 11 written
2026-04-24 14:30:58,734 - Phyluce - INFO - ------------ Working on Bathochordaeus_stygius genome -----------
2026-04-24 14:30:58,734 - Phyluce - INFO - Reading Bathochordaeus_stygius genome
2026-04-24 14:31:02,040 - Phyluce - INFO - Bathochordaeus_stygius: 4 uces, 0 dupes, 4 non-dupes, 0 orient drop, 0 length drop, 4 written
2026-04-24 14:31:02,040 - Phyluce - INFO - ------------ Working on Oikopleura_vanhoeffeni genome -----------
2026-04-24 14:31:02,041 - Phyluce - INFO - Reading Oikopleura_vanhoeffeni genome
2026-04-24 14:31:03,209 - Phyluce - INFO - Oikopleura_vanhoeffeni: 4 uces, 0 dupes, 4 non-dupes, 0 orient drop, 0 length drop, 4 written
2026-04-24 14:31:03,209 - Phyluce - INFO - ------------- Working on Polycarpa_mamillaris genome ------------
2026-04-24 14:31:03,209 - Phyluce - INFO - Reading Polycarpa_mamillaris genome
2026-04-24 14:31:03,263 - Phyluce - INFO - Polycarpa_mamillaris: 8 uces, 1 dupes, 7 non-dupes, 0 orient drop, 1 length drop, 6 written
2026-04-24 14:31:03,263 - Phyluce - INFO - -------- Working on Mesochordaeus_erythrocephalus genome --------
2026-04-24 14:31:03,264 - Phyluce - INFO - Reading Mesochordaeus_erythrocephalus genome
2026-04-24 14:31:09,613 - Phyluce - INFO - Mesochordaeus_erythrocephalus: 5 uces, 0 dupes, 5 non-dupes, 0 orient drop, 0 length drop, 5 written
2026-04-24 14:31:09,613 - Phyluce - INFO - ------------- Working on Aplidium_turbinatum genome -------------
2026-04-24 14:31:09,614 - Phyluce - INFO - Reading Aplidium_turbinatum genome
2026-04-24 14:31:09,663 - Phyluce - INFO - Aplidium_turbinatum: 10 uces, 4 dupes, 6 non-dupes, 0 orient drop, 1 length drop, 5 written
2026-04-24 14:31:09,664 - Phyluce - INFO - ------------- Working on Perophora_annectens genome -------------
2026-04-24 14:31:09,664 - Phyluce - INFO - Reading Perophora_annectens genome
2026-04-24 14:31:09,729 - Phyluce - INFO - Perophora_annectens: 9 uces, 3 dupes, 6 non-dupes, 0 orient drop, 1 length drop, 5 written
2026-04-24 14:31:09,729 - Phyluce - INFO - -------------- Working on Aplidium_pallidum genome --------------
2026-04-24 14:31:09,730 - Phyluce - INFO - Reading Aplidium_pallidum genome
2026-04-24 14:31:09,838 - Phyluce - INFO - Aplidium_pallidum: 13 uces, 5 dupes, 8 non-dupes, 0 orient drop, 1 length drop, 7 written
2026-04-24 14:31:09,838 - Phyluce - INFO - --------------- Working on Diazona_violacea genome --------------
2026-04-24 14:31:09,838 - Phyluce - INFO - Reading Diazona_violacea genome
2026-04-24 14:31:09,897 - Phyluce - INFO - Diazona_violacea: 12 uces, 2 dupes, 10 non-dupes, 0 orient drop, 0 length drop, 10 written
2026-04-24 14:31:09,897 - Phyluce - INFO - ----------- Working on Corella_parallelogramma genome -----------
2026-04-24 14:31:09,898 - Phyluce - INFO - Reading Corella_parallelogramma genome
2026-04-24 14:31:09,974 - Phyluce - INFO - Corella_parallelogramma: 11 uces, 2 dupes, 9 non-dupes, 0 orient drop, 1 length drop, 8 written
2026-04-24 14:31:09,974 - Phyluce - INFO - --------------- Working on Lampetra_planeri genome --------------
2026-04-24 14:31:09,974 - Phyluce - INFO - Reading Lampetra_planeri genome
2026-04-24 14:31:10,408 - Phyluce - INFO - Lampetra_planeri: 94 uces, 28 dupes, 66 non-dupes, 0 orient drop, 0 length drop, 66 written
2026-04-24 14:31:10,409 - Phyluce - INFO - ------------ Working on Lethenteron_reissneri genome ------------
2026-04-24 14:31:10,409 - Phyluce - INFO - Reading Lethenteron_reissneri genome
2026-04-24 14:31:10,799 - Phyluce - INFO - Lethenteron_reissneri: 63 uces, 25 dupes, 38 non-dupes, 3 orient drop, 3 length drop, 32 written
2026-04-24 14:31:10,799 - Phyluce - INFO - --------------- Working on Mordacia_mordax genome ---------------
2026-04-24 14:31:10,800 - Phyluce - INFO - Reading Mordacia_mordax genome
2026-04-24 14:31:12,693 - Phyluce - INFO - Mordacia_mordax: 67 uces, 24 dupes, 43 non-dupes, 1 orient drop, 0 length drop, 42 written
2026-04-24 14:31:12,693 - Phyluce - INFO - ------------- Working on Lampetra_fluviatilis genome ------------
2026-04-24 14:31:12,694 - Phyluce - INFO - Reading Lampetra_fluviatilis genome
2026-04-24 14:31:13,099 - Phyluce - INFO - Lampetra_fluviatilis: 65 uces, 26 dupes, 39 non-dupes, 0 orient drop, 0 length drop, 39 written
2026-04-24 14:31:13,099 - Phyluce - INFO - -------------- Working on Eptatretus_burgeri genome -------------
2026-04-24 14:31:13,100 - Phyluce - INFO - Reading Eptatretus_burgeri genome
2026-04-24 14:31:13,882 - Phyluce - INFO - Eptatretus_burgeri: 58 uces, 20 dupes, 38 non-dupes, 0 orient drop, 1 length drop, 37 written
2026-04-24 14:31:13,882 - Phyluce - INFO - -------------- Working on Petromyzon_marinus genome -------------
2026-04-24 14:31:13,883 - Phyluce - INFO - Reading Petromyzon_marinus genome
2026-04-24 14:31:14,428 - Phyluce - INFO - Petromyzon_marinus: 72 uces, 26 dupes, 46 non-dupes, 0 orient drop, 1 length drop, 45 written
2026-04-24 14:31:14,429 - Phyluce - INFO - ------------ Working on Eptatretus_okinoseanus genome -----------
2026-04-24 14:31:14,429 - Phyluce - INFO - Reading Eptatretus_okinoseanus genome
2026-04-24 14:31:14,908 - Phyluce - INFO - Eptatretus_okinoseanus: 58 uces, 17 dupes, 41 non-dupes, 0 orient drop, 0 length drop, 41 written
2026-04-24 14:31:14,909 - Phyluce - INFO - --------------- Working on Myxine_glutinosa genome --------------
2026-04-24 14:31:14,909 - Phyluce - INFO - Reading Myxine_glutinosa genome
2026-04-24 14:31:15,630 - Phyluce - INFO - Myxine_glutinosa: 55 uces, 19 dupes, 36 non-dupes, 0 orient drop, 1 length drop, 35 written
2026-04-24 14:31:15,630 - Phyluce - INFO - --------------- Working on Eptatretus_atami genome --------------
2026-04-24 14:31:15,631 - Phyluce - INFO - Reading Eptatretus_atami genome
2026-04-24 14:31:16,905 - Phyluce - INFO - Eptatretus_atami: 57 uces, 21 dupes, 36 non-dupes, 0 orient drop, 3 length drop, 33 written
2026-04-24 14:31:16,905 - Phyluce - INFO - ------------- Working on Lampetra_richardsoni genome ------------
2026-04-24 14:31:16,906 - Phyluce - INFO - Reading Lampetra_richardsoni genome
2026-04-24 14:31:19,488 - Phyluce - INFO - Lampetra_richardsoni: 67 uces, 25 dupes, 42 non-dupes, 0 orient drop, 0 length drop, 42 written
2026-04-24 14:31:19,488 - Phyluce - INFO - -------------- Working on Geotria_australis genome --------------
2026-04-24 14:31:19,489 - Phyluce - INFO - Reading Geotria_australis genome
2026-04-24 14:31:20,210 - Phyluce - INFO - Geotria_australis: 67 uces, 27 dupes, 40 non-dupes, 1 orient drop, 0 length drop, 39 written
2026-04-24 14:31:20,210 - Phyluce - INFO - ------------- Working on Lampetra_auremensis genome -------------
2026-04-24 14:31:20,211 - Phyluce - INFO - Reading Lampetra_auremensis genome
2026-04-24 14:31:26,073 - Phyluce - INFO - Lampetra_auremensis: 64 uces, 23 dupes, 41 non-dupes, 0 orient drop, 0 length drop, 41 written
2026-04-24 14:31:26,073 - Phyluce - INFO - -------------- Working on Eudontomyzon_morii genome -------------
2026-04-24 14:31:26,073 - Phyluce - INFO - Reading Eudontomyzon_morii genome
2026-04-24 14:31:26,369 - Phyluce - INFO - Eudontomyzon_morii: 65 uces, 25 dupes, 40 non-dupes, 0 orient drop, 0 length drop, 40 written
2026-04-24 14:31:26,369 - Phyluce - INFO - ----------- Working on Entosphenus_tridentatus genome -----------
2026-04-24 14:31:26,370 - Phyluce - INFO - Reading Entosphenus_tridentatus genome
2026-04-24 14:31:28,528 - Phyluce - INFO - Entosphenus_tridentatus: 63 uces, 22 dupes, 41 non-dupes, 0 orient drop, 0 length drop, 41 written
2026-04-24 14:31:28,529 - Phyluce - INFO - ------------- Working on Hydrolagus_mirabilis genome ------------
2026-04-24 14:31:28,530 - Phyluce - INFO - Reading Hydrolagus_mirabilis genome
2026-04-24 14:31:29,582 - Phyluce - INFO - Hydrolagus_mirabilis: 294 uces, 51 dupes, 243 non-dupes, 2 orient drop, 3 length drop, 238 written
2026-04-24 14:31:29,582 - Phyluce - INFO - ----------- Working on Pristiophorus_japonicus genome -----------
2026-04-24 14:31:29,583 - Phyluce - INFO - Reading Pristiophorus_japonicus genome
2026-04-24 14:31:31,634 - Phyluce - INFO - Pristiophorus_japonicus: 309 uces, 70 dupes, 239 non-dupes, 1 orient drop, 2 length drop, 236 written
2026-04-24 14:31:31,634 - Phyluce - INFO - ---------- Working on Lethenteron_camtschaticum genome ----------
2026-04-24 14:31:31,635 - Phyluce - INFO - Reading Lethenteron_camtschaticum genome
2026-04-24 14:31:32,467 - Phyluce - INFO - Lethenteron_camtschaticum: 64 uces, 30 dupes, 34 non-dupes, 0 orient drop, 0 length drop, 34 written
2026-04-24 14:31:32,467 - Phyluce - INFO - ------------- Working on Stegostoma_tigrinum genome -------------
2026-04-24 14:31:32,467 - Phyluce - INFO - Reading Stegostoma_tigrinum genome
2026-04-24 14:31:34,239 - Phyluce - INFO - Stegostoma_tigrinum: 293 uces, 68 dupes, 225 non-dupes, 1 orient drop, 1 length drop, 223 written
2026-04-24 14:31:34,239 - Phyluce - INFO - ------------ Working on Heterodontus_francisci genome -----------
2026-04-24 14:31:34,240 - Phyluce - INFO - Reading Heterodontus_francisci genome
2026-04-24 14:31:36,361 - Phyluce - INFO - Heterodontus_francisci: 308 uces, 76 dupes, 232 non-dupes, 1 orient drop, 0 length drop, 231 written
2026-04-24 14:31:36,361 - Phyluce - INFO - -------------- Working on Cetorhinus_maximus genome -------------
2026-04-24 14:31:36,362 - Phyluce - INFO - Reading Cetorhinus_maximus genome
Traceback (most recent call last):
  File "/rna/liha/miniconda3/envs/phyluce/bin/phyluce_probe_slice_sequence_from_genomes", line 348, in <module>
    main()
  File "/rna/liha/miniconda3/envs/phyluce/bin/phyluce_probe_slice_sequence_from_genomes", line 287, in main
    all_uce_names, uce_matches, orientation = parse_lastz_file(lz, args.contig_orient, regex)
  File "/rna/liha/miniconda3/envs/phyluce/bin/phyluce_probe_slice_sequence_from_genomes", line 228, in parse_lastz_file
    for lz in lastz.Reader(lz, long_format=True):
  File "/rna/liha/miniconda3/envs/phyluce/lib/python2.7/site-packages/phyluce/lastz.py", line 109, in __init__
    self.file = open(lastz_file, 'rU')
IOError: [Errno 2] No such file or directory: '/rna/liha/phylogenomics_practice/UCE/harvest_UCE/04-lastz-output/actinopterygian_probes.fasta_v_Cetorhinus_maximus.lastz.clean'
Exception AttributeError: "Reader instance has no attribute 'file'" in <bound method Reader.__del__ of <phyluce.lastz.Reader instance at 0x7a30897846c8>> ignored
All tasks completed at Fri Apr 24 02:31:37 PM KST 2026
