Job started on dicer at Thu Jun 25 01:16:07 PM KST 2026
Starting SLIT alignment with PRANK...
Input: /rna/liha/phylogenomics_practice/SLIT2/Scripts/SLIT-homologs-removed-divergent.fasta
Output prefix: /rna/liha/phylogenomics_practice/SLIT2/Alignments/SLIT_prank
PRANK-safe input: /rna/liha/phylogenomics_practice/SLIT2/Alignments/SLIT_prank_input.fasta
Warning autodetection suggests DNA but protein model forced.
Correcting (arbitrarily) for multifurcating nodes.
Correcting (arbitrarily) for multifurcating nodes.

Alignment score: 78124
Correcting (arbitrarily) for multifurcating nodes.

Alignment score: 79485
Correcting (arbitrarily) for multifurcating nodes.

Alignment score: 77152
Correcting (arbitrarily) for multifurcating nodes.

Alignment score: 79450
Correcting (arbitrarily) for multifurcating nodes.

Alignment score: 76888
Correcting (arbitrarily) for multifurcating nodes.

Alignment score: 79071
Correcting (arbitrarily) for multifurcating nodes.

Alignment score: 77391
Correcting (arbitrarily) for multifurcating nodes.

Alignment score: 79352
Correcting (arbitrarily) for multifurcating nodes.

Alignment score: 76908
Correcting (arbitrarily) for multifurcating nodes.

Alignment score: 79261
Correcting (arbitrarily) for multifurcating nodes.

Alignment score: 77476
Correcting (arbitrarily) for multifurcating nodes.

Alignment score: 79192
Correcting (arbitrarily) for multifurcating nodes.

Alignment score: 77371
Correcting (arbitrarily) for multifurcating nodes.

Alignment score: 79079
Correcting (arbitrarily) for multifurcating nodes.

Alignment score: 76994
Correcting (arbitrarily) for multifurcating nodes.

Alignment score: 79234
Correcting (arbitrarily) for multifurcating nodes.

Alignment score: 78633
Correcting (arbitrarily) for multifurcating nodes.

Alignment score: 78343
Correcting (arbitrarily) for multifurcating nodes.

Alignment score: 78207
Correcting (arbitrarily) for multifurcating nodes.

Alignment score: 79501
Correcting (arbitrarily) for multifurcating nodes.

Alignment score: 78148
Correcting (arbitrarily) for multifurcating nodes.

Alignment score: 79489
Correcting (arbitrarily) for multifurcating nodes.

Alignment score: 78138
Correcting (arbitrarily) for multifurcating nodes.

Alignment score: 79500
Correcting (arbitrarily) for multifurcating nodes.

Alignment score: 78148
Correcting (arbitrarily) for multifurcating nodes.

Alignment score: 79440
Correcting (arbitrarily) for multifurcating nodes.

Alignment score: 78141
Correcting (arbitrarily) for multifurcating nodes.

Alignment score: 79436
Correcting (arbitrarily) for multifurcating nodes.

Alignment score: 78143
Correcting (arbitrarily) for multifurcating nodes.

Alignment score: 79500


Writing
 - alignment to '/rna/liha/phylogenomics_practice/SLIT2/Alignments/SLIT_prank.best.fas'

Alignment completed successfully! Output saved to: /rna/liha/phylogenomics_practice/SLIT2/Alignments/SLIT_aligned.fasta
Job ended at Thu Jun 25 06:54:28 PM KST 2026
/var/spool/slurmd/job25870/slurm_script: line 85: N_DONE: unbound variable
Email sent to siwawa@snu.ac.kr
